
 /----------------------------------------------------------------------------\
 |  yosys -- Yosys Open SYnthesis Suite                                       |
 |  Copyright (C) 2012 - 2025  Claire Xenia Wolf <claire@yosyshq.com>         |
 |  Distributed under an ISC-like license, type "license" to see terms        |
 \----------------------------------------------------------------------------/
 Yosys 0.60+64 (git sha1 e3af261e1-dirty, clang++ 17.0.0 -fPIC -O3)

-- Running command `
        read_verilog -icells techlibs/yoyo/cells_sim.v
        read_verilog test_output_epfl/ctrl_lut6d_mapped.v
        hierarchy -check -auto-top
        flatten
        techmap
        opt
        aigmap
        write_aiger test_output_epfl/ctrl_lut6d_gate_cec.aig
    ' --

1. Executing Verilog-2005 frontend: techlibs/yoyo/cells_sim.v
Parsing Verilog input from `techlibs/yoyo/cells_sim.v' to AST representation.
verilog frontend filename techlibs/yoyo/cells_sim.v
Generating RTLIL representation for module `\GTP_LUT1'.
Generating RTLIL representation for module `\GTP_LUT2'.
Generating RTLIL representation for module `\GTP_LUT3'.
Generating RTLIL representation for module `\GTP_LUT4'.
Generating RTLIL representation for module `\GTP_LUT5'.
Generating RTLIL representation for module `\GTP_LUT6'.
Generating RTLIL representation for module `\GTP_LUT6D'.
Generating RTLIL representation for module `\GTP_LUT5D'.
Generating RTLIL representation for module `\GTP_LUT4D'.
Successfully finished Verilog frontend.

2. Executing Verilog-2005 frontend: test_output_epfl/ctrl_lut6d_mapped.v
Parsing Verilog input from `test_output_epfl/ctrl_lut6d_mapped.v' to AST representation.
verilog frontend filename test_output_epfl/ctrl_lut6d_mapped.v
Generating RTLIL representation for module `\/Users/yoyowang/Desktop/benchmark/ctrl.aig'.
Successfully finished Verilog frontend.

3. Executing HIERARCHY pass (managing design hierarchy).
Attribute `top' found on module `/Users/yoyowang/Desktop/benchmark/ctrl.aig'. Setting top module to /Users/yoyowang/Desktop/benchmark/ctrl.aig.

3.1. Analyzing design hierarchy..
Top module:  \/Users/yoyowang/Desktop/benchmark/ctrl.aig
Used module:     \GTP_LUT6
Used module:     \GTP_LUT5
Used module:     \GTP_LUT6D
Used module:     \GTP_LUT4D
Parameter \INIT = 64'1000000010000000000000001000000000000000100000000000000010000000

3.2. Executing AST frontend in derive mode using pre-parsed AST for module `\GTP_LUT6'.
Parameter \INIT = 64'1000000010000000000000001000000000000000100000000000000010000000
Generating RTLIL representation for module `$paramod$95b04fdd6cf4221ab308f4a347e301242dd6eb3f\GTP_LUT6'.
Parameter \INIT = 64'0000000000000000000000000000000000100000000000000000000000000000

3.3. Executing AST frontend in derive mode using pre-parsed AST for module `\GTP_LUT6'.
Parameter \INIT = 64'0000000000000000000000000000000000100000000000000000000000000000
Generating RTLIL representation for module `$paramod$bcc11f6cbd0c3c3a8f5d1c12349b3f25c52d392b\GTP_LUT6'.
Parameter \INIT = 1073741824

3.4. Executing AST frontend in derive mode using pre-parsed AST for module `\GTP_LUT5'.
Parameter \INIT = 1073741824
Generating RTLIL representation for module `$paramod\GTP_LUT5\INIT=32'01000000000000000000000000000000'.
Parameter \INIT = 64'0011101100110011001110110011001100111011001100110000100000000000

3.5. Executing AST frontend in derive mode using pre-parsed AST for module `\GTP_LUT6'.
Parameter \INIT = 64'0011101100110011001110110011001100111011001100110000100000000000
Generating RTLIL representation for module `$paramod$4515be0c30c08f073988f8bc4ed3876b309d1a3b\GTP_LUT6'.
Parameter \INIT = 64'0111111100001111000011110000111101110000000000000000000000000000

3.6. Executing AST frontend in derive mode using pre-parsed AST for module `\GTP_LUT6'.
Parameter \INIT = 64'0111111100001111000011110000111101110000000000000000000000000000
Generating RTLIL representation for module `$paramod$4ea40069f7a4ef6ed03969fef81feac075f15925\GTP_LUT6'.
Parameter \INIT = 64'1100110011001100111011101100110000000000000000000000001000000000

3.7. Executing AST frontend in derive mode using pre-parsed AST for module `\GTP_LUT6'.
Parameter \INIT = 64'1100110011001100111011101100110000000000000000000000001000000000
Generating RTLIL representation for module `$paramod$db11fdce2e94d7fcd4ed90a64bb05c4798496ad9\GTP_LUT6'.
Parameter \INIT = 64'0111100000000000000010100000000001110000000000000000101000000000

3.8. Executing AST frontend in derive mode using pre-parsed AST for module `\GTP_LUT6'.
Parameter \INIT = 64'0111100000000000000010100000000001110000000000000000101000000000
Generating RTLIL representation for module `$paramod$4a58b4e44dd33ed5fd7ae6d51b13b8541208abfd\GTP_LUT6'.
Parameter \INIT = 32'10100001000000000000000011000000

3.9. Executing AST frontend in derive mode using pre-parsed AST for module `\GTP_LUT5'.
Parameter \INIT = 32'10100001000000000000000011000000
Generating RTLIL representation for module `$paramod\GTP_LUT5\INIT=32'10100001000000000000000011000000'.
Parameter \INIT = 64'0010100000100000000010000010000000000000000011000000000000001100

3.10. Executing AST frontend in derive mode using pre-parsed AST for module `\GTP_LUT6D'.
Parameter \INIT = 64'0010100000100000000010000010000000000000000011000000000000001100
Generating RTLIL representation for module `$paramod$7b99fb70575634191fb0a1e0372eed5e224eb109\GTP_LUT6D'.
Parameter \INIT = 64'1111111000000000000000001100000011111000000011110000111100000000

3.11. Executing AST frontend in derive mode using pre-parsed AST for module `\GTP_LUT6D'.
Parameter \INIT = 64'1111111000000000000000001100000011111000000011110000111100000000
Generating RTLIL representation for module `$paramod$c31c7cd1939929ea26a8631ced6c473d379152c4\GTP_LUT6D'.
Parameter \INIT = 64'1100000000000100000000001100000011111111111111100000111111000000

3.12. Executing AST frontend in derive mode using pre-parsed AST for module `\GTP_LUT6D'.
Parameter \INIT = 64'1100000000000100000000001100000011111111111111100000111111000000
Generating RTLIL representation for module `$paramod$a3d9f4672df64ee906934c65bdaf6e6e8521b8f3\GTP_LUT6D'.
Parameter \INIT = 64'0000000100000100000011000000000000000001111111110000001100000000

3.13. Executing AST frontend in derive mode using pre-parsed AST for module `\GTP_LUT6D'.
Parameter \INIT = 64'0000000100000100000011000000000000000001111111110000001100000000
Generating RTLIL representation for module `$paramod$bcb28b66e7eb7f567963b4c8c324de744b12856f\GTP_LUT6D'.
Parameter \INIT = 64'0000000000000010000000000000000000000001000011000000000011000000

3.14. Executing AST frontend in derive mode using pre-parsed AST for module `\GTP_LUT6D'.
Parameter \INIT = 64'0000000000000010000000000000000000000001000011000000000011000000
Generating RTLIL representation for module `$paramod$bec6aeae14c781ca43e3f15ab903f3f21d6eaf34\GTP_LUT6D'.
Parameter \INIT = 64'0000000000000000010000000000000000000000000010010000000000000000

3.15. Executing AST frontend in derive mode using pre-parsed AST for module `\GTP_LUT6D'.
Parameter \INIT = 64'0000000000000000010000000000000000000000000010010000000000000000
Generating RTLIL representation for module `$paramod$cbe57e3746d95d1331a3cc7cf779f7abd026d04c\GTP_LUT6D'.
Parameter \INIT = 64'0000000000000000001000000000000000000000000000001000000000000000

3.16. Executing AST frontend in derive mode using pre-parsed AST for module `\GTP_LUT6D'.
Parameter \INIT = 64'0000000000000000001000000000000000000000000000001000000000000000
Generating RTLIL representation for module `$paramod$0e3004166d855d989f9ae0bb67afd4052d4d1b47\GTP_LUT6D'.
Parameter \INIT = 64'0000000000000000000000000000000100000000000000000001000000000000

3.17. Executing AST frontend in derive mode using pre-parsed AST for module `\GTP_LUT6D'.
Parameter \INIT = 64'0000000000000000000000000000000100000000000000000001000000000000
Generating RTLIL representation for module `$paramod$cbc1cf608b0e5909a19bf65d7694393ca108299e\GTP_LUT6D'.
Parameter \INIT = 64'0000001100000100000000001100000000001100111110110000111100000000

3.18. Executing AST frontend in derive mode using pre-parsed AST for module `\GTP_LUT6D'.
Parameter \INIT = 64'0000001100000100000000001100000000001100111110110000111100000000
Generating RTLIL representation for module `$paramod$45925b56f79052c2804bf534265260a10311aacc\GTP_LUT6D'.
Parameter \INIT = 16'1000100001000100

3.19. Executing AST frontend in derive mode using pre-parsed AST for module `\GTP_LUT4D'.
Parameter \INIT = 16'1000100001000100
Generating RTLIL representation for module `$paramod\GTP_LUT4D\INIT=16'1000100001000100'.

3.20. Analyzing design hierarchy..
Top module:  \/Users/yoyowang/Desktop/benchmark/ctrl.aig
Used module:     $paramod$95b04fdd6cf4221ab308f4a347e301242dd6eb3f\GTP_LUT6
Used module:     $paramod$bcc11f6cbd0c3c3a8f5d1c12349b3f25c52d392b\GTP_LUT6
Used module:     $paramod\GTP_LUT5\INIT=32'01000000000000000000000000000000
Used module:     $paramod$4515be0c30c08f073988f8bc4ed3876b309d1a3b\GTP_LUT6
Used module:     $paramod$4ea40069f7a4ef6ed03969fef81feac075f15925\GTP_LUT6
Used module:     $paramod$db11fdce2e94d7fcd4ed90a64bb05c4798496ad9\GTP_LUT6
Used module:     $paramod$4a58b4e44dd33ed5fd7ae6d51b13b8541208abfd\GTP_LUT6
Used module:     $paramod\GTP_LUT5\INIT=32'10100001000000000000000011000000
Used module:     $paramod$7b99fb70575634191fb0a1e0372eed5e224eb109\GTP_LUT6D
Used module:     $paramod$c31c7cd1939929ea26a8631ced6c473d379152c4\GTP_LUT6D
Used module:     $paramod$a3d9f4672df64ee906934c65bdaf6e6e8521b8f3\GTP_LUT6D
Used module:     $paramod$bcb28b66e7eb7f567963b4c8c324de744b12856f\GTP_LUT6D
Used module:     $paramod$bec6aeae14c781ca43e3f15ab903f3f21d6eaf34\GTP_LUT6D
Used module:     $paramod$cbe57e3746d95d1331a3cc7cf779f7abd026d04c\GTP_LUT6D
Used module:     $paramod$0e3004166d855d989f9ae0bb67afd4052d4d1b47\GTP_LUT6D
Used module:     $paramod$cbc1cf608b0e5909a19bf65d7694393ca108299e\GTP_LUT6D
Used module:     $paramod$45925b56f79052c2804bf534265260a10311aacc\GTP_LUT6D
Used module:     $paramod\GTP_LUT4D\INIT=16'1000100001000100

3.21. Analyzing design hierarchy..
Top module:  \/Users/yoyowang/Desktop/benchmark/ctrl.aig
Used module:     $paramod$95b04fdd6cf4221ab308f4a347e301242dd6eb3f\GTP_LUT6
Used module:     $paramod$bcc11f6cbd0c3c3a8f5d1c12349b3f25c52d392b\GTP_LUT6
Used module:     $paramod\GTP_LUT5\INIT=32'01000000000000000000000000000000
Used module:     $paramod$4515be0c30c08f073988f8bc4ed3876b309d1a3b\GTP_LUT6
Used module:     $paramod$4ea40069f7a4ef6ed03969fef81feac075f15925\GTP_LUT6
Used module:     $paramod$db11fdce2e94d7fcd4ed90a64bb05c4798496ad9\GTP_LUT6
Used module:     $paramod$4a58b4e44dd33ed5fd7ae6d51b13b8541208abfd\GTP_LUT6
Used module:     $paramod\GTP_LUT5\INIT=32'10100001000000000000000011000000
Used module:     $paramod$7b99fb70575634191fb0a1e0372eed5e224eb109\GTP_LUT6D
Used module:     $paramod$c31c7cd1939929ea26a8631ced6c473d379152c4\GTP_LUT6D
Used module:     $paramod$a3d9f4672df64ee906934c65bdaf6e6e8521b8f3\GTP_LUT6D
Used module:     $paramod$bcb28b66e7eb7f567963b4c8c324de744b12856f\GTP_LUT6D
Used module:     $paramod$bec6aeae14c781ca43e3f15ab903f3f21d6eaf34\GTP_LUT6D
Used module:     $paramod$cbe57e3746d95d1331a3cc7cf779f7abd026d04c\GTP_LUT6D
Used module:     $paramod$0e3004166d855d989f9ae0bb67afd4052d4d1b47\GTP_LUT6D
Used module:     $paramod$cbc1cf608b0e5909a19bf65d7694393ca108299e\GTP_LUT6D
Used module:     $paramod$45925b56f79052c2804bf534265260a10311aacc\GTP_LUT6D
Used module:     $paramod\GTP_LUT4D\INIT=16'1000100001000100
Removing unused module `\GTP_LUT4D'.
Removing unused module `\GTP_LUT5D'.
Removing unused module `\GTP_LUT6D'.
Removing unused module `\GTP_LUT6'.
Removing unused module `\GTP_LUT5'.
Removing unused module `\GTP_LUT4'.
Removing unused module `\GTP_LUT3'.
Removing unused module `\GTP_LUT2'.
Removing unused module `\GTP_LUT1'.
Removed 9 unused modules.

4. Executing FLATTEN pass (flatten design).
Deleting now unused module $paramod$7b99fb70575634191fb0a1e0372eed5e224eb109\GTP_LUT6D.
Deleting now unused module $paramod\GTP_LUT5\INIT=32'10100001000000000000000011000000.
Deleting now unused module $paramod$4a58b4e44dd33ed5fd7ae6d51b13b8541208abfd\GTP_LUT6.
Deleting now unused module $paramod$db11fdce2e94d7fcd4ed90a64bb05c4798496ad9\GTP_LUT6.
Deleting now unused module $paramod$4ea40069f7a4ef6ed03969fef81feac075f15925\GTP_LUT6.
Deleting now unused module $paramod$4515be0c30c08f073988f8bc4ed3876b309d1a3b\GTP_LUT6.
Deleting now unused module $paramod\GTP_LUT5\INIT=32'01000000000000000000000000000000.
Deleting now unused module $paramod$bcc11f6cbd0c3c3a8f5d1c12349b3f25c52d392b\GTP_LUT6.
Deleting now unused module $paramod$95b04fdd6cf4221ab308f4a347e301242dd6eb3f\GTP_LUT6.
Deleting now unused module $paramod\GTP_LUT4D\INIT=16'1000100001000100.
Deleting now unused module $paramod$45925b56f79052c2804bf534265260a10311aacc\GTP_LUT6D.
Deleting now unused module $paramod$cbc1cf608b0e5909a19bf65d7694393ca108299e\GTP_LUT6D.
Deleting now unused module $paramod$0e3004166d855d989f9ae0bb67afd4052d4d1b47\GTP_LUT6D.
Deleting now unused module $paramod$cbe57e3746d95d1331a3cc7cf779f7abd026d04c\GTP_LUT6D.
Deleting now unused module $paramod$bec6aeae14c781ca43e3f15ab903f3f21d6eaf34\GTP_LUT6D.
Deleting now unused module $paramod$bcb28b66e7eb7f567963b4c8c324de744b12856f\GTP_LUT6D.
Deleting now unused module $paramod$a3d9f4672df64ee906934c65bdaf6e6e8521b8f3\GTP_LUT6D.
Deleting now unused module $paramod$c31c7cd1939929ea26a8631ced6c473d379152c4\GTP_LUT6D.
<suppressed ~18 debug messages>

5. Executing TECHMAP pass (map to technology primitives).

5.1. Executing Verilog-2005 frontend: /Users/yoyowang/Desktop/yosysDualOutputLUT/share/techmap.v
Parsing Verilog input from `/Users/yoyowang/Desktop/yosysDualOutputLUT/share/techmap.v' to AST representation.
verilog frontend filename /Users/yoyowang/Desktop/yosysDualOutputLUT/share/techmap.v
Generating RTLIL representation for module `\_90_simplemap_bool_ops'.
Generating RTLIL representation for module `\_90_simplemap_reduce_ops'.
Generating RTLIL representation for module `\_90_simplemap_logic_ops'.
Generating RTLIL representation for module `\_90_simplemap_compare_ops'.
Generating RTLIL representation for module `\_90_simplemap_various'.
Generating RTLIL representation for module `\_90_simplemap_registers'.
Generating RTLIL representation for module `\_90_shift_ops_shr_shl_sshl_sshr'.
Generating RTLIL representation for module `\_90_shift_shiftx'.
Generating RTLIL representation for module `\_90_fa'.
Generating RTLIL representation for module `\_90_lcu_brent_kung'.
Generating RTLIL representation for module `\_90_alu'.
Generating RTLIL representation for module `\_90_macc'.
Generating RTLIL representation for module `\_90_alumacc'.
Generating RTLIL representation for module `\$__div_mod_u'.
Generating RTLIL representation for module `\$__div_mod_trunc'.
Generating RTLIL representation for module `\_90_div'.
Generating RTLIL representation for module `\_90_mod'.
Generating RTLIL representation for module `\$__div_mod_floor'.
Generating RTLIL representation for module `\_90_divfloor'.
Generating RTLIL representation for module `\_90_modfloor'.
Generating RTLIL representation for module `\_90_pow'.
Generating RTLIL representation for module `\_90_pmux'.
Generating RTLIL representation for module `\_90_demux'.
Generating RTLIL representation for module `\_90_lut'.
Generating RTLIL representation for module `\$connect'.
Generating RTLIL representation for module `\$input_port'.
Successfully finished Verilog frontend.

5.2. Continuing TECHMAP pass.
Using extmapper simplemap for cells of type $mux.
Using extmapper simplemap for cells of type $lut.
No more expansions possible.
<suppressed ~191 debug messages>

6. Executing OPT pass (performing simple optimizations).

6.1. Executing OPT_EXPR pass (perform const folding).
Optimizing module /Users/yoyowang/Desktop/benchmark/ctrl.aig.
<suppressed ~1030 debug messages>

6.2. Executing OPT_MERGE pass (detect identical cells).
Finding identical cells in module `\/Users/yoyowang/Desktop/benchmark/ctrl.aig'.
<suppressed ~438 debug messages>
Removed a total of 146 cells.

6.3. Executing OPT_MUXTREE pass (detect dead branches in mux trees).
Running muxtree optimizer on module \/Users/yoyowang/Desktop/benchmark/ctrl.aig..
  Creating internal representation of mux trees.
  No muxes found in this module.
Removed 0 multiplexer ports.

6.4. Executing OPT_REDUCE pass (consolidate $*mux and $reduce_* inputs).
  Optimizing cells in module \/Users/yoyowang/Desktop/benchmark/ctrl.aig.
Performed a total of 0 changes.

6.5. Executing OPT_MERGE pass (detect identical cells).
Finding identical cells in module `\/Users/yoyowang/Desktop/benchmark/ctrl.aig'.
Removed a total of 0 cells.

6.6. Executing OPT_DFF pass (perform DFF optimizations).

6.7. Executing OPT_CLEAN pass (remove unused cells and wires).
Finding unused cells or wires in module \/Users/yoyowang/Desktop/benchmark/ctrl.aig..
Removed 0 unused cells and 128 unused wires.
<suppressed ~1 debug messages>

6.8. Executing OPT_EXPR pass (perform const folding).
Optimizing module /Users/yoyowang/Desktop/benchmark/ctrl.aig.
<suppressed ~9 debug messages>

6.9. Rerunning OPT passes. (Maybe there is more to do..)

6.10. Executing OPT_MUXTREE pass (detect dead branches in mux trees).
Running muxtree optimizer on module \/Users/yoyowang/Desktop/benchmark/ctrl.aig..
  Creating internal representation of mux trees.
  No muxes found in this module.
Removed 0 multiplexer ports.

6.11. Executing OPT_REDUCE pass (consolidate $*mux and $reduce_* inputs).
  Optimizing cells in module \/Users/yoyowang/Desktop/benchmark/ctrl.aig.
Performed a total of 0 changes.

6.12. Executing OPT_MERGE pass (detect identical cells).
Finding identical cells in module `\/Users/yoyowang/Desktop/benchmark/ctrl.aig'.
Removed a total of 0 cells.

6.13. Executing OPT_DFF pass (perform DFF optimizations).

6.14. Executing OPT_CLEAN pass (remove unused cells and wires).
Finding unused cells or wires in module \/Users/yoyowang/Desktop/benchmark/ctrl.aig..

6.15. Executing OPT_EXPR pass (perform const folding).
Optimizing module /Users/yoyowang/Desktop/benchmark/ctrl.aig.

6.16. Finished fast OPT passes. (There is nothing left to do.)

7. Executing AIGMAP pass (map logic to AIG).
Module /Users/yoyowang/Desktop/benchmark/ctrl.aig: replaced 120 cells with 840 new cells, skipped 21 cells.
  replaced 1 cell types:
     120 $_MUX_
  not replaced 2 cell types:
       3 $_NOT_
      18 $scopeinfo

8. Executing AIGER backend.
Warning: Treating undriven bit /Users/yoyowang/Desktop/benchmark/ctrl.aig.\opcode[0] like $anyseq.
Warning: Treating undriven bit /Users/yoyowang/Desktop/benchmark/ctrl.aig.\opcode[1] like $anyseq.
Warning: Treating undriven bit /Users/yoyowang/Desktop/benchmark/ctrl.aig.\opcode[2] like $anyseq.
Warning: Treating undriven bit /Users/yoyowang/Desktop/benchmark/ctrl.aig.\opcode[3] like $anyseq.
Warning: Treating undriven bit /Users/yoyowang/Desktop/benchmark/ctrl.aig.\opcode[4] like $anyseq.
Warning: Treating undriven bit /Users/yoyowang/Desktop/benchmark/ctrl.aig.\op_ext[0] like $anyseq.
Warning: Treating undriven bit /Users/yoyowang/Desktop/benchmark/ctrl.aig.\op_ext[1] like $anyseq.
Warning: Treating a total of 7 undriven bits in /Users/yoyowang/Desktop/benchmark/ctrl.aig like $anyseq.

Warnings: 8 unique messages, 8 total
End of script. Logfile hash: 34b88d1b3f, CPU: user 0.02s system 0.00s, MEM: 17.36 MB peak
Yosys 0.60+64 (git sha1 e3af261e1-dirty, clang++ 17.0.0 -fPIC -O3)
Time spent: 34% 5x read_verilog (0 sec), 19% 3x opt_expr (0 sec), ...
