
 /----------------------------------------------------------------------------\
 |  yosys -- Yosys Open SYnthesis Suite                                       |
 |  Copyright (C) 2012 - 2025  Claire Xenia Wolf <claire@yosyshq.com>         |
 |  Distributed under an ISC-like license, type "license" to see terms        |
 \----------------------------------------------------------------------------/
 Yosys 0.60+64 (git sha1 e3af261e1-dirty, clang++ 17.0.0 -fPIC -O3)

-- Running command `
        read_aiger /Users/yoyowang/Desktop/benchmark/dec.aig
        hierarchy -check -auto-top
        proc; opt; techmap; opt;
        # 先用ABC生成K=6单输出LUT基线，再由lut6d_map执行双输出打包
        abc -lut 6
        opt
        lut6d_map
        clean
        stat
        write_verilog test_output_epfl/dec_lut6d_mapped.v
    ' --

1. Executing AIGER frontend.
<suppressed ~1 debug messages>
Removed 0 unused cells and 264 unused wires.

2. Executing HIERARCHY pass (managing design hierarchy).

2.1. Finding top of design hierarchy..
root of   0 design levels: /Users/yoyowang/Desktop/benchmark/dec.aig
Automatically selected /Users/yoyowang/Desktop/benchmark/dec.aig as design top module.

2.2. Analyzing design hierarchy..
Top module:  \/Users/yoyowang/Desktop/benchmark/dec.aig

2.3. Analyzing design hierarchy..
Top module:  \/Users/yoyowang/Desktop/benchmark/dec.aig
Removed 0 unused modules.

3. Executing PROC pass (convert processes to netlists).

3.1. Executing PROC_CLEAN pass (remove empty switches from decision trees).
Cleaned up 0 empty switches.

3.2. Executing PROC_RMDEAD pass (remove dead branches from decision trees).
Removed a total of 0 dead cases.

3.3. Executing PROC_PRUNE pass (remove redundant assignments in processes).
Removed 0 redundant assignments.
Promoted 0 assignments to connections.

3.4. Executing PROC_INIT pass (extract init attributes).

3.5. Executing PROC_ARST pass (detect async resets in processes).

3.6. Executing PROC_ROM pass (convert switches to ROMs).
Converted 0 switches.

3.7. Executing PROC_MUX pass (convert decision trees to multiplexers).

3.8. Executing PROC_DLATCH pass (convert process syncs to latches).

3.9. Executing PROC_DFF pass (convert process syncs to FFs).

3.10. Executing PROC_MEMWR pass (convert process memory writes to cells).

3.11. Executing PROC_CLEAN pass (remove empty switches from decision trees).
Cleaned up 0 empty switches.

3.12. Executing OPT_EXPR pass (perform const folding).
Optimizing module /Users/yoyowang/Desktop/benchmark/dec.aig.

4. Executing OPT pass (performing simple optimizations).

4.1. Executing OPT_EXPR pass (perform const folding).
Optimizing module /Users/yoyowang/Desktop/benchmark/dec.aig.

4.2. Executing OPT_MERGE pass (detect identical cells).
Finding identical cells in module `\/Users/yoyowang/Desktop/benchmark/dec.aig'.
Removed a total of 0 cells.

4.3. Executing OPT_MUXTREE pass (detect dead branches in mux trees).
Running muxtree optimizer on module \/Users/yoyowang/Desktop/benchmark/dec.aig..
  Creating internal representation of mux trees.
  No muxes found in this module.
Removed 0 multiplexer ports.

4.4. Executing OPT_REDUCE pass (consolidate $*mux and $reduce_* inputs).
  Optimizing cells in module \/Users/yoyowang/Desktop/benchmark/dec.aig.
Performed a total of 0 changes.

4.5. Executing OPT_MERGE pass (detect identical cells).
Finding identical cells in module `\/Users/yoyowang/Desktop/benchmark/dec.aig'.
Removed a total of 0 cells.

4.6. Executing OPT_DFF pass (perform DFF optimizations).

4.7. Executing OPT_CLEAN pass (remove unused cells and wires).
Finding unused cells or wires in module \/Users/yoyowang/Desktop/benchmark/dec.aig..

4.8. Executing OPT_EXPR pass (perform const folding).
Optimizing module /Users/yoyowang/Desktop/benchmark/dec.aig.

4.9. Finished fast OPT passes. (There is nothing left to do.)

5. Executing TECHMAP pass (map to technology primitives).

5.1. Executing Verilog-2005 frontend: /Users/yoyowang/Desktop/yosysDualOutputLUT/share/techmap.v
Parsing Verilog input from `/Users/yoyowang/Desktop/yosysDualOutputLUT/share/techmap.v' to AST representation.
verilog frontend filename /Users/yoyowang/Desktop/yosysDualOutputLUT/share/techmap.v
Generating RTLIL representation for module `\_90_simplemap_bool_ops'.
Generating RTLIL representation for module `\_90_simplemap_reduce_ops'.
Generating RTLIL representation for module `\_90_simplemap_logic_ops'.
Generating RTLIL representation for module `\_90_simplemap_compare_ops'.
Generating RTLIL representation for module `\_90_simplemap_various'.
Generating RTLIL representation for module `\_90_simplemap_registers'.
Generating RTLIL representation for module `\_90_shift_ops_shr_shl_sshl_sshr'.
Generating RTLIL representation for module `\_90_shift_shiftx'.
Generating RTLIL representation for module `\_90_fa'.
Generating RTLIL representation for module `\_90_lcu_brent_kung'.
Generating RTLIL representation for module `\_90_alu'.
Generating RTLIL representation for module `\_90_macc'.
Generating RTLIL representation for module `\_90_alumacc'.
Generating RTLIL representation for module `\$__div_mod_u'.
Generating RTLIL representation for module `\$__div_mod_trunc'.
Generating RTLIL representation for module `\_90_div'.
Generating RTLIL representation for module `\_90_mod'.
Generating RTLIL representation for module `\$__div_mod_floor'.
Generating RTLIL representation for module `\_90_divfloor'.
Generating RTLIL representation for module `\_90_modfloor'.
Generating RTLIL representation for module `\_90_pow'.
Generating RTLIL representation for module `\_90_pmux'.
Generating RTLIL representation for module `\_90_demux'.
Generating RTLIL representation for module `\_90_lut'.
Generating RTLIL representation for module `\$connect'.
Generating RTLIL representation for module `\$input_port'.
Successfully finished Verilog frontend.

5.2. Continuing TECHMAP pass.
No more expansions possible.
<suppressed ~77 debug messages>

6. Executing OPT pass (performing simple optimizations).

6.1. Executing OPT_EXPR pass (perform const folding).
Optimizing module /Users/yoyowang/Desktop/benchmark/dec.aig.

6.2. Executing OPT_MERGE pass (detect identical cells).
Finding identical cells in module `\/Users/yoyowang/Desktop/benchmark/dec.aig'.
Removed a total of 0 cells.

6.3. Executing OPT_MUXTREE pass (detect dead branches in mux trees).
Running muxtree optimizer on module \/Users/yoyowang/Desktop/benchmark/dec.aig..
  Creating internal representation of mux trees.
  No muxes found in this module.
Removed 0 multiplexer ports.

6.4. Executing OPT_REDUCE pass (consolidate $*mux and $reduce_* inputs).
  Optimizing cells in module \/Users/yoyowang/Desktop/benchmark/dec.aig.
Performed a total of 0 changes.

6.5. Executing OPT_MERGE pass (detect identical cells).
Finding identical cells in module `\/Users/yoyowang/Desktop/benchmark/dec.aig'.
Removed a total of 0 cells.

6.6. Executing OPT_DFF pass (perform DFF optimizations).

6.7. Executing OPT_CLEAN pass (remove unused cells and wires).
Finding unused cells or wires in module \/Users/yoyowang/Desktop/benchmark/dec.aig..

6.8. Executing OPT_EXPR pass (perform const folding).
Optimizing module /Users/yoyowang/Desktop/benchmark/dec.aig.

6.9. Finished fast OPT passes. (There is nothing left to do.)

7. Executing ABC pass (technology mapping using ABC).

7.1. Extracting gate netlist of module `\/Users/yoyowang/Desktop/benchmark/dec.aig' to `<abc-temp-dir>/input.blif'..

7.1.1. Executed ABC.
Extracted 312 gates and 320 wires to a netlist network with 8 inputs and 256 outputs.
Running ABC script: <abc-temp-dir>/abc.script
ABC: 
ABC: ======== ABC command line "source <abc-temp-dir>/abc.script"
ABC: + read_blif <abc-temp-dir>/input.blif 
ABC: + read_lut /var/folders/6m/kyf8390j1xl9kqlndxdjdvfc0000gn/T/yosys-abc-ns7Kw2/lutdefs.txt 
ABC: + strash 
ABC: + &get -n 
ABC: + &fraig -x 
ABC: + &put 
ABC: + scorr 
ABC: Warning: The network is combinational (run "fraig" or "fraig_sweep").
ABC: + dc2 
ABC: + dretime 
ABC: + strash 
ABC: + dch -f 
ABC: + if 
ABC: + mfs2 
ABC: + lutpack -S 1 
ABC: + write_blif <abc-temp-dir>/output.blif 

7.1.2. Re-integrating ABC results.
ABC RESULTS:              $lut cells:      287
ABC RESULTS:        internal signals:       56
ABC RESULTS:           input signals:        8
ABC RESULTS:          output signals:      256
Removing temp directory.
Removing global temp directory.

8. Executing OPT pass (performing simple optimizations).

8.1. Executing OPT_EXPR pass (perform const folding).
Optimizing module /Users/yoyowang/Desktop/benchmark/dec.aig.

8.2. Executing OPT_MERGE pass (detect identical cells).
Finding identical cells in module `\/Users/yoyowang/Desktop/benchmark/dec.aig'.
Removed a total of 0 cells.

8.3. Executing OPT_MUXTREE pass (detect dead branches in mux trees).
Running muxtree optimizer on module \/Users/yoyowang/Desktop/benchmark/dec.aig..
  Creating internal representation of mux trees.
  No muxes found in this module.
Removed 0 multiplexer ports.

8.4. Executing OPT_REDUCE pass (consolidate $*mux and $reduce_* inputs).
  Optimizing cells in module \/Users/yoyowang/Desktop/benchmark/dec.aig.
Performed a total of 0 changes.

8.5. Executing OPT_MERGE pass (detect identical cells).
Finding identical cells in module `\/Users/yoyowang/Desktop/benchmark/dec.aig'.
Removed a total of 0 cells.

8.6. Executing OPT_DFF pass (perform DFF optimizations).

8.7. Executing OPT_CLEAN pass (remove unused cells and wires).
Finding unused cells or wires in module \/Users/yoyowang/Desktop/benchmark/dec.aig..
Removed 0 unused cells and 320 unused wires.
<suppressed ~1 debug messages>

8.8. Executing OPT_EXPR pass (perform const folding).
Optimizing module /Users/yoyowang/Desktop/benchmark/dec.aig.

8.9. Rerunning OPT passes. (Maybe there is more to do..)

8.10. Executing OPT_MUXTREE pass (detect dead branches in mux trees).
Running muxtree optimizer on module \/Users/yoyowang/Desktop/benchmark/dec.aig..
  Creating internal representation of mux trees.
  No muxes found in this module.
Removed 0 multiplexer ports.

8.11. Executing OPT_REDUCE pass (consolidate $*mux and $reduce_* inputs).
  Optimizing cells in module \/Users/yoyowang/Desktop/benchmark/dec.aig.
Performed a total of 0 changes.

8.12. Executing OPT_MERGE pass (detect identical cells).
Finding identical cells in module `\/Users/yoyowang/Desktop/benchmark/dec.aig'.
Removed a total of 0 cells.

8.13. Executing OPT_DFF pass (perform DFF optimizations).

8.14. Executing OPT_CLEAN pass (remove unused cells and wires).
Finding unused cells or wires in module \/Users/yoyowang/Desktop/benchmark/dec.aig..

8.15. Executing OPT_EXPR pass (perform const folding).
Optimizing module /Users/yoyowang/Desktop/benchmark/dec.aig.

8.16. Finished fast OPT passes. (There is nothing left to do.)

9. Start MapperPass

10. Continuing MapperPass pass.
Cleaning up global data structures...
Memory cleanup complete.
Runtime budget: gates=287 cuts=64 pairs=32 disjoint=24 layer_cuts=4 i5=6 rounds=4 postpack1_win=0 postpack2_limit=512 postpack2_win=0 postpack2_chunks=1 seed_mul=10
Initializing estimated reference counts (ABC-style)...
Phase 1: Generating cuts for all nodes...

Phase 2: Computing arrival and required times (ABC-style)...
  Computing arrival times (forward pass)...
  Computing required times (backward pass)...
    Global max arrival time (critical path): 3.00
    Found 0 nodes on or near critical path (slack < 0.5)

Phase 2.25: Recomputing ref-counts from best cuts...

Phase 2.5: Multi-round mapping optimization (ABC-style, 4 rounds)...
  Round 1: delay optimization...
  Computing arrival times (forward pass)...
    Round 1 result: estimated LUTs=287, max_delay=2.0, changed=0
  Round 2: area optimization...
  Computing arrival times (forward pass)...
    Round 2 result: estimated LUTs=287, max_delay=2.0, changed=0
    Early stop: best cuts converged at round 2

Phase 2.75: Exact area-recovery rounds (2 rounds)...
  Computing arrival times (forward pass)...
    Final area round 1: changed=0

Phase 3: Skipping non-decision bit-state simulation...

Pre-computing protected signals (all best cut leaves)...
  Total protected signals: 39

=== Covering Mode 1: Standard dual-enabled ===

=== Layer-Based Covering Algorithm ===
  Dual-output pairing: enabled
  Layer 1: 256 signals to cover
Warning: Layer covering: no valid LUT6D mapping for $abc$77$auto$blifparse.cc:536:parse_blif$355/$abc$77$auto$blifparse.cc:536:parse_blif$364 (shared=4, total_inputs=6)
Warning:     shared inputs: \count[6] \count[7] \count[4] \count[5]
Warning:     node cut leaves: \count[5] \count[4] $abc$77$new_n280 \count[7] \count[6]
Warning:     cand cut leaves: \count[5] \count[4] $abc$77$new_n298 \count[7] \count[6]
Warning:     merged cut leaves: $abc$77$new_n298 \count[5] \count[4] $abc$77$new_n280 \count[7] \count[6]
Warning:     potential I5: \count[5] \count[4] \count[7] \count[6] $abc$77$new_n298 $abc$77$new_n280
Warning: Layer covering: no valid LUT6D mapping for $abc$77$auto$blifparse.cc:536:parse_blif$355/$abc$77$auto$blifparse.cc:536:parse_blif$364 (shared=4, total_inputs=6)
Warning:     shared inputs: \count[6] \count[7] \count[4] \count[5]
Warning:     node cut leaves: \count[5] \count[4] $abc$77$new_n280 \count[7] \count[6]
Warning:     cand cut leaves: \count[5] \count[4] $abc$77$new_n298 \count[7] \count[6]
Warning:     merged cut leaves: $abc$77$new_n298 \count[5] \count[4] $abc$77$new_n280 \count[7] \count[6]
Warning:     potential I5: \count[5] \count[4] \count[7] \count[6] $abc$77$new_n298 $abc$77$new_n280
Warning: Layer covering: no valid LUT6D mapping for $abc$77$auto$blifparse.cc:536:parse_blif$355/$abc$77$auto$blifparse.cc:536:parse_blif$364 (shared=4, total_inputs=6)
Warning:     shared inputs: \count[6] \count[7] \count[4] \count[5]
Warning:     node cut leaves: \count[5] \count[4] $abc$77$new_n280 \count[7] \count[6]
Warning:     cand cut leaves: \count[5] \count[4] $abc$77$new_n298 \count[7] \count[6]
Warning:     merged cut leaves: $abc$77$new_n298 \count[5] \count[4] $abc$77$new_n280 \count[7] \count[6]
Warning:     potential I5: \count[5] \count[4] \count[7] \count[6] $abc$77$new_n298 $abc$77$new_n280
Warning: Layer covering: no valid LUT6D mapping for $abc$77$auto$blifparse.cc:536:parse_blif$355/$abc$77$auto$blifparse.cc:536:parse_blif$364 (shared=4, total_inputs=6)
Warning:     shared inputs: \count[6] \count[7] \count[4] \count[5]
Warning:     node cut leaves: \count[5] \count[4] $abc$77$new_n280 \count[7] \count[6]
Warning:     cand cut leaves: \count[5] \count[4] $abc$77$new_n298 \count[7] \count[6]
Warning:     merged cut leaves: $abc$77$new_n298 \count[5] \count[4] $abc$77$new_n280 \count[7] \count[6]
Warning:     potential I5: \count[5] \count[4] \count[7] \count[6] $abc$77$new_n298 $abc$77$new_n280
Warning: Layer covering: no valid LUT6D mapping for $abc$77$auto$blifparse.cc:536:parse_blif$355/$abc$77$auto$blifparse.cc:536:parse_blif$363 (shared=4, total_inputs=6)
Warning:     shared inputs: \count[6] \count[7] \count[4] \count[5]
Warning:     node cut leaves: \count[5] \count[4] $abc$77$new_n280 \count[7] \count[6]
Warning:     cand cut leaves: \count[5] \count[4] $abc$77$new_n296 \count[7] \count[6]
Warning:     merged cut leaves: $abc$77$new_n296 \count[5] \count[4] $abc$77$new_n280 \count[7] \count[6]
Warning:     potential I5: \count[5] \count[4] \count[7] \count[6] $abc$77$new_n296 $abc$77$new_n280
Warning: Layer covering: no valid LUT6D mapping for $abc$77$auto$blifparse.cc:536:parse_blif$355/$abc$77$auto$blifparse.cc:536:parse_blif$363 (shared=4, total_inputs=6)
Warning:     shared inputs: \count[6] \count[7] \count[4] \count[5]
Warning:     node cut leaves: \count[5] \count[4] $abc$77$new_n280 \count[7] \count[6]
Warning:     cand cut leaves: \count[5] \count[4] $abc$77$new_n296 \count[7] \count[6]
Warning:     merged cut leaves: $abc$77$new_n296 \count[5] \count[4] $abc$77$new_n280 \count[7] \count[6]
Warning:     potential I5: \count[5] \count[4] \count[7] \count[6] $abc$77$new_n296 $abc$77$new_n280
Warning: Layer covering: no valid LUT6D mapping for $abc$77$auto$blifparse.cc:536:parse_blif$355/$abc$77$auto$blifparse.cc:536:parse_blif$363 (shared=4, total_inputs=6)
Warning:     shared inputs: \count[6] \count[7] \count[4] \count[5]
Warning:     node cut leaves: \count[5] \count[4] $abc$77$new_n280 \count[7] \count[6]
Warning:     cand cut leaves: \count[5] \count[4] $abc$77$new_n296 \count[7] \count[6]
Warning:     merged cut leaves: $abc$77$new_n296 \count[5] \count[4] $abc$77$new_n280 \count[7] \count[6]
Warning:     potential I5: \count[5] \count[4] \count[7] \count[6] $abc$77$new_n296 $abc$77$new_n280
Warning: Layer covering: no valid LUT6D mapping for $abc$77$auto$blifparse.cc:536:parse_blif$355/$abc$77$auto$blifparse.cc:536:parse_blif$363 (shared=4, total_inputs=6)
Warning:     shared inputs: \count[6] \count[7] \count[4] \count[5]
Warning:     node cut leaves: \count[5] \count[4] $abc$77$new_n280 \count[7] \count[6]
Warning:     cand cut leaves: \count[5] \count[4] $abc$77$new_n296 \count[7] \count[6]
Warning:     merged cut leaves: $abc$77$new_n296 \count[5] \count[4] $abc$77$new_n280 \count[7] \count[6]
Warning:     potential I5: \count[5] \count[4] \count[7] \count[6] $abc$77$new_n296 $abc$77$new_n280
Warning: Layer covering: no valid LUT6D mapping for $abc$77$auto$blifparse.cc:536:parse_blif$355/$abc$77$auto$blifparse.cc:536:parse_blif$362 (shared=4, total_inputs=6)
Warning:     shared inputs: \count[6] \count[7] \count[4] \count[5]
Warning:     node cut leaves: \count[5] \count[4] $abc$77$new_n280 \count[7] \count[6]
Warning:     cand cut leaves: \count[5] \count[4] $abc$77$new_n294 \count[7] \count[6]
Warning:     merged cut leaves: $abc$77$new_n294 \count[5] \count[4] $abc$77$new_n280 \count[7] \count[6]
Warning:     potential I5: \count[5] \count[4] \count[7] \count[6] $abc$77$new_n294 $abc$77$new_n280
Warning: Layer covering: no valid LUT6D mapping for $abc$77$auto$blifparse.cc:536:parse_blif$355/$abc$77$auto$blifparse.cc:536:parse_blif$362 (shared=4, total_inputs=6)
Warning:     shared inputs: \count[6] \count[7] \count[4] \count[5]
Warning:     node cut leaves: \count[5] \count[4] $abc$77$new_n280 \count[7] \count[6]
Warning:     cand cut leaves: \count[5] \count[4] $abc$77$new_n294 \count[7] \count[6]
Warning:     merged cut leaves: $abc$77$new_n294 \count[5] \count[4] $abc$77$new_n280 \count[7] \count[6]
Warning:     potential I5: \count[5] \count[4] \count[7] \count[6] $abc$77$new_n294 $abc$77$new_n280
Warning: Layer covering: no valid LUT6D mapping for $abc$77$auto$blifparse.cc:536:parse_blif$355/$abc$77$auto$blifparse.cc:536:parse_blif$362 (shared=4, total_inputs=6)
Warning:     shared inputs: \count[6] \count[7] \count[4] \count[5]
Warning:     node cut leaves: \count[5] \count[4] $abc$77$new_n280 \count[7] \count[6]
Warning:     cand cut leaves: \count[5] \count[4] $abc$77$new_n294 \count[7] \count[6]
Warning:     merged cut leaves: $abc$77$new_n294 \count[5] \count[4] $abc$77$new_n280 \count[7] \count[6]
Warning:     potential I5: \count[5] \count[4] \count[7] \count[6] $abc$77$new_n294 $abc$77$new_n280
Warning: Layer covering: no valid LUT6D mapping for $abc$77$auto$blifparse.cc:536:parse_blif$355/$abc$77$auto$blifparse.cc:536:parse_blif$362 (shared=4, total_inputs=6)
Warning:     shared inputs: \count[6] \count[7] \count[4] \count[5]
Warning:     node cut leaves: \count[5] \count[4] $abc$77$new_n280 \count[7] \count[6]
Warning:     cand cut leaves: \count[5] \count[4] $abc$77$new_n294 \count[7] \count[6]
Warning:     merged cut leaves: $abc$77$new_n294 \count[5] \count[4] $abc$77$new_n280 \count[7] \count[6]
Warning:     potential I5: \count[5] \count[4] \count[7] \count[6] $abc$77$new_n294 $abc$77$new_n280
Warning: Layer covering: no valid LUT6D mapping for $abc$77$auto$blifparse.cc:536:parse_blif$355/$abc$77$auto$blifparse.cc:536:parse_blif$361 (shared=4, total_inputs=6)
Warning:     shared inputs: \count[6] \count[7] \count[4] \count[5]
Warning:     node cut leaves: \count[5] \count[4] $abc$77$new_n280 \count[7] \count[6]
Warning:     cand cut leaves: \count[5] \count[4] $abc$77$new_n292 \count[7] \count[6]
Warning:     merged cut leaves: $abc$77$new_n292 \count[5] \count[4] $abc$77$new_n280 \count[7] \count[6]
Warning:     potential I5: \count[5] \count[4] \count[7] \count[6] $abc$77$new_n292 $abc$77$new_n280
Warning: Layer covering: no valid LUT6D mapping for $abc$77$auto$blifparse.cc:536:parse_blif$355/$abc$77$auto$blifparse.cc:536:parse_blif$361 (shared=4, total_inputs=6)
Warning:     shared inputs: \count[6] \count[7] \count[4] \count[5]
Warning:     node cut leaves: \count[5] \count[4] $abc$77$new_n280 \count[7] \count[6]
Warning:     cand cut leaves: \count[5] \count[4] $abc$77$new_n292 \count[7] \count[6]
Warning:     merged cut leaves: $abc$77$new_n292 \count[5] \count[4] $abc$77$new_n280 \count[7] \count[6]
Warning:     potential I5: \count[5] \count[4] \count[7] \count[6] $abc$77$new_n292 $abc$77$new_n280
Warning: Layer covering: no valid LUT6D mapping for $abc$77$auto$blifparse.cc:536:parse_blif$355/$abc$77$auto$blifparse.cc:536:parse_blif$361 (shared=4, total_inputs=6)
Warning:     shared inputs: \count[6] \count[7] \count[4] \count[5]
Warning:     node cut leaves: \count[5] \count[4] $abc$77$new_n280 \count[7] \count[6]
Warning:     cand cut leaves: \count[5] \count[4] $abc$77$new_n292 \count[7] \count[6]
Warning:     merged cut leaves: $abc$77$new_n292 \count[5] \count[4] $abc$77$new_n280 \count[7] \count[6]
Warning:     potential I5: \count[5] \count[4] \count[7] \count[6] $abc$77$new_n292 $abc$77$new_n280
Warning: Layer covering: no valid LUT6D mapping for $abc$77$auto$blifparse.cc:536:parse_blif$355/$abc$77$auto$blifparse.cc:536:parse_blif$361 (shared=4, total_inputs=6)
Warning:     shared inputs: \count[6] \count[7] \count[4] \count[5]
Warning:     node cut leaves: \count[5] \count[4] $abc$77$new_n280 \count[7] \count[6]
Warning:     cand cut leaves: \count[5] \count[4] $abc$77$new_n292 \count[7] \count[6]
Warning:     merged cut leaves: $abc$77$new_n292 \count[5] \count[4] $abc$77$new_n280 \count[7] \count[6]
Warning:     potential I5: \count[5] \count[4] \count[7] \count[6] $abc$77$new_n292 $abc$77$new_n280
Warning: Layer covering: no valid LUT6D mapping for $abc$77$auto$blifparse.cc:536:parse_blif$355/$abc$77$auto$blifparse.cc:536:parse_blif$360 (shared=4, total_inputs=6)
Warning:     shared inputs: \count[6] \count[7] \count[4] \count[5]
Warning:     node cut leaves: \count[5] \count[4] $abc$77$new_n280 \count[7] \count[6]
Warning:     cand cut leaves: \count[5] \count[4] $abc$77$new_n290 \count[7] \count[6]
Warning:     merged cut leaves: $abc$77$new_n290 \count[5] \count[4] $abc$77$new_n280 \count[7] \count[6]
Warning:     potential I5: \count[5] \count[4] \count[7] \count[6] $abc$77$new_n290 $abc$77$new_n280
Warning: Layer covering: no valid LUT6D mapping for $abc$77$auto$blifparse.cc:536:parse_blif$355/$abc$77$auto$blifparse.cc:536:parse_blif$360 (shared=4, total_inputs=6)
Warning:     shared inputs: \count[6] \count[7] \count[4] \count[5]
Warning:     node cut leaves: \count[5] \count[4] $abc$77$new_n280 \count[7] \count[6]
Warning:     cand cut leaves: \count[5] \count[4] $abc$77$new_n290 \count[7] \count[6]
Warning:     merged cut leaves: $abc$77$new_n290 \count[5] \count[4] $abc$77$new_n280 \count[7] \count[6]
Warning:     potential I5: \count[5] \count[4] \count[7] \count[6] $abc$77$new_n290 $abc$77$new_n280
Warning: Layer covering: no valid LUT6D mapping for $abc$77$auto$blifparse.cc:536:parse_blif$355/$abc$77$auto$blifparse.cc:536:parse_blif$360 (shared=4, total_inputs=6)
Warning:     shared inputs: \count[6] \count[7] \count[4] \count[5]
Warning:     node cut leaves: \count[5] \count[4] $abc$77$new_n280 \count[7] \count[6]
Warning:     cand cut leaves: \count[5] \count[4] $abc$77$new_n290 \count[7] \count[6]
Warning:     merged cut leaves: $abc$77$new_n290 \count[5] \count[4] $abc$77$new_n280 \count[7] \count[6]
Warning:     potential I5: \count[5] \count[4] \count[7] \count[6] $abc$77$new_n290 $abc$77$new_n280
Warning: Layer covering: no valid LUT6D mapping for $abc$77$auto$blifparse.cc:536:parse_blif$355/$abc$77$auto$blifparse.cc:536:parse_blif$360 (shared=4, total_inputs=6)
Warning:     shared inputs: \count[6] \count[7] \count[4] \count[5]
Warning:     node cut leaves: \count[5] \count[4] $abc$77$new_n280 \count[7] \count[6]
Warning:     cand cut leaves: \count[5] \count[4] $abc$77$new_n290 \count[7] \count[6]
Warning:     merged cut leaves: $abc$77$new_n290 \count[5] \count[4] $abc$77$new_n280 \count[7] \count[6]
Warning:     potential I5: \count[5] \count[4] \count[7] \count[6] $abc$77$new_n290 $abc$77$new_n280
    Generated 8176 candidates: 7920 dual, 256 single
    Selected: 134 dual-output, 3 single-output LUTs
  Layer 2: 31 signals to cover
    Generated 256 candidates: 240 dual, 16 single
    Selected: 8 dual-output, 0 single-output LUTs
  Total layers: 2
  Total LUTs: 142 dual-output + 3 single-output = 145

=== Covering Mode 2: Disjoint-aggressive ===

=== Layer-Based Covering Algorithm ===
  Dual-output pairing: enabled
  Layer 1: 256 signals to cover
Warning: Layer covering: no valid LUT6D mapping for $abc$77$auto$blifparse.cc:536:parse_blif$355/$abc$77$auto$blifparse.cc:536:parse_blif$364 (shared=4, total_inputs=6)
Warning:     shared inputs: \count[6] \count[7] \count[4] \count[5]
Warning:     node cut leaves: \count[5] \count[4] $abc$77$new_n280 \count[7] \count[6]
Warning:     cand cut leaves: \count[5] \count[4] $abc$77$new_n298 \count[7] \count[6]
Warning:     merged cut leaves: $abc$77$new_n298 \count[5] \count[4] $abc$77$new_n280 \count[7] \count[6]
Warning:     potential I5: \count[5] \count[4] \count[7] \count[6] $abc$77$new_n298 $abc$77$new_n280
Warning: Layer covering: no valid LUT6D mapping for $abc$77$auto$blifparse.cc:536:parse_blif$355/$abc$77$auto$blifparse.cc:536:parse_blif$364 (shared=4, total_inputs=6)
Warning:     shared inputs: \count[6] \count[7] \count[4] \count[5]
Warning:     node cut leaves: \count[5] \count[4] $abc$77$new_n280 \count[7] \count[6]
Warning:     cand cut leaves: \count[5] \count[4] $abc$77$new_n298 \count[7] \count[6]
Warning:     merged cut leaves: $abc$77$new_n298 \count[5] \count[4] $abc$77$new_n280 \count[7] \count[6]
Warning:     potential I5: \count[5] \count[4] \count[7] \count[6] $abc$77$new_n298 $abc$77$new_n280
Warning: Layer covering: no valid LUT6D mapping for $abc$77$auto$blifparse.cc:536:parse_blif$355/$abc$77$auto$blifparse.cc:536:parse_blif$364 (shared=4, total_inputs=6)
Warning:     shared inputs: \count[6] \count[7] \count[4] \count[5]
Warning:     node cut leaves: \count[5] \count[4] $abc$77$new_n280 \count[7] \count[6]
Warning:     cand cut leaves: \count[5] \count[4] $abc$77$new_n298 \count[7] \count[6]
Warning:     merged cut leaves: $abc$77$new_n298 \count[5] \count[4] $abc$77$new_n280 \count[7] \count[6]
Warning:     potential I5: \count[5] \count[4] \count[7] \count[6] $abc$77$new_n298 $abc$77$new_n280
Warning: Layer covering: no valid LUT6D mapping for $abc$77$auto$blifparse.cc:536:parse_blif$355/$abc$77$auto$blifparse.cc:536:parse_blif$364 (shared=4, total_inputs=6)
Warning:     shared inputs: \count[6] \count[7] \count[4] \count[5]
Warning:     node cut leaves: \count[5] \count[4] $abc$77$new_n280 \count[7] \count[6]
Warning:     cand cut leaves: \count[5] \count[4] $abc$77$new_n298 \count[7] \count[6]
Warning:     merged cut leaves: $abc$77$new_n298 \count[5] \count[4] $abc$77$new_n280 \count[7] \count[6]
Warning:     potential I5: \count[5] \count[4] \count[7] \count[6] $abc$77$new_n298 $abc$77$new_n280
Warning: Layer covering: no valid LUT6D mapping for $abc$77$auto$blifparse.cc:536:parse_blif$355/$abc$77$auto$blifparse.cc:536:parse_blif$363 (shared=4, total_inputs=6)
Warning:     shared inputs: \count[6] \count[7] \count[4] \count[5]
Warning:     node cut leaves: \count[5] \count[4] $abc$77$new_n280 \count[7] \count[6]
Warning:     cand cut leaves: \count[5] \count[4] $abc$77$new_n296 \count[7] \count[6]
Warning:     merged cut leaves: $abc$77$new_n296 \count[5] \count[4] $abc$77$new_n280 \count[7] \count[6]
Warning:     potential I5: \count[5] \count[4] \count[7] \count[6] $abc$77$new_n296 $abc$77$new_n280
Warning: Layer covering: no valid LUT6D mapping for $abc$77$auto$blifparse.cc:536:parse_blif$355/$abc$77$auto$blifparse.cc:536:parse_blif$363 (shared=4, total_inputs=6)
Warning:     shared inputs: \count[6] \count[7] \count[4] \count[5]
Warning:     node cut leaves: \count[5] \count[4] $abc$77$new_n280 \count[7] \count[6]
Warning:     cand cut leaves: \count[5] \count[4] $abc$77$new_n296 \count[7] \count[6]
Warning:     merged cut leaves: $abc$77$new_n296 \count[5] \count[4] $abc$77$new_n280 \count[7] \count[6]
Warning:     potential I5: \count[5] \count[4] \count[7] \count[6] $abc$77$new_n296 $abc$77$new_n280
Warning: Layer covering: no valid LUT6D mapping for $abc$77$auto$blifparse.cc:536:parse_blif$355/$abc$77$auto$blifparse.cc:536:parse_blif$363 (shared=4, total_inputs=6)
Warning:     shared inputs: \count[6] \count[7] \count[4] \count[5]
Warning:     node cut leaves: \count[5] \count[4] $abc$77$new_n280 \count[7] \count[6]
Warning:     cand cut leaves: \count[5] \count[4] $abc$77$new_n296 \count[7] \count[6]
Warning:     merged cut leaves: $abc$77$new_n296 \count[5] \count[4] $abc$77$new_n280 \count[7] \count[6]
Warning:     potential I5: \count[5] \count[4] \count[7] \count[6] $abc$77$new_n296 $abc$77$new_n280
Warning: Layer covering: no valid LUT6D mapping for $abc$77$auto$blifparse.cc:536:parse_blif$355/$abc$77$auto$blifparse.cc:536:parse_blif$363 (shared=4, total_inputs=6)
Warning:     shared inputs: \count[6] \count[7] \count[4] \count[5]
Warning:     node cut leaves: \count[5] \count[4] $abc$77$new_n280 \count[7] \count[6]
Warning:     cand cut leaves: \count[5] \count[4] $abc$77$new_n296 \count[7] \count[6]
Warning:     merged cut leaves: $abc$77$new_n296 \count[5] \count[4] $abc$77$new_n280 \count[7] \count[6]
Warning:     potential I5: \count[5] \count[4] \count[7] \count[6] $abc$77$new_n296 $abc$77$new_n280
Warning: Layer covering: no valid LUT6D mapping for $abc$77$auto$blifparse.cc:536:parse_blif$355/$abc$77$auto$blifparse.cc:536:parse_blif$362 (shared=4, total_inputs=6)
Warning:     shared inputs: \count[6] \count[7] \count[4] \count[5]
Warning:     node cut leaves: \count[5] \count[4] $abc$77$new_n280 \count[7] \count[6]
Warning:     cand cut leaves: \count[5] \count[4] $abc$77$new_n294 \count[7] \count[6]
Warning:     merged cut leaves: $abc$77$new_n294 \count[5] \count[4] $abc$77$new_n280 \count[7] \count[6]
Warning:     potential I5: \count[5] \count[4] \count[7] \count[6] $abc$77$new_n294 $abc$77$new_n280
Warning: Layer covering: no valid LUT6D mapping for $abc$77$auto$blifparse.cc:536:parse_blif$355/$abc$77$auto$blifparse.cc:536:parse_blif$362 (shared=4, total_inputs=6)
Warning:     shared inputs: \count[6] \count[7] \count[4] \count[5]
Warning:     node cut leaves: \count[5] \count[4] $abc$77$new_n280 \count[7] \count[6]
Warning:     cand cut leaves: \count[5] \count[4] $abc$77$new_n294 \count[7] \count[6]
Warning:     merged cut leaves: $abc$77$new_n294 \count[5] \count[4] $abc$77$new_n280 \count[7] \count[6]
Warning:     potential I5: \count[5] \count[4] \count[7] \count[6] $abc$77$new_n294 $abc$77$new_n280
Warning: Layer covering: no valid LUT6D mapping for $abc$77$auto$blifparse.cc:536:parse_blif$355/$abc$77$auto$blifparse.cc:536:parse_blif$362 (shared=4, total_inputs=6)
Warning:     shared inputs: \count[6] \count[7] \count[4] \count[5]
Warning:     node cut leaves: \count[5] \count[4] $abc$77$new_n280 \count[7] \count[6]
Warning:     cand cut leaves: \count[5] \count[4] $abc$77$new_n294 \count[7] \count[6]
Warning:     merged cut leaves: $abc$77$new_n294 \count[5] \count[4] $abc$77$new_n280 \count[7] \count[6]
Warning:     potential I5: \count[5] \count[4] \count[7] \count[6] $abc$77$new_n294 $abc$77$new_n280
Warning: Layer covering: no valid LUT6D mapping for $abc$77$auto$blifparse.cc:536:parse_blif$355/$abc$77$auto$blifparse.cc:536:parse_blif$362 (shared=4, total_inputs=6)
Warning:     shared inputs: \count[6] \count[7] \count[4] \count[5]
Warning:     node cut leaves: \count[5] \count[4] $abc$77$new_n280 \count[7] \count[6]
Warning:     cand cut leaves: \count[5] \count[4] $abc$77$new_n294 \count[7] \count[6]
Warning:     merged cut leaves: $abc$77$new_n294 \count[5] \count[4] $abc$77$new_n280 \count[7] \count[6]
Warning:     potential I5: \count[5] \count[4] \count[7] \count[6] $abc$77$new_n294 $abc$77$new_n280
Warning: Layer covering: no valid LUT6D mapping for $abc$77$auto$blifparse.cc:536:parse_blif$355/$abc$77$auto$blifparse.cc:536:parse_blif$361 (shared=4, total_inputs=6)
Warning:     shared inputs: \count[6] \count[7] \count[4] \count[5]
Warning:     node cut leaves: \count[5] \count[4] $abc$77$new_n280 \count[7] \count[6]
Warning:     cand cut leaves: \count[5] \count[4] $abc$77$new_n292 \count[7] \count[6]
Warning:     merged cut leaves: $abc$77$new_n292 \count[5] \count[4] $abc$77$new_n280 \count[7] \count[6]
Warning:     potential I5: \count[5] \count[4] \count[7] \count[6] $abc$77$new_n292 $abc$77$new_n280
Warning: Layer covering: no valid LUT6D mapping for $abc$77$auto$blifparse.cc:536:parse_blif$355/$abc$77$auto$blifparse.cc:536:parse_blif$361 (shared=4, total_inputs=6)
Warning:     shared inputs: \count[6] \count[7] \count[4] \count[5]
Warning:     node cut leaves: \count[5] \count[4] $abc$77$new_n280 \count[7] \count[6]
Warning:     cand cut leaves: \count[5] \count[4] $abc$77$new_n292 \count[7] \count[6]
Warning:     merged cut leaves: $abc$77$new_n292 \count[5] \count[4] $abc$77$new_n280 \count[7] \count[6]
Warning:     potential I5: \count[5] \count[4] \count[7] \count[6] $abc$77$new_n292 $abc$77$new_n280
Warning: Layer covering: no valid LUT6D mapping for $abc$77$auto$blifparse.cc:536:parse_blif$355/$abc$77$auto$blifparse.cc:536:parse_blif$361 (shared=4, total_inputs=6)
Warning:     shared inputs: \count[6] \count[7] \count[4] \count[5]
Warning:     node cut leaves: \count[5] \count[4] $abc$77$new_n280 \count[7] \count[6]
Warning:     cand cut leaves: \count[5] \count[4] $abc$77$new_n292 \count[7] \count[6]
Warning:     merged cut leaves: $abc$77$new_n292 \count[5] \count[4] $abc$77$new_n280 \count[7] \count[6]
Warning:     potential I5: \count[5] \count[4] \count[7] \count[6] $abc$77$new_n292 $abc$77$new_n280
Warning: Layer covering: no valid LUT6D mapping for $abc$77$auto$blifparse.cc:536:parse_blif$355/$abc$77$auto$blifparse.cc:536:parse_blif$361 (shared=4, total_inputs=6)
Warning:     shared inputs: \count[6] \count[7] \count[4] \count[5]
Warning:     node cut leaves: \count[5] \count[4] $abc$77$new_n280 \count[7] \count[6]
Warning:     cand cut leaves: \count[5] \count[4] $abc$77$new_n292 \count[7] \count[6]
Warning:     merged cut leaves: $abc$77$new_n292 \count[5] \count[4] $abc$77$new_n280 \count[7] \count[6]
Warning:     potential I5: \count[5] \count[4] \count[7] \count[6] $abc$77$new_n292 $abc$77$new_n280
Warning: Layer covering: no valid LUT6D mapping for $abc$77$auto$blifparse.cc:536:parse_blif$355/$abc$77$auto$blifparse.cc:536:parse_blif$360 (shared=4, total_inputs=6)
Warning:     shared inputs: \count[6] \count[7] \count[4] \count[5]
Warning:     node cut leaves: \count[5] \count[4] $abc$77$new_n280 \count[7] \count[6]
Warning:     cand cut leaves: \count[5] \count[4] $abc$77$new_n290 \count[7] \count[6]
Warning:     merged cut leaves: $abc$77$new_n290 \count[5] \count[4] $abc$77$new_n280 \count[7] \count[6]
Warning:     potential I5: \count[5] \count[4] \count[7] \count[6] $abc$77$new_n290 $abc$77$new_n280
Warning: Layer covering: no valid LUT6D mapping for $abc$77$auto$blifparse.cc:536:parse_blif$355/$abc$77$auto$blifparse.cc:536:parse_blif$360 (shared=4, total_inputs=6)
Warning:     shared inputs: \count[6] \count[7] \count[4] \count[5]
Warning:     node cut leaves: \count[5] \count[4] $abc$77$new_n280 \count[7] \count[6]
Warning:     cand cut leaves: \count[5] \count[4] $abc$77$new_n290 \count[7] \count[6]
Warning:     merged cut leaves: $abc$77$new_n290 \count[5] \count[4] $abc$77$new_n280 \count[7] \count[6]
Warning:     potential I5: \count[5] \count[4] \count[7] \count[6] $abc$77$new_n290 $abc$77$new_n280
Warning: Layer covering: no valid LUT6D mapping for $abc$77$auto$blifparse.cc:536:parse_blif$355/$abc$77$auto$blifparse.cc:536:parse_blif$360 (shared=4, total_inputs=6)
Warning:     shared inputs: \count[6] \count[7] \count[4] \count[5]
Warning:     node cut leaves: \count[5] \count[4] $abc$77$new_n280 \count[7] \count[6]
Warning:     cand cut leaves: \count[5] \count[4] $abc$77$new_n290 \count[7] \count[6]
Warning:     merged cut leaves: $abc$77$new_n290 \count[5] \count[4] $abc$77$new_n280 \count[7] \count[6]
Warning:     potential I5: \count[5] \count[4] \count[7] \count[6] $abc$77$new_n290 $abc$77$new_n280
Warning: Layer covering: no valid LUT6D mapping for $abc$77$auto$blifparse.cc:536:parse_blif$355/$abc$77$auto$blifparse.cc:536:parse_blif$360 (shared=4, total_inputs=6)
Warning:     shared inputs: \count[6] \count[7] \count[4] \count[5]
Warning:     node cut leaves: \count[5] \count[4] $abc$77$new_n280 \count[7] \count[6]
Warning:     cand cut leaves: \count[5] \count[4] $abc$77$new_n290 \count[7] \count[6]
Warning:     merged cut leaves: $abc$77$new_n290 \count[5] \count[4] $abc$77$new_n280 \count[7] \count[6]
Warning:     potential I5: \count[5] \count[4] \count[7] \count[6] $abc$77$new_n290 $abc$77$new_n280
    Generated 8176 candidates: 7920 dual, 256 single
    Selected: 134 dual-output, 3 single-output LUTs
  Layer 2: 31 signals to cover
    Generated 256 candidates: 240 dual, 16 single
    Selected: 8 dual-output, 0 single-output LUTs
  Total layers: 2
  Total LUTs: 142 dual-output + 3 single-output = 145

=== Covering Mode 3: Best-cut single-output ===
  Post-packing: merged 1 single-LUT pairs into dual LUTs
  Post-packing: merged 1 single-LUT pairs into dual LUTs
  Post-packing: merged 136 single-LUT pairs into dual LUTs
  Covering mode decision: mode1=144, mode2=144, mode3=151, picked=standard-dual (144 LUTs)

Total LUT6D cells to be added: 143
Total single-output LUTs to be added: 1
Removed 287 original cells covered by LUT outputs

Final: 143 LUT6D + 1 single LUT = 144 total LUTs
Cleaning up global data structures...
Memory cleanup complete.
<suppressed ~2406 debug messages>

. Printing statistics.

=== /Users/yoyowang/Desktop/benchmark/dec.aig ===

        +----------Local Count, excluding submodules.
        | 
      295 wires
      295 wire bits
      264 public wires
      264 public wire bits
      264 ports
      264 port bits
      144 cells
      120   GTP_LUT4D
        1   GTP_LUT5
        8   GTP_LUT5D
       15   GTP_LUT6D

. Executing Verilog backend.

1. Executing BMUXMAP pass.

2. Executing DEMUXMAP pass.
Dumping module `\/Users/yoyowang/Desktop/benchmark/dec.aig'.

Warnings: 22 unique messages, 240 total
End of script. Logfile hash: aac7a8bcaa, CPU: user 0.85s system 0.01s, MEM: 29.48 MB peak
Yosys 0.60+64 (git sha1 e3af261e1-dirty, clang++ 17.0.0 -fPIC -O3)
Time spent: 92% 1x lut6d_map (0 sec), 5% 1x abc (0 sec), ...
