
 /----------------------------------------------------------------------------\
 |  yosys -- Yosys Open SYnthesis Suite                                       |
 |  Copyright (C) 2012 - 2025  Claire Xenia Wolf <claire@yosyshq.com>         |
 |  Distributed under an ISC-like license, type "license" to see terms        |
 \----------------------------------------------------------------------------/
 Yosys 0.60+64 (git sha1 e3af261e1-dirty, clang++ 17.0.0 -fPIC -O3)

-- Running command `
        read_aiger /Users/yoyowang/Desktop/benchmark/max.aig
        hierarchy -check -auto-top
        proc; opt; techmap; opt;
        # 先用ABC生成K=6单输出LUT基线，再由lut6d_map执行双输出打包
        abc -lut 6
        opt
        lut6d_map
        clean
        stat
        write_verilog test_output_epfl/max_lut6d_mapped.v
    ' --

1. Executing AIGER frontend.
<suppressed ~1 debug messages>
Removed 0 unused cells and 642 unused wires.

2. Executing HIERARCHY pass (managing design hierarchy).

2.1. Finding top of design hierarchy..
root of   0 design levels: /Users/yoyowang/Desktop/benchmark/max.aig
Automatically selected /Users/yoyowang/Desktop/benchmark/max.aig as design top module.

2.2. Analyzing design hierarchy..
Top module:  \/Users/yoyowang/Desktop/benchmark/max.aig

2.3. Analyzing design hierarchy..
Top module:  \/Users/yoyowang/Desktop/benchmark/max.aig
Removed 0 unused modules.

3. Executing PROC pass (convert processes to netlists).

3.1. Executing PROC_CLEAN pass (remove empty switches from decision trees).
Cleaned up 0 empty switches.

3.2. Executing PROC_RMDEAD pass (remove dead branches from decision trees).
Removed a total of 0 dead cases.

3.3. Executing PROC_PRUNE pass (remove redundant assignments in processes).
Removed 0 redundant assignments.
Promoted 0 assignments to connections.

3.4. Executing PROC_INIT pass (extract init attributes).

3.5. Executing PROC_ARST pass (detect async resets in processes).

3.6. Executing PROC_ROM pass (convert switches to ROMs).
Converted 0 switches.

3.7. Executing PROC_MUX pass (convert decision trees to multiplexers).

3.8. Executing PROC_DLATCH pass (convert process syncs to latches).

3.9. Executing PROC_DFF pass (convert process syncs to FFs).

3.10. Executing PROC_MEMWR pass (convert process memory writes to cells).

3.11. Executing PROC_CLEAN pass (remove empty switches from decision trees).
Cleaned up 0 empty switches.

3.12. Executing OPT_EXPR pass (perform const folding).
Optimizing module /Users/yoyowang/Desktop/benchmark/max.aig.

4. Executing OPT pass (performing simple optimizations).

4.1. Executing OPT_EXPR pass (perform const folding).
Optimizing module /Users/yoyowang/Desktop/benchmark/max.aig.

4.2. Executing OPT_MERGE pass (detect identical cells).
Finding identical cells in module `\/Users/yoyowang/Desktop/benchmark/max.aig'.
Removed a total of 0 cells.

4.3. Executing OPT_MUXTREE pass (detect dead branches in mux trees).
Running muxtree optimizer on module \/Users/yoyowang/Desktop/benchmark/max.aig..
  Creating internal representation of mux trees.
  No muxes found in this module.
Removed 0 multiplexer ports.

4.4. Executing OPT_REDUCE pass (consolidate $*mux and $reduce_* inputs).
  Optimizing cells in module \/Users/yoyowang/Desktop/benchmark/max.aig.
Performed a total of 0 changes.

4.5. Executing OPT_MERGE pass (detect identical cells).
Finding identical cells in module `\/Users/yoyowang/Desktop/benchmark/max.aig'.
Removed a total of 0 cells.

4.6. Executing OPT_DFF pass (perform DFF optimizations).

4.7. Executing OPT_CLEAN pass (remove unused cells and wires).
Finding unused cells or wires in module \/Users/yoyowang/Desktop/benchmark/max.aig..

4.8. Executing OPT_EXPR pass (perform const folding).
Optimizing module /Users/yoyowang/Desktop/benchmark/max.aig.

4.9. Finished fast OPT passes. (There is nothing left to do.)

5. Executing TECHMAP pass (map to technology primitives).

5.1. Executing Verilog-2005 frontend: /Users/yoyowang/Desktop/yosysDualOutputLUT/share/techmap.v
Parsing Verilog input from `/Users/yoyowang/Desktop/yosysDualOutputLUT/share/techmap.v' to AST representation.
verilog frontend filename /Users/yoyowang/Desktop/yosysDualOutputLUT/share/techmap.v
Generating RTLIL representation for module `\_90_simplemap_bool_ops'.
Generating RTLIL representation for module `\_90_simplemap_reduce_ops'.
Generating RTLIL representation for module `\_90_simplemap_logic_ops'.
Generating RTLIL representation for module `\_90_simplemap_compare_ops'.
Generating RTLIL representation for module `\_90_simplemap_various'.
Generating RTLIL representation for module `\_90_simplemap_registers'.
Generating RTLIL representation for module `\_90_shift_ops_shr_shl_sshl_sshr'.
Generating RTLIL representation for module `\_90_shift_shiftx'.
Generating RTLIL representation for module `\_90_fa'.
Generating RTLIL representation for module `\_90_lcu_brent_kung'.
Generating RTLIL representation for module `\_90_alu'.
Generating RTLIL representation for module `\_90_macc'.
Generating RTLIL representation for module `\_90_alumacc'.
Generating RTLIL representation for module `\$__div_mod_u'.
Generating RTLIL representation for module `\$__div_mod_trunc'.
Generating RTLIL representation for module `\_90_div'.
Generating RTLIL representation for module `\_90_mod'.
Generating RTLIL representation for module `\$__div_mod_floor'.
Generating RTLIL representation for module `\_90_divfloor'.
Generating RTLIL representation for module `\_90_modfloor'.
Generating RTLIL representation for module `\_90_pow'.
Generating RTLIL representation for module `\_90_pmux'.
Generating RTLIL representation for module `\_90_demux'.
Generating RTLIL representation for module `\_90_lut'.
Generating RTLIL representation for module `\$connect'.
Generating RTLIL representation for module `\$input_port'.
Successfully finished Verilog frontend.

5.2. Continuing TECHMAP pass.
No more expansions possible.
<suppressed ~77 debug messages>

6. Executing OPT pass (performing simple optimizations).

6.1. Executing OPT_EXPR pass (perform const folding).
Optimizing module /Users/yoyowang/Desktop/benchmark/max.aig.

6.2. Executing OPT_MERGE pass (detect identical cells).
Finding identical cells in module `\/Users/yoyowang/Desktop/benchmark/max.aig'.
Removed a total of 0 cells.

6.3. Executing OPT_MUXTREE pass (detect dead branches in mux trees).
Running muxtree optimizer on module \/Users/yoyowang/Desktop/benchmark/max.aig..
  Creating internal representation of mux trees.
  No muxes found in this module.
Removed 0 multiplexer ports.

6.4. Executing OPT_REDUCE pass (consolidate $*mux and $reduce_* inputs).
  Optimizing cells in module \/Users/yoyowang/Desktop/benchmark/max.aig.
Performed a total of 0 changes.

6.5. Executing OPT_MERGE pass (detect identical cells).
Finding identical cells in module `\/Users/yoyowang/Desktop/benchmark/max.aig'.
Removed a total of 0 cells.

6.6. Executing OPT_DFF pass (perform DFF optimizations).

6.7. Executing OPT_CLEAN pass (remove unused cells and wires).
Finding unused cells or wires in module \/Users/yoyowang/Desktop/benchmark/max.aig..

6.8. Executing OPT_EXPR pass (perform const folding).
Optimizing module /Users/yoyowang/Desktop/benchmark/max.aig.

6.9. Finished fast OPT passes. (There is nothing left to do.)

7. Executing ABC pass (technology mapping using ABC).

7.1. Extracting gate netlist of module `\/Users/yoyowang/Desktop/benchmark/max.aig' to `<abc-temp-dir>/input.blif'..

7.1.1. Executed ABC.
Extracted 5767 gates and 6279 wires to a netlist network with 512 inputs and 130 outputs.
Running ABC script: <abc-temp-dir>/abc.script
ABC: 
ABC: ======== ABC command line "source <abc-temp-dir>/abc.script"
ABC: + read_blif <abc-temp-dir>/input.blif 
ABC: + read_lut /var/folders/6m/kyf8390j1xl9kqlndxdjdvfc0000gn/T/yosys-abc-9crGjC/lutdefs.txt 
ABC: + strash 
ABC: + &get -n 
ABC: + &fraig -x 
ABC: + &put 
ABC: + scorr 
ABC: Warning: The network is combinational (run "fraig" or "fraig_sweep").
ABC: + dc2 
ABC: + dretime 
ABC: + strash 
ABC: + dch -f 
ABC: + if 
ABC: + mfs2 
ABC: + lutpack -S 1 
ABC: + write_blif <abc-temp-dir>/output.blif 

7.1.2. Re-integrating ABC results.
ABC RESULTS:              $lut cells:      817
ABC RESULTS:        internal signals:     5637
ABC RESULTS:           input signals:      512
ABC RESULTS:          output signals:      130
Removing temp directory.
Removing global temp directory.

8. Executing OPT pass (performing simple optimizations).

8.1. Executing OPT_EXPR pass (perform const folding).
Optimizing module /Users/yoyowang/Desktop/benchmark/max.aig.

8.2. Executing OPT_MERGE pass (detect identical cells).
Finding identical cells in module `\/Users/yoyowang/Desktop/benchmark/max.aig'.
Removed a total of 0 cells.

8.3. Executing OPT_MUXTREE pass (detect dead branches in mux trees).
Running muxtree optimizer on module \/Users/yoyowang/Desktop/benchmark/max.aig..
  Creating internal representation of mux trees.
  No muxes found in this module.
Removed 0 multiplexer ports.

8.4. Executing OPT_REDUCE pass (consolidate $*mux and $reduce_* inputs).
  Optimizing cells in module \/Users/yoyowang/Desktop/benchmark/max.aig.
Performed a total of 0 changes.

8.5. Executing OPT_MERGE pass (detect identical cells).
Finding identical cells in module `\/Users/yoyowang/Desktop/benchmark/max.aig'.
Removed a total of 0 cells.

8.6. Executing OPT_DFF pass (perform DFF optimizations).

8.7. Executing OPT_CLEAN pass (remove unused cells and wires).
Finding unused cells or wires in module \/Users/yoyowang/Desktop/benchmark/max.aig..
Removed 0 unused cells and 6279 unused wires.
<suppressed ~1 debug messages>

8.8. Executing OPT_EXPR pass (perform const folding).
Optimizing module /Users/yoyowang/Desktop/benchmark/max.aig.

8.9. Rerunning OPT passes. (Maybe there is more to do..)

8.10. Executing OPT_MUXTREE pass (detect dead branches in mux trees).
Running muxtree optimizer on module \/Users/yoyowang/Desktop/benchmark/max.aig..
  Creating internal representation of mux trees.
  No muxes found in this module.
Removed 0 multiplexer ports.

8.11. Executing OPT_REDUCE pass (consolidate $*mux and $reduce_* inputs).
  Optimizing cells in module \/Users/yoyowang/Desktop/benchmark/max.aig.
Performed a total of 0 changes.

8.12. Executing OPT_MERGE pass (detect identical cells).
Finding identical cells in module `\/Users/yoyowang/Desktop/benchmark/max.aig'.
Removed a total of 0 cells.

8.13. Executing OPT_DFF pass (perform DFF optimizations).

8.14. Executing OPT_CLEAN pass (remove unused cells and wires).
Finding unused cells or wires in module \/Users/yoyowang/Desktop/benchmark/max.aig..

8.15. Executing OPT_EXPR pass (perform const folding).
Optimizing module /Users/yoyowang/Desktop/benchmark/max.aig.

8.16. Finished fast OPT passes. (There is nothing left to do.)

9. Start MapperPass

10. Continuing MapperPass pass.
Cleaning up global data structures...
Memory cleanup complete.
Runtime budget: gates=817 cuts=64 pairs=32 disjoint=24 layer_cuts=4 i5=6 rounds=4 postpack1_win=0 postpack2_limit=512 postpack2_win=0 postpack2_chunks=1 seed_mul=10
Initializing estimated reference counts (ABC-style)...
Phase 1: Generating cuts for all nodes...

Phase 2: Computing arrival and required times (ABC-style)...
  Computing arrival times (forward pass)...
  Computing required times (backward pass)...
    Global max arrival time (critical path): 35.00
    Found 0 nodes on or near critical path (slack < 0.5)

Phase 2.25: Recomputing ref-counts from best cuts...

Phase 2.5: Multi-round mapping optimization (ABC-style, 4 rounds)...
  Round 1: delay optimization...
  Computing arrival times (forward pass)...
    Round 1 result: estimated LUTs=817, max_delay=34.0, changed=0
  Round 2: area optimization...
  Computing arrival times (forward pass)...
    Round 2 result: estimated LUTs=817, max_delay=34.0, changed=0
    Early stop: best cuts converged at round 2

Phase 2.75: Exact area-recovery rounds (2 rounds)...
  Computing arrival times (forward pass)...
    Final area round 1: changed=0

Phase 3: Skipping non-decision bit-state simulation...

Pre-computing protected signals (all best cut leaves)...
  Total protected signals: 1199

=== Covering Mode 1: Standard dual-enabled ===

=== Layer-Based Covering Algorithm ===
  Dual-output pairing: enabled
  Layer 1: 130 signals to cover
Warning: Layer covering: no valid LUT6D mapping for $abc$77$auto$blifparse.cc:536:parse_blif$754/$abc$77$auto$blifparse.cc:536:parse_blif$78 (shared=4, total_inputs=6)
Warning:     shared inputs: $abc$77$new_n645 $abc$77$new_n1334 $abc$77$new_n1324 $abc$77$new_n1335
Warning:     node cut leaves: $abc$77$new_n1335 $abc$77$new_n1324 $abc$77$new_n950 $abc$77$new_n1334 $abc$77$new_n951 $abc$77$new_n645
Warning:     cand cut leaves: $abc$77$new_n1335 $abc$77$new_n1324 $abc$77$new_n1334 $abc$77$new_n645
Warning:     merged cut leaves: $abc$77$new_n1335 $abc$77$new_n1324 $abc$77$new_n950 $abc$77$new_n1334 $abc$77$new_n951 $abc$77$new_n645
Warning:     potential I5: $abc$77$new_n1335 $abc$77$new_n1324 $abc$77$new_n1334 $abc$77$new_n645 $abc$77$new_n951 $abc$77$new_n950
Warning: Layer covering: no valid LUT6D mapping for $abc$77$auto$blifparse.cc:536:parse_blif$754/$abc$77$auto$blifparse.cc:536:parse_blif$78 (shared=4, total_inputs=6)
Warning:     shared inputs: $abc$77$new_n645 $abc$77$new_n1334 $abc$77$new_n1324 $abc$77$new_n1335
Warning:     node cut leaves: $abc$77$new_n1335 $abc$77$new_n1324 $abc$77$new_n950 $abc$77$new_n1334 $abc$77$new_n951 $abc$77$new_n645
Warning:     cand cut leaves: $abc$77$new_n1335 $abc$77$new_n1324 $abc$77$new_n1334 $abc$77$new_n645
Warning:     merged cut leaves: $abc$77$new_n1335 $abc$77$new_n1324 $abc$77$new_n950 $abc$77$new_n1334 $abc$77$new_n951 $abc$77$new_n645
Warning:     potential I5: $abc$77$new_n1335 $abc$77$new_n1324 $abc$77$new_n1334 $abc$77$new_n645 $abc$77$new_n951 $abc$77$new_n950
Warning: Layer covering: no valid LUT6D mapping for $abc$77$auto$blifparse.cc:536:parse_blif$754/$abc$77$auto$blifparse.cc:536:parse_blif$78 (shared=4, total_inputs=6)
Warning:     shared inputs: $abc$77$new_n645 $abc$77$new_n1334 $abc$77$new_n1324 $abc$77$new_n1335
Warning:     node cut leaves: $abc$77$new_n1335 $abc$77$new_n1324 $abc$77$new_n950 $abc$77$new_n1334 $abc$77$new_n951 $abc$77$new_n645
Warning:     cand cut leaves: $abc$77$new_n1335 $abc$77$new_n1324 $abc$77$new_n1334 $abc$77$new_n645
Warning:     merged cut leaves: $abc$77$new_n1335 $abc$77$new_n1324 $abc$77$new_n950 $abc$77$new_n1334 $abc$77$new_n951 $abc$77$new_n645
Warning:     potential I5: $abc$77$new_n1335 $abc$77$new_n1324 $abc$77$new_n1334 $abc$77$new_n645 $abc$77$new_n951 $abc$77$new_n950
Warning: Layer covering: no valid LUT6D mapping for $abc$77$auto$blifparse.cc:536:parse_blif$754/$abc$77$auto$blifparse.cc:536:parse_blif$78 (shared=4, total_inputs=6)
Warning:     shared inputs: $abc$77$new_n645 $abc$77$new_n1334 $abc$77$new_n1324 $abc$77$new_n1335
Warning:     node cut leaves: $abc$77$new_n1335 $abc$77$new_n1324 $abc$77$new_n950 $abc$77$new_n1334 $abc$77$new_n951 $abc$77$new_n645
Warning:     cand cut leaves: $abc$77$new_n1335 $abc$77$new_n1324 $abc$77$new_n1334 $abc$77$new_n645
Warning:     merged cut leaves: $abc$77$new_n1335 $abc$77$new_n1324 $abc$77$new_n950 $abc$77$new_n1334 $abc$77$new_n951 $abc$77$new_n645
Warning:     potential I5: $abc$77$new_n1335 $abc$77$new_n1324 $abc$77$new_n1334 $abc$77$new_n645 $abc$77$new_n951 $abc$77$new_n950
Warning: Layer covering: no valid LUT6D mapping for $abc$77$auto$blifparse.cc:536:parse_blif$755/$abc$77$auto$blifparse.cc:536:parse_blif$78 (shared=4, total_inputs=6)
Warning:     shared inputs: $abc$77$new_n645 $abc$77$new_n1334 $abc$77$new_n1324 $abc$77$new_n1335
Warning:     node cut leaves: $abc$77$new_n1335 $abc$77$new_n1324 $abc$77$new_n806 $abc$77$new_n1334 $abc$77$new_n661 $abc$77$new_n645
Warning:     cand cut leaves: $abc$77$new_n1335 $abc$77$new_n1324 $abc$77$new_n1334 $abc$77$new_n645
Warning:     merged cut leaves: $abc$77$new_n1335 $abc$77$new_n1324 $abc$77$new_n806 $abc$77$new_n1334 $abc$77$new_n661 $abc$77$new_n645
Warning:     potential I5: $abc$77$new_n1335 $abc$77$new_n1324 $abc$77$new_n1334 $abc$77$new_n645 $abc$77$new_n661 $abc$77$new_n806
Warning: Layer covering: no valid LUT6D mapping for $abc$77$auto$blifparse.cc:536:parse_blif$755/$abc$77$auto$blifparse.cc:536:parse_blif$78 (shared=4, total_inputs=6)
Warning:     shared inputs: $abc$77$new_n645 $abc$77$new_n1334 $abc$77$new_n1324 $abc$77$new_n1335
Warning:     node cut leaves: $abc$77$new_n1335 $abc$77$new_n1324 $abc$77$new_n806 $abc$77$new_n1334 $abc$77$new_n661 $abc$77$new_n645
Warning:     cand cut leaves: $abc$77$new_n1335 $abc$77$new_n1324 $abc$77$new_n1334 $abc$77$new_n645
Warning:     merged cut leaves: $abc$77$new_n1335 $abc$77$new_n1324 $abc$77$new_n806 $abc$77$new_n1334 $abc$77$new_n661 $abc$77$new_n645
Warning:     potential I5: $abc$77$new_n1335 $abc$77$new_n1324 $abc$77$new_n1334 $abc$77$new_n645 $abc$77$new_n661 $abc$77$new_n806
Warning: Layer covering: no valid LUT6D mapping for $abc$77$auto$blifparse.cc:536:parse_blif$755/$abc$77$auto$blifparse.cc:536:parse_blif$78 (shared=4, total_inputs=6)
Warning:     shared inputs: $abc$77$new_n645 $abc$77$new_n1334 $abc$77$new_n1324 $abc$77$new_n1335
Warning:     node cut leaves: $abc$77$new_n1335 $abc$77$new_n1324 $abc$77$new_n806 $abc$77$new_n1334 $abc$77$new_n661 $abc$77$new_n645
Warning:     cand cut leaves: $abc$77$new_n1335 $abc$77$new_n1324 $abc$77$new_n1334 $abc$77$new_n645
Warning:     merged cut leaves: $abc$77$new_n1335 $abc$77$new_n1324 $abc$77$new_n806 $abc$77$new_n1334 $abc$77$new_n661 $abc$77$new_n645
Warning:     potential I5: $abc$77$new_n1335 $abc$77$new_n1324 $abc$77$new_n1334 $abc$77$new_n645 $abc$77$new_n661 $abc$77$new_n806
Warning: Layer covering: no valid LUT6D mapping for $abc$77$auto$blifparse.cc:536:parse_blif$755/$abc$77$auto$blifparse.cc:536:parse_blif$78 (shared=4, total_inputs=6)
Warning:     shared inputs: $abc$77$new_n645 $abc$77$new_n1334 $abc$77$new_n1324 $abc$77$new_n1335
Warning:     node cut leaves: $abc$77$new_n1335 $abc$77$new_n1324 $abc$77$new_n806 $abc$77$new_n1334 $abc$77$new_n661 $abc$77$new_n645
Warning:     cand cut leaves: $abc$77$new_n1335 $abc$77$new_n1324 $abc$77$new_n1334 $abc$77$new_n645
Warning:     merged cut leaves: $abc$77$new_n1335 $abc$77$new_n1324 $abc$77$new_n806 $abc$77$new_n1334 $abc$77$new_n661 $abc$77$new_n645
Warning:     potential I5: $abc$77$new_n1335 $abc$77$new_n1324 $abc$77$new_n1334 $abc$77$new_n645 $abc$77$new_n661 $abc$77$new_n806
Warning: Layer covering: no valid LUT6D mapping for $abc$77$auto$blifparse.cc:536:parse_blif$756/$abc$77$auto$blifparse.cc:536:parse_blif$78 (shared=4, total_inputs=6)
Warning:     shared inputs: $abc$77$new_n645 $abc$77$new_n1334 $abc$77$new_n1324 $abc$77$new_n1335
Warning:     node cut leaves: $abc$77$new_n1335 $abc$77$new_n1324 $abc$77$new_n952 $abc$77$new_n1334 $abc$77$new_n953 $abc$77$new_n645
Warning:     cand cut leaves: $abc$77$new_n1335 $abc$77$new_n1324 $abc$77$new_n1334 $abc$77$new_n645
Warning:     merged cut leaves: $abc$77$new_n1335 $abc$77$new_n1324 $abc$77$new_n952 $abc$77$new_n1334 $abc$77$new_n953 $abc$77$new_n645
Warning:     potential I5: $abc$77$new_n1335 $abc$77$new_n1324 $abc$77$new_n1334 $abc$77$new_n645 $abc$77$new_n953 $abc$77$new_n952
Warning: Layer covering: no valid LUT6D mapping for $abc$77$auto$blifparse.cc:536:parse_blif$756/$abc$77$auto$blifparse.cc:536:parse_blif$78 (shared=4, total_inputs=6)
Warning:     shared inputs: $abc$77$new_n645 $abc$77$new_n1334 $abc$77$new_n1324 $abc$77$new_n1335
Warning:     node cut leaves: $abc$77$new_n1335 $abc$77$new_n1324 $abc$77$new_n952 $abc$77$new_n1334 $abc$77$new_n953 $abc$77$new_n645
Warning:     cand cut leaves: $abc$77$new_n1335 $abc$77$new_n1324 $abc$77$new_n1334 $abc$77$new_n645
Warning:     merged cut leaves: $abc$77$new_n1335 $abc$77$new_n1324 $abc$77$new_n952 $abc$77$new_n1334 $abc$77$new_n953 $abc$77$new_n645
Warning:     potential I5: $abc$77$new_n1335 $abc$77$new_n1324 $abc$77$new_n1334 $abc$77$new_n645 $abc$77$new_n953 $abc$77$new_n952
Warning: Layer covering: no valid LUT6D mapping for $abc$77$auto$blifparse.cc:536:parse_blif$756/$abc$77$auto$blifparse.cc:536:parse_blif$78 (shared=4, total_inputs=6)
Warning:     shared inputs: $abc$77$new_n645 $abc$77$new_n1334 $abc$77$new_n1324 $abc$77$new_n1335
Warning:     node cut leaves: $abc$77$new_n1335 $abc$77$new_n1324 $abc$77$new_n952 $abc$77$new_n1334 $abc$77$new_n953 $abc$77$new_n645
Warning:     cand cut leaves: $abc$77$new_n1335 $abc$77$new_n1324 $abc$77$new_n1334 $abc$77$new_n645
Warning:     merged cut leaves: $abc$77$new_n1335 $abc$77$new_n1324 $abc$77$new_n952 $abc$77$new_n1334 $abc$77$new_n953 $abc$77$new_n645
Warning:     potential I5: $abc$77$new_n1335 $abc$77$new_n1324 $abc$77$new_n1334 $abc$77$new_n645 $abc$77$new_n953 $abc$77$new_n952
Warning: Layer covering: no valid LUT6D mapping for $abc$77$auto$blifparse.cc:536:parse_blif$756/$abc$77$auto$blifparse.cc:536:parse_blif$78 (shared=4, total_inputs=6)
Warning:     shared inputs: $abc$77$new_n645 $abc$77$new_n1334 $abc$77$new_n1324 $abc$77$new_n1335
Warning:     node cut leaves: $abc$77$new_n1335 $abc$77$new_n1324 $abc$77$new_n952 $abc$77$new_n1334 $abc$77$new_n953 $abc$77$new_n645
Warning:     cand cut leaves: $abc$77$new_n1335 $abc$77$new_n1324 $abc$77$new_n1334 $abc$77$new_n645
Warning:     merged cut leaves: $abc$77$new_n1335 $abc$77$new_n1324 $abc$77$new_n952 $abc$77$new_n1334 $abc$77$new_n953 $abc$77$new_n645
Warning:     potential I5: $abc$77$new_n1335 $abc$77$new_n1324 $abc$77$new_n1334 $abc$77$new_n645 $abc$77$new_n953 $abc$77$new_n952
Warning: Layer covering: no valid LUT6D mapping for $abc$77$auto$blifparse.cc:536:parse_blif$757/$abc$77$auto$blifparse.cc:536:parse_blif$78 (shared=4, total_inputs=6)
Warning:     shared inputs: $abc$77$new_n645 $abc$77$new_n1334 $abc$77$new_n1324 $abc$77$new_n1335
Warning:     node cut leaves: $abc$77$new_n1335 $abc$77$new_n1324 $abc$77$new_n956 $abc$77$new_n1334 $abc$77$new_n1341 $abc$77$new_n645
Warning:     cand cut leaves: $abc$77$new_n1335 $abc$77$new_n1324 $abc$77$new_n1334 $abc$77$new_n645
Warning:     merged cut leaves: $abc$77$new_n1335 $abc$77$new_n1324 $abc$77$new_n956 $abc$77$new_n1334 $abc$77$new_n1341 $abc$77$new_n645
Warning:     potential I5: $abc$77$new_n1335 $abc$77$new_n1324 $abc$77$new_n1334 $abc$77$new_n645 $abc$77$new_n1341 $abc$77$new_n956
Warning: Layer covering: no valid LUT6D mapping for $abc$77$auto$blifparse.cc:536:parse_blif$757/$abc$77$auto$blifparse.cc:536:parse_blif$78 (shared=4, total_inputs=6)
Warning:     shared inputs: $abc$77$new_n645 $abc$77$new_n1334 $abc$77$new_n1324 $abc$77$new_n1335
Warning:     node cut leaves: $abc$77$new_n1335 $abc$77$new_n1324 $abc$77$new_n956 $abc$77$new_n1334 $abc$77$new_n1341 $abc$77$new_n645
Warning:     cand cut leaves: $abc$77$new_n1335 $abc$77$new_n1324 $abc$77$new_n1334 $abc$77$new_n645
Warning:     merged cut leaves: $abc$77$new_n1335 $abc$77$new_n1324 $abc$77$new_n956 $abc$77$new_n1334 $abc$77$new_n1341 $abc$77$new_n645
Warning:     potential I5: $abc$77$new_n1335 $abc$77$new_n1324 $abc$77$new_n1334 $abc$77$new_n645 $abc$77$new_n1341 $abc$77$new_n956
Warning: Layer covering: no valid LUT6D mapping for $abc$77$auto$blifparse.cc:536:parse_blif$757/$abc$77$auto$blifparse.cc:536:parse_blif$78 (shared=4, total_inputs=6)
Warning:     shared inputs: $abc$77$new_n645 $abc$77$new_n1334 $abc$77$new_n1324 $abc$77$new_n1335
Warning:     node cut leaves: $abc$77$new_n1335 $abc$77$new_n1324 $abc$77$new_n956 $abc$77$new_n1334 $abc$77$new_n1341 $abc$77$new_n645
Warning:     cand cut leaves: $abc$77$new_n1335 $abc$77$new_n1324 $abc$77$new_n1334 $abc$77$new_n645
Warning:     merged cut leaves: $abc$77$new_n1335 $abc$77$new_n1324 $abc$77$new_n956 $abc$77$new_n1334 $abc$77$new_n1341 $abc$77$new_n645
Warning:     potential I5: $abc$77$new_n1335 $abc$77$new_n1324 $abc$77$new_n1334 $abc$77$new_n645 $abc$77$new_n1341 $abc$77$new_n956
Warning: Layer covering: no valid LUT6D mapping for $abc$77$auto$blifparse.cc:536:parse_blif$757/$abc$77$auto$blifparse.cc:536:parse_blif$78 (shared=4, total_inputs=6)
Warning:     shared inputs: $abc$77$new_n645 $abc$77$new_n1334 $abc$77$new_n1324 $abc$77$new_n1335
Warning:     node cut leaves: $abc$77$new_n1335 $abc$77$new_n1324 $abc$77$new_n956 $abc$77$new_n1334 $abc$77$new_n1341 $abc$77$new_n645
Warning:     cand cut leaves: $abc$77$new_n1335 $abc$77$new_n1324 $abc$77$new_n1334 $abc$77$new_n645
Warning:     merged cut leaves: $abc$77$new_n1335 $abc$77$new_n1324 $abc$77$new_n956 $abc$77$new_n1334 $abc$77$new_n1341 $abc$77$new_n645
Warning:     potential I5: $abc$77$new_n1335 $abc$77$new_n1324 $abc$77$new_n1334 $abc$77$new_n645 $abc$77$new_n1341 $abc$77$new_n956
Warning: Layer covering: no valid LUT6D mapping for $abc$77$auto$blifparse.cc:536:parse_blif$759/$abc$77$auto$blifparse.cc:536:parse_blif$78 (shared=4, total_inputs=6)
Warning:     shared inputs: $abc$77$new_n645 $abc$77$new_n1334 $abc$77$new_n1324 $abc$77$new_n1335
Warning:     node cut leaves: $abc$77$new_n1335 $abc$77$new_n1324 $abc$77$new_n959 $abc$77$new_n1334 $abc$77$new_n958 $abc$77$new_n645
Warning:     cand cut leaves: $abc$77$new_n1335 $abc$77$new_n1324 $abc$77$new_n1334 $abc$77$new_n645
Warning:     merged cut leaves: $abc$77$new_n1335 $abc$77$new_n1324 $abc$77$new_n959 $abc$77$new_n1334 $abc$77$new_n958 $abc$77$new_n645
Warning:     potential I5: $abc$77$new_n1335 $abc$77$new_n1324 $abc$77$new_n1334 $abc$77$new_n645 $abc$77$new_n958 $abc$77$new_n959
Warning: Layer covering: no valid LUT6D mapping for $abc$77$auto$blifparse.cc:536:parse_blif$759/$abc$77$auto$blifparse.cc:536:parse_blif$78 (shared=4, total_inputs=6)
Warning:     shared inputs: $abc$77$new_n645 $abc$77$new_n1334 $abc$77$new_n1324 $abc$77$new_n1335
Warning:     node cut leaves: $abc$77$new_n1335 $abc$77$new_n1324 $abc$77$new_n959 $abc$77$new_n1334 $abc$77$new_n958 $abc$77$new_n645
Warning:     cand cut leaves: $abc$77$new_n1335 $abc$77$new_n1324 $abc$77$new_n1334 $abc$77$new_n645
Warning:     merged cut leaves: $abc$77$new_n1335 $abc$77$new_n1324 $abc$77$new_n959 $abc$77$new_n1334 $abc$77$new_n958 $abc$77$new_n645
Warning:     potential I5: $abc$77$new_n1335 $abc$77$new_n1324 $abc$77$new_n1334 $abc$77$new_n645 $abc$77$new_n958 $abc$77$new_n959
Warning: Layer covering: no valid LUT6D mapping for $abc$77$auto$blifparse.cc:536:parse_blif$759/$abc$77$auto$blifparse.cc:536:parse_blif$78 (shared=4, total_inputs=6)
Warning:     shared inputs: $abc$77$new_n645 $abc$77$new_n1334 $abc$77$new_n1324 $abc$77$new_n1335
Warning:     node cut leaves: $abc$77$new_n1335 $abc$77$new_n1324 $abc$77$new_n959 $abc$77$new_n1334 $abc$77$new_n958 $abc$77$new_n645
Warning:     cand cut leaves: $abc$77$new_n1335 $abc$77$new_n1324 $abc$77$new_n1334 $abc$77$new_n645
Warning:     merged cut leaves: $abc$77$new_n1335 $abc$77$new_n1324 $abc$77$new_n959 $abc$77$new_n1334 $abc$77$new_n958 $abc$77$new_n645
Warning:     potential I5: $abc$77$new_n1335 $abc$77$new_n1324 $abc$77$new_n1334 $abc$77$new_n645 $abc$77$new_n958 $abc$77$new_n959
Warning: Layer covering: no valid LUT6D mapping for $abc$77$auto$blifparse.cc:536:parse_blif$759/$abc$77$auto$blifparse.cc:536:parse_blif$78 (shared=4, total_inputs=6)
Warning:     shared inputs: $abc$77$new_n645 $abc$77$new_n1334 $abc$77$new_n1324 $abc$77$new_n1335
Warning:     node cut leaves: $abc$77$new_n1335 $abc$77$new_n1324 $abc$77$new_n959 $abc$77$new_n1334 $abc$77$new_n958 $abc$77$new_n645
Warning:     cand cut leaves: $abc$77$new_n1335 $abc$77$new_n1324 $abc$77$new_n1334 $abc$77$new_n645
Warning:     merged cut leaves: $abc$77$new_n1335 $abc$77$new_n1324 $abc$77$new_n959 $abc$77$new_n1334 $abc$77$new_n958 $abc$77$new_n645
Warning:     potential I5: $abc$77$new_n1335 $abc$77$new_n1324 $abc$77$new_n1334 $abc$77$new_n645 $abc$77$new_n958 $abc$77$new_n959
    Generated 132 candidates: 2 dual, 130 single
    Selected: 1 dual-output, 129 single-output LUTs
  Layer 2: 262 signals to cover
    Generated 3972 candidates: 3711 dual, 261 single
    Selected: 105 dual-output, 138 single-output LUTs
  Layer 3: 209 signals to cover
    Generated 41 candidates: 1 dual, 40 single
    Selected: 1 dual-output, 39 single-output LUTs
  Layer 4: 110 signals to cover
    Generated 35 candidates: 5 dual, 30 single
    Selected: 4 dual-output, 25 single-output LUTs
  Layer 5: 84 signals to cover
    Generated 26 candidates: 1 dual, 25 single
    Selected: 1 dual-output, 24 single-output LUTs
  Layer 6: 70 signals to cover
    Generated 21 candidates: 2 dual, 19 single
    Selected: 2 dual-output, 17 single-output LUTs
  Layer 7: 67 signals to cover
    Generated 20 candidates: 2 dual, 18 single
    Selected: 1 dual-output, 17 single-output LUTs
  Layer 8: 67 signals to cover
    Generated 30 candidates: 7 dual, 23 single
    Selected: 2 dual-output, 20 single-output LUTs
  Layer 9: 78 signals to cover
    Generated 24 candidates: 2 dual, 22 single
    Selected: 1 dual-output, 20 single-output LUTs
  Layer 10: 75 signals to cover
    Generated 19 candidates: 1 dual, 18 single
    Selected: 1 dual-output, 17 single-output LUTs
  Layer 11: 69 signals to cover
    Generated 25 candidates: 2 dual, 23 single
    Selected: 2 dual-output, 21 single-output LUTs
  Layer 12: 90 signals to cover
    Generated 32 candidates: 1 dual, 31 single
    Selected: 1 dual-output, 30 single-output LUTs
  Layer 13: 90 signals to cover
    Generated 25 candidates: 5 dual, 20 single
    Selected: 2 dual-output, 17 single-output LUTs
  Layer 14: 58 signals to cover
    Generated 14 candidates: 2 dual, 12 single
    Selected: 1 dual-output, 10 single-output LUTs
  Layer 15: 34 signals to cover
    Generated 18 candidates: 7 dual, 11 single
    Selected: 3 dual-output, 6 single-output LUTs
  Layer 16: 31 signals to cover
    Generated 10 candidates: 0 dual, 10 single
    Selected: 0 dual-output, 10 single-output LUTs
  Layer 17: 32 signals to cover
    Generated 11 candidates: 1 dual, 10 single
    Selected: 1 dual-output, 9 single-output LUTs
  Layer 18: 31 signals to cover
    Generated 12 candidates: 2 dual, 10 single
    Selected: 1 dual-output, 8 single-output LUTs
  Layer 19: 15 signals to cover
    All signals covered or are PIs
  Total layers: 19
  Total LUTs: 130 dual-output + 557 single-output = 687

=== Covering Mode 2: Disjoint-aggressive ===

=== Layer-Based Covering Algorithm ===
  Dual-output pairing: enabled
  Layer 1: 130 signals to cover
Warning: Layer covering: no valid LUT6D mapping for $abc$77$auto$blifparse.cc:536:parse_blif$754/$abc$77$auto$blifparse.cc:536:parse_blif$78 (shared=4, total_inputs=6)
Warning:     shared inputs: $abc$77$new_n645 $abc$77$new_n1334 $abc$77$new_n1324 $abc$77$new_n1335
Warning:     node cut leaves: $abc$77$new_n1335 $abc$77$new_n1324 $abc$77$new_n950 $abc$77$new_n1334 $abc$77$new_n951 $abc$77$new_n645
Warning:     cand cut leaves: $abc$77$new_n1335 $abc$77$new_n1324 $abc$77$new_n1334 $abc$77$new_n645
Warning:     merged cut leaves: $abc$77$new_n1335 $abc$77$new_n1324 $abc$77$new_n950 $abc$77$new_n1334 $abc$77$new_n951 $abc$77$new_n645
Warning:     potential I5: $abc$77$new_n1335 $abc$77$new_n1324 $abc$77$new_n1334 $abc$77$new_n645 $abc$77$new_n951 $abc$77$new_n950
Warning: Layer covering: no valid LUT6D mapping for $abc$77$auto$blifparse.cc:536:parse_blif$754/$abc$77$auto$blifparse.cc:536:parse_blif$78 (shared=4, total_inputs=6)
Warning:     shared inputs: $abc$77$new_n645 $abc$77$new_n1334 $abc$77$new_n1324 $abc$77$new_n1335
Warning:     node cut leaves: $abc$77$new_n1335 $abc$77$new_n1324 $abc$77$new_n950 $abc$77$new_n1334 $abc$77$new_n951 $abc$77$new_n645
Warning:     cand cut leaves: $abc$77$new_n1335 $abc$77$new_n1324 $abc$77$new_n1334 $abc$77$new_n645
Warning:     merged cut leaves: $abc$77$new_n1335 $abc$77$new_n1324 $abc$77$new_n950 $abc$77$new_n1334 $abc$77$new_n951 $abc$77$new_n645
Warning:     potential I5: $abc$77$new_n1335 $abc$77$new_n1324 $abc$77$new_n1334 $abc$77$new_n645 $abc$77$new_n951 $abc$77$new_n950
Warning: Layer covering: no valid LUT6D mapping for $abc$77$auto$blifparse.cc:536:parse_blif$754/$abc$77$auto$blifparse.cc:536:parse_blif$78 (shared=4, total_inputs=6)
Warning:     shared inputs: $abc$77$new_n645 $abc$77$new_n1334 $abc$77$new_n1324 $abc$77$new_n1335
Warning:     node cut leaves: $abc$77$new_n1335 $abc$77$new_n1324 $abc$77$new_n950 $abc$77$new_n1334 $abc$77$new_n951 $abc$77$new_n645
Warning:     cand cut leaves: $abc$77$new_n1335 $abc$77$new_n1324 $abc$77$new_n1334 $abc$77$new_n645
Warning:     merged cut leaves: $abc$77$new_n1335 $abc$77$new_n1324 $abc$77$new_n950 $abc$77$new_n1334 $abc$77$new_n951 $abc$77$new_n645
Warning:     potential I5: $abc$77$new_n1335 $abc$77$new_n1324 $abc$77$new_n1334 $abc$77$new_n645 $abc$77$new_n951 $abc$77$new_n950
Warning: Layer covering: no valid LUT6D mapping for $abc$77$auto$blifparse.cc:536:parse_blif$754/$abc$77$auto$blifparse.cc:536:parse_blif$78 (shared=4, total_inputs=6)
Warning:     shared inputs: $abc$77$new_n645 $abc$77$new_n1334 $abc$77$new_n1324 $abc$77$new_n1335
Warning:     node cut leaves: $abc$77$new_n1335 $abc$77$new_n1324 $abc$77$new_n950 $abc$77$new_n1334 $abc$77$new_n951 $abc$77$new_n645
Warning:     cand cut leaves: $abc$77$new_n1335 $abc$77$new_n1324 $abc$77$new_n1334 $abc$77$new_n645
Warning:     merged cut leaves: $abc$77$new_n1335 $abc$77$new_n1324 $abc$77$new_n950 $abc$77$new_n1334 $abc$77$new_n951 $abc$77$new_n645
Warning:     potential I5: $abc$77$new_n1335 $abc$77$new_n1324 $abc$77$new_n1334 $abc$77$new_n645 $abc$77$new_n951 $abc$77$new_n950
Warning: Layer covering: no valid LUT6D mapping for $abc$77$auto$blifparse.cc:536:parse_blif$755/$abc$77$auto$blifparse.cc:536:parse_blif$78 (shared=4, total_inputs=6)
Warning:     shared inputs: $abc$77$new_n645 $abc$77$new_n1334 $abc$77$new_n1324 $abc$77$new_n1335
Warning:     node cut leaves: $abc$77$new_n1335 $abc$77$new_n1324 $abc$77$new_n806 $abc$77$new_n1334 $abc$77$new_n661 $abc$77$new_n645
Warning:     cand cut leaves: $abc$77$new_n1335 $abc$77$new_n1324 $abc$77$new_n1334 $abc$77$new_n645
Warning:     merged cut leaves: $abc$77$new_n1335 $abc$77$new_n1324 $abc$77$new_n806 $abc$77$new_n1334 $abc$77$new_n661 $abc$77$new_n645
Warning:     potential I5: $abc$77$new_n1335 $abc$77$new_n1324 $abc$77$new_n1334 $abc$77$new_n645 $abc$77$new_n661 $abc$77$new_n806
Warning: Layer covering: no valid LUT6D mapping for $abc$77$auto$blifparse.cc:536:parse_blif$755/$abc$77$auto$blifparse.cc:536:parse_blif$78 (shared=4, total_inputs=6)
Warning:     shared inputs: $abc$77$new_n645 $abc$77$new_n1334 $abc$77$new_n1324 $abc$77$new_n1335
Warning:     node cut leaves: $abc$77$new_n1335 $abc$77$new_n1324 $abc$77$new_n806 $abc$77$new_n1334 $abc$77$new_n661 $abc$77$new_n645
Warning:     cand cut leaves: $abc$77$new_n1335 $abc$77$new_n1324 $abc$77$new_n1334 $abc$77$new_n645
Warning:     merged cut leaves: $abc$77$new_n1335 $abc$77$new_n1324 $abc$77$new_n806 $abc$77$new_n1334 $abc$77$new_n661 $abc$77$new_n645
Warning:     potential I5: $abc$77$new_n1335 $abc$77$new_n1324 $abc$77$new_n1334 $abc$77$new_n645 $abc$77$new_n661 $abc$77$new_n806
Warning: Layer covering: no valid LUT6D mapping for $abc$77$auto$blifparse.cc:536:parse_blif$755/$abc$77$auto$blifparse.cc:536:parse_blif$78 (shared=4, total_inputs=6)
Warning:     shared inputs: $abc$77$new_n645 $abc$77$new_n1334 $abc$77$new_n1324 $abc$77$new_n1335
Warning:     node cut leaves: $abc$77$new_n1335 $abc$77$new_n1324 $abc$77$new_n806 $abc$77$new_n1334 $abc$77$new_n661 $abc$77$new_n645
Warning:     cand cut leaves: $abc$77$new_n1335 $abc$77$new_n1324 $abc$77$new_n1334 $abc$77$new_n645
Warning:     merged cut leaves: $abc$77$new_n1335 $abc$77$new_n1324 $abc$77$new_n806 $abc$77$new_n1334 $abc$77$new_n661 $abc$77$new_n645
Warning:     potential I5: $abc$77$new_n1335 $abc$77$new_n1324 $abc$77$new_n1334 $abc$77$new_n645 $abc$77$new_n661 $abc$77$new_n806
Warning: Layer covering: no valid LUT6D mapping for $abc$77$auto$blifparse.cc:536:parse_blif$755/$abc$77$auto$blifparse.cc:536:parse_blif$78 (shared=4, total_inputs=6)
Warning:     shared inputs: $abc$77$new_n645 $abc$77$new_n1334 $abc$77$new_n1324 $abc$77$new_n1335
Warning:     node cut leaves: $abc$77$new_n1335 $abc$77$new_n1324 $abc$77$new_n806 $abc$77$new_n1334 $abc$77$new_n661 $abc$77$new_n645
Warning:     cand cut leaves: $abc$77$new_n1335 $abc$77$new_n1324 $abc$77$new_n1334 $abc$77$new_n645
Warning:     merged cut leaves: $abc$77$new_n1335 $abc$77$new_n1324 $abc$77$new_n806 $abc$77$new_n1334 $abc$77$new_n661 $abc$77$new_n645
Warning:     potential I5: $abc$77$new_n1335 $abc$77$new_n1324 $abc$77$new_n1334 $abc$77$new_n645 $abc$77$new_n661 $abc$77$new_n806
Warning: Layer covering: no valid LUT6D mapping for $abc$77$auto$blifparse.cc:536:parse_blif$756/$abc$77$auto$blifparse.cc:536:parse_blif$78 (shared=4, total_inputs=6)
Warning:     shared inputs: $abc$77$new_n645 $abc$77$new_n1334 $abc$77$new_n1324 $abc$77$new_n1335
Warning:     node cut leaves: $abc$77$new_n1335 $abc$77$new_n1324 $abc$77$new_n952 $abc$77$new_n1334 $abc$77$new_n953 $abc$77$new_n645
Warning:     cand cut leaves: $abc$77$new_n1335 $abc$77$new_n1324 $abc$77$new_n1334 $abc$77$new_n645
Warning:     merged cut leaves: $abc$77$new_n1335 $abc$77$new_n1324 $abc$77$new_n952 $abc$77$new_n1334 $abc$77$new_n953 $abc$77$new_n645
Warning:     potential I5: $abc$77$new_n1335 $abc$77$new_n1324 $abc$77$new_n1334 $abc$77$new_n645 $abc$77$new_n953 $abc$77$new_n952
Warning: Layer covering: no valid LUT6D mapping for $abc$77$auto$blifparse.cc:536:parse_blif$756/$abc$77$auto$blifparse.cc:536:parse_blif$78 (shared=4, total_inputs=6)
Warning:     shared inputs: $abc$77$new_n645 $abc$77$new_n1334 $abc$77$new_n1324 $abc$77$new_n1335
Warning:     node cut leaves: $abc$77$new_n1335 $abc$77$new_n1324 $abc$77$new_n952 $abc$77$new_n1334 $abc$77$new_n953 $abc$77$new_n645
Warning:     cand cut leaves: $abc$77$new_n1335 $abc$77$new_n1324 $abc$77$new_n1334 $abc$77$new_n645
Warning:     merged cut leaves: $abc$77$new_n1335 $abc$77$new_n1324 $abc$77$new_n952 $abc$77$new_n1334 $abc$77$new_n953 $abc$77$new_n645
Warning:     potential I5: $abc$77$new_n1335 $abc$77$new_n1324 $abc$77$new_n1334 $abc$77$new_n645 $abc$77$new_n953 $abc$77$new_n952
Warning: Layer covering: no valid LUT6D mapping for $abc$77$auto$blifparse.cc:536:parse_blif$756/$abc$77$auto$blifparse.cc:536:parse_blif$78 (shared=4, total_inputs=6)
Warning:     shared inputs: $abc$77$new_n645 $abc$77$new_n1334 $abc$77$new_n1324 $abc$77$new_n1335
Warning:     node cut leaves: $abc$77$new_n1335 $abc$77$new_n1324 $abc$77$new_n952 $abc$77$new_n1334 $abc$77$new_n953 $abc$77$new_n645
Warning:     cand cut leaves: $abc$77$new_n1335 $abc$77$new_n1324 $abc$77$new_n1334 $abc$77$new_n645
Warning:     merged cut leaves: $abc$77$new_n1335 $abc$77$new_n1324 $abc$77$new_n952 $abc$77$new_n1334 $abc$77$new_n953 $abc$77$new_n645
Warning:     potential I5: $abc$77$new_n1335 $abc$77$new_n1324 $abc$77$new_n1334 $abc$77$new_n645 $abc$77$new_n953 $abc$77$new_n952
Warning: Layer covering: no valid LUT6D mapping for $abc$77$auto$blifparse.cc:536:parse_blif$756/$abc$77$auto$blifparse.cc:536:parse_blif$78 (shared=4, total_inputs=6)
Warning:     shared inputs: $abc$77$new_n645 $abc$77$new_n1334 $abc$77$new_n1324 $abc$77$new_n1335
Warning:     node cut leaves: $abc$77$new_n1335 $abc$77$new_n1324 $abc$77$new_n952 $abc$77$new_n1334 $abc$77$new_n953 $abc$77$new_n645
Warning:     cand cut leaves: $abc$77$new_n1335 $abc$77$new_n1324 $abc$77$new_n1334 $abc$77$new_n645
Warning:     merged cut leaves: $abc$77$new_n1335 $abc$77$new_n1324 $abc$77$new_n952 $abc$77$new_n1334 $abc$77$new_n953 $abc$77$new_n645
Warning:     potential I5: $abc$77$new_n1335 $abc$77$new_n1324 $abc$77$new_n1334 $abc$77$new_n645 $abc$77$new_n953 $abc$77$new_n952
Warning: Layer covering: no valid LUT6D mapping for $abc$77$auto$blifparse.cc:536:parse_blif$757/$abc$77$auto$blifparse.cc:536:parse_blif$78 (shared=4, total_inputs=6)
Warning:     shared inputs: $abc$77$new_n645 $abc$77$new_n1334 $abc$77$new_n1324 $abc$77$new_n1335
Warning:     node cut leaves: $abc$77$new_n1335 $abc$77$new_n1324 $abc$77$new_n956 $abc$77$new_n1334 $abc$77$new_n1341 $abc$77$new_n645
Warning:     cand cut leaves: $abc$77$new_n1335 $abc$77$new_n1324 $abc$77$new_n1334 $abc$77$new_n645
Warning:     merged cut leaves: $abc$77$new_n1335 $abc$77$new_n1324 $abc$77$new_n956 $abc$77$new_n1334 $abc$77$new_n1341 $abc$77$new_n645
Warning:     potential I5: $abc$77$new_n1335 $abc$77$new_n1324 $abc$77$new_n1334 $abc$77$new_n645 $abc$77$new_n1341 $abc$77$new_n956
Warning: Layer covering: no valid LUT6D mapping for $abc$77$auto$blifparse.cc:536:parse_blif$757/$abc$77$auto$blifparse.cc:536:parse_blif$78 (shared=4, total_inputs=6)
Warning:     shared inputs: $abc$77$new_n645 $abc$77$new_n1334 $abc$77$new_n1324 $abc$77$new_n1335
Warning:     node cut leaves: $abc$77$new_n1335 $abc$77$new_n1324 $abc$77$new_n956 $abc$77$new_n1334 $abc$77$new_n1341 $abc$77$new_n645
Warning:     cand cut leaves: $abc$77$new_n1335 $abc$77$new_n1324 $abc$77$new_n1334 $abc$77$new_n645
Warning:     merged cut leaves: $abc$77$new_n1335 $abc$77$new_n1324 $abc$77$new_n956 $abc$77$new_n1334 $abc$77$new_n1341 $abc$77$new_n645
Warning:     potential I5: $abc$77$new_n1335 $abc$77$new_n1324 $abc$77$new_n1334 $abc$77$new_n645 $abc$77$new_n1341 $abc$77$new_n956
Warning: Layer covering: no valid LUT6D mapping for $abc$77$auto$blifparse.cc:536:parse_blif$757/$abc$77$auto$blifparse.cc:536:parse_blif$78 (shared=4, total_inputs=6)
Warning:     shared inputs: $abc$77$new_n645 $abc$77$new_n1334 $abc$77$new_n1324 $abc$77$new_n1335
Warning:     node cut leaves: $abc$77$new_n1335 $abc$77$new_n1324 $abc$77$new_n956 $abc$77$new_n1334 $abc$77$new_n1341 $abc$77$new_n645
Warning:     cand cut leaves: $abc$77$new_n1335 $abc$77$new_n1324 $abc$77$new_n1334 $abc$77$new_n645
Warning:     merged cut leaves: $abc$77$new_n1335 $abc$77$new_n1324 $abc$77$new_n956 $abc$77$new_n1334 $abc$77$new_n1341 $abc$77$new_n645
Warning:     potential I5: $abc$77$new_n1335 $abc$77$new_n1324 $abc$77$new_n1334 $abc$77$new_n645 $abc$77$new_n1341 $abc$77$new_n956
Warning: Layer covering: no valid LUT6D mapping for $abc$77$auto$blifparse.cc:536:parse_blif$757/$abc$77$auto$blifparse.cc:536:parse_blif$78 (shared=4, total_inputs=6)
Warning:     shared inputs: $abc$77$new_n645 $abc$77$new_n1334 $abc$77$new_n1324 $abc$77$new_n1335
Warning:     node cut leaves: $abc$77$new_n1335 $abc$77$new_n1324 $abc$77$new_n956 $abc$77$new_n1334 $abc$77$new_n1341 $abc$77$new_n645
Warning:     cand cut leaves: $abc$77$new_n1335 $abc$77$new_n1324 $abc$77$new_n1334 $abc$77$new_n645
Warning:     merged cut leaves: $abc$77$new_n1335 $abc$77$new_n1324 $abc$77$new_n956 $abc$77$new_n1334 $abc$77$new_n1341 $abc$77$new_n645
Warning:     potential I5: $abc$77$new_n1335 $abc$77$new_n1324 $abc$77$new_n1334 $abc$77$new_n645 $abc$77$new_n1341 $abc$77$new_n956
Warning: Layer covering: no valid LUT6D mapping for $abc$77$auto$blifparse.cc:536:parse_blif$759/$abc$77$auto$blifparse.cc:536:parse_blif$78 (shared=4, total_inputs=6)
Warning:     shared inputs: $abc$77$new_n645 $abc$77$new_n1334 $abc$77$new_n1324 $abc$77$new_n1335
Warning:     node cut leaves: $abc$77$new_n1335 $abc$77$new_n1324 $abc$77$new_n959 $abc$77$new_n1334 $abc$77$new_n958 $abc$77$new_n645
Warning:     cand cut leaves: $abc$77$new_n1335 $abc$77$new_n1324 $abc$77$new_n1334 $abc$77$new_n645
Warning:     merged cut leaves: $abc$77$new_n1335 $abc$77$new_n1324 $abc$77$new_n959 $abc$77$new_n1334 $abc$77$new_n958 $abc$77$new_n645
Warning:     potential I5: $abc$77$new_n1335 $abc$77$new_n1324 $abc$77$new_n1334 $abc$77$new_n645 $abc$77$new_n958 $abc$77$new_n959
Warning: Layer covering: no valid LUT6D mapping for $abc$77$auto$blifparse.cc:536:parse_blif$759/$abc$77$auto$blifparse.cc:536:parse_blif$78 (shared=4, total_inputs=6)
Warning:     shared inputs: $abc$77$new_n645 $abc$77$new_n1334 $abc$77$new_n1324 $abc$77$new_n1335
Warning:     node cut leaves: $abc$77$new_n1335 $abc$77$new_n1324 $abc$77$new_n959 $abc$77$new_n1334 $abc$77$new_n958 $abc$77$new_n645
Warning:     cand cut leaves: $abc$77$new_n1335 $abc$77$new_n1324 $abc$77$new_n1334 $abc$77$new_n645
Warning:     merged cut leaves: $abc$77$new_n1335 $abc$77$new_n1324 $abc$77$new_n959 $abc$77$new_n1334 $abc$77$new_n958 $abc$77$new_n645
Warning:     potential I5: $abc$77$new_n1335 $abc$77$new_n1324 $abc$77$new_n1334 $abc$77$new_n645 $abc$77$new_n958 $abc$77$new_n959
Warning: Layer covering: no valid LUT6D mapping for $abc$77$auto$blifparse.cc:536:parse_blif$759/$abc$77$auto$blifparse.cc:536:parse_blif$78 (shared=4, total_inputs=6)
Warning:     shared inputs: $abc$77$new_n645 $abc$77$new_n1334 $abc$77$new_n1324 $abc$77$new_n1335
Warning:     node cut leaves: $abc$77$new_n1335 $abc$77$new_n1324 $abc$77$new_n959 $abc$77$new_n1334 $abc$77$new_n958 $abc$77$new_n645
Warning:     cand cut leaves: $abc$77$new_n1335 $abc$77$new_n1324 $abc$77$new_n1334 $abc$77$new_n645
Warning:     merged cut leaves: $abc$77$new_n1335 $abc$77$new_n1324 $abc$77$new_n959 $abc$77$new_n1334 $abc$77$new_n958 $abc$77$new_n645
Warning:     potential I5: $abc$77$new_n1335 $abc$77$new_n1324 $abc$77$new_n1334 $abc$77$new_n645 $abc$77$new_n958 $abc$77$new_n959
Warning: Layer covering: no valid LUT6D mapping for $abc$77$auto$blifparse.cc:536:parse_blif$759/$abc$77$auto$blifparse.cc:536:parse_blif$78 (shared=4, total_inputs=6)
Warning:     shared inputs: $abc$77$new_n645 $abc$77$new_n1334 $abc$77$new_n1324 $abc$77$new_n1335
Warning:     node cut leaves: $abc$77$new_n1335 $abc$77$new_n1324 $abc$77$new_n959 $abc$77$new_n1334 $abc$77$new_n958 $abc$77$new_n645
Warning:     cand cut leaves: $abc$77$new_n1335 $abc$77$new_n1324 $abc$77$new_n1334 $abc$77$new_n645
Warning:     merged cut leaves: $abc$77$new_n1335 $abc$77$new_n1324 $abc$77$new_n959 $abc$77$new_n1334 $abc$77$new_n958 $abc$77$new_n645
Warning:     potential I5: $abc$77$new_n1335 $abc$77$new_n1324 $abc$77$new_n1334 $abc$77$new_n645 $abc$77$new_n958 $abc$77$new_n959
    Generated 132 candidates: 2 dual, 130 single
    Selected: 1 dual-output, 129 single-output LUTs
  Layer 2: 262 signals to cover
    Generated 3972 candidates: 3711 dual, 261 single
    Selected: 105 dual-output, 138 single-output LUTs
  Layer 3: 209 signals to cover
    Generated 41 candidates: 1 dual, 40 single
    Selected: 1 dual-output, 39 single-output LUTs
  Layer 4: 110 signals to cover
    Generated 35 candidates: 5 dual, 30 single
    Selected: 4 dual-output, 25 single-output LUTs
  Layer 5: 84 signals to cover
    Generated 26 candidates: 1 dual, 25 single
    Selected: 1 dual-output, 24 single-output LUTs
  Layer 6: 70 signals to cover
    Generated 21 candidates: 2 dual, 19 single
    Selected: 2 dual-output, 17 single-output LUTs
  Layer 7: 67 signals to cover
    Generated 20 candidates: 2 dual, 18 single
    Selected: 1 dual-output, 17 single-output LUTs
  Layer 8: 67 signals to cover
    Generated 30 candidates: 7 dual, 23 single
    Selected: 2 dual-output, 20 single-output LUTs
  Layer 9: 78 signals to cover
    Generated 24 candidates: 2 dual, 22 single
    Selected: 1 dual-output, 20 single-output LUTs
  Layer 10: 75 signals to cover
    Generated 19 candidates: 1 dual, 18 single
    Selected: 1 dual-output, 17 single-output LUTs
  Layer 11: 69 signals to cover
    Generated 25 candidates: 2 dual, 23 single
    Selected: 2 dual-output, 21 single-output LUTs
  Layer 12: 90 signals to cover
    Generated 32 candidates: 1 dual, 31 single
    Selected: 1 dual-output, 30 single-output LUTs
  Layer 13: 90 signals to cover
    Generated 25 candidates: 5 dual, 20 single
    Selected: 2 dual-output, 17 single-output LUTs
  Layer 14: 58 signals to cover
    Generated 14 candidates: 2 dual, 12 single
    Selected: 1 dual-output, 10 single-output LUTs
  Layer 15: 34 signals to cover
    Generated 18 candidates: 7 dual, 11 single
    Selected: 3 dual-output, 6 single-output LUTs
  Layer 16: 31 signals to cover
    Generated 10 candidates: 0 dual, 10 single
    Selected: 0 dual-output, 10 single-output LUTs
  Layer 17: 32 signals to cover
    Generated 11 candidates: 1 dual, 10 single
    Selected: 1 dual-output, 9 single-output LUTs
  Layer 18: 31 signals to cover
    Generated 12 candidates: 2 dual, 10 single
    Selected: 1 dual-output, 8 single-output LUTs
  Layer 19: 15 signals to cover
    All signals covered or are PIs
  Total layers: 19
  Total LUTs: 130 dual-output + 557 single-output = 687

=== Covering Mode 3: Best-cut single-output ===
  Post-packing: merged 61 single-LUT pairs into dual LUTs
  Post-packing: merged 61 single-LUT pairs into dual LUTs
  Post-packing: merged 165 single-LUT pairs into dual LUTs
  Covering mode decision: mode1=626, mode2=626, mode3=652, picked=standard-dual (626 LUTs)

Total LUT6D cells to be added: 191
Total single-output LUTs to be added: 435
Removed 817 original cells covered by LUT outputs

Final: 191 LUT6D + 435 single LUT = 626 total LUTs
Cleaning up global data structures...
Memory cleanup complete.
<suppressed ~8542 debug messages>

. Printing statistics.

=== /Users/yoyowang/Desktop/benchmark/max.aig ===

        +----------Local Count, excluding submodules.
        | 
     1329 wires
     1329 wire bits
      642 public wires
      642 public wire bits
      642 ports
      642 port bits
      626 cells
        5   GTP_LUT3
       47   GTP_LUT4
        9   GTP_LUT4D
       85   GTP_LUT5
       33   GTP_LUT5D
      298   GTP_LUT6
      149   GTP_LUT6D

. Executing Verilog backend.

1. Executing BMUXMAP pass.

2. Executing DEMUXMAP pass.
Dumping module `\/Users/yoyowang/Desktop/benchmark/max.aig'.

Warnings: 22 unique messages, 240 total
End of script. Logfile hash: 0000266fef, CPU: user 1.17s system 0.01s, MEM: 30.41 MB peak
Yosys 0.60+64 (git sha1 e3af261e1-dirty, clang++ 17.0.0 -fPIC -O3)
Time spent: 60% 1x lut6d_map (1 sec), 32% 1x abc (0 sec), ...
