
 /----------------------------------------------------------------------------\
 |  yosys -- Yosys Open SYnthesis Suite                                       |
 |  Copyright (C) 2012 - 2025  Claire Xenia Wolf <claire@yosyshq.com>         |
 |  Distributed under an ISC-like license, type "license" to see terms        |
 \----------------------------------------------------------------------------/
 Yosys 0.60+64 (git sha1 e3af261e1-dirty, clang++ 17.0.0 -fPIC -O3)

-- Running command `
        read_aiger /Users/yoyowang/Desktop/benchmark/mem_ctrl.aig
        hierarchy -check -auto-top
        proc; opt; techmap; opt;
        # 先用ABC生成K=6单输出LUT基线，再由lut6d_map执行双输出打包
        abc -lut 6
        opt
        lut6d_map
        clean
        stat
        write_verilog test_output_epfl/mem_ctrl_lut6d_mapped.v
    ' --

1. Executing AIGER frontend.
<suppressed ~1 debug messages>
Removed 0 unused cells and 2202 unused wires.

2. Executing HIERARCHY pass (managing design hierarchy).

2.1. Finding top of design hierarchy..
root of   0 design levels: /Users/yoyowang/Desktop/benchmark/mem_ctrl.aig
Automatically selected /Users/yoyowang/Desktop/benchmark/mem_ctrl.aig as design top module.

2.2. Analyzing design hierarchy..
Top module:  \/Users/yoyowang/Desktop/benchmark/mem_ctrl.aig

2.3. Analyzing design hierarchy..
Top module:  \/Users/yoyowang/Desktop/benchmark/mem_ctrl.aig
Removed 0 unused modules.

3. Executing PROC pass (convert processes to netlists).

3.1. Executing PROC_CLEAN pass (remove empty switches from decision trees).
Cleaned up 0 empty switches.

3.2. Executing PROC_RMDEAD pass (remove dead branches from decision trees).
Removed a total of 0 dead cases.

3.3. Executing PROC_PRUNE pass (remove redundant assignments in processes).
Removed 0 redundant assignments.
Promoted 0 assignments to connections.

3.4. Executing PROC_INIT pass (extract init attributes).

3.5. Executing PROC_ARST pass (detect async resets in processes).

3.6. Executing PROC_ROM pass (convert switches to ROMs).
Converted 0 switches.

3.7. Executing PROC_MUX pass (convert decision trees to multiplexers).

3.8. Executing PROC_DLATCH pass (convert process syncs to latches).

3.9. Executing PROC_DFF pass (convert process syncs to FFs).

3.10. Executing PROC_MEMWR pass (convert process memory writes to cells).

3.11. Executing PROC_CLEAN pass (remove empty switches from decision trees).
Cleaned up 0 empty switches.

3.12. Executing OPT_EXPR pass (perform const folding).
Optimizing module /Users/yoyowang/Desktop/benchmark/mem_ctrl.aig.
<suppressed ~1 debug messages>

4. Executing OPT pass (performing simple optimizations).

4.1. Executing OPT_EXPR pass (perform const folding).
Optimizing module /Users/yoyowang/Desktop/benchmark/mem_ctrl.aig.

4.2. Executing OPT_MERGE pass (detect identical cells).
Finding identical cells in module `\/Users/yoyowang/Desktop/benchmark/mem_ctrl.aig'.
Removed a total of 0 cells.

4.3. Executing OPT_MUXTREE pass (detect dead branches in mux trees).
Running muxtree optimizer on module \/Users/yoyowang/Desktop/benchmark/mem_ctrl.aig..
  Creating internal representation of mux trees.
  No muxes found in this module.
Removed 0 multiplexer ports.

4.4. Executing OPT_REDUCE pass (consolidate $*mux and $reduce_* inputs).
  Optimizing cells in module \/Users/yoyowang/Desktop/benchmark/mem_ctrl.aig.
Performed a total of 0 changes.

4.5. Executing OPT_MERGE pass (detect identical cells).
Finding identical cells in module `\/Users/yoyowang/Desktop/benchmark/mem_ctrl.aig'.
Removed a total of 0 cells.

4.6. Executing OPT_DFF pass (perform DFF optimizations).

4.7. Executing OPT_CLEAN pass (remove unused cells and wires).
Finding unused cells or wires in module \/Users/yoyowang/Desktop/benchmark/mem_ctrl.aig..

4.8. Executing OPT_EXPR pass (perform const folding).
Optimizing module /Users/yoyowang/Desktop/benchmark/mem_ctrl.aig.

4.9. Finished fast OPT passes. (There is nothing left to do.)

5. Executing TECHMAP pass (map to technology primitives).

5.1. Executing Verilog-2005 frontend: /Users/yoyowang/Desktop/yosysDualOutputLUT/share/techmap.v
Parsing Verilog input from `/Users/yoyowang/Desktop/yosysDualOutputLUT/share/techmap.v' to AST representation.
verilog frontend filename /Users/yoyowang/Desktop/yosysDualOutputLUT/share/techmap.v
Generating RTLIL representation for module `\_90_simplemap_bool_ops'.
Generating RTLIL representation for module `\_90_simplemap_reduce_ops'.
Generating RTLIL representation for module `\_90_simplemap_logic_ops'.
Generating RTLIL representation for module `\_90_simplemap_compare_ops'.
Generating RTLIL representation for module `\_90_simplemap_various'.
Generating RTLIL representation for module `\_90_simplemap_registers'.
Generating RTLIL representation for module `\_90_shift_ops_shr_shl_sshl_sshr'.
Generating RTLIL representation for module `\_90_shift_shiftx'.
Generating RTLIL representation for module `\_90_fa'.
Generating RTLIL representation for module `\_90_lcu_brent_kung'.
Generating RTLIL representation for module `\_90_alu'.
Generating RTLIL representation for module `\_90_macc'.
Generating RTLIL representation for module `\_90_alumacc'.
Generating RTLIL representation for module `\$__div_mod_u'.
Generating RTLIL representation for module `\$__div_mod_trunc'.
Generating RTLIL representation for module `\_90_div'.
Generating RTLIL representation for module `\_90_mod'.
Generating RTLIL representation for module `\$__div_mod_floor'.
Generating RTLIL representation for module `\_90_divfloor'.
Generating RTLIL representation for module `\_90_modfloor'.
Generating RTLIL representation for module `\_90_pow'.
Generating RTLIL representation for module `\_90_pmux'.
Generating RTLIL representation for module `\_90_demux'.
Generating RTLIL representation for module `\_90_lut'.
Generating RTLIL representation for module `\$connect'.
Generating RTLIL representation for module `\$input_port'.
Successfully finished Verilog frontend.

5.2. Continuing TECHMAP pass.
No more expansions possible.
<suppressed ~77 debug messages>

6. Executing OPT pass (performing simple optimizations).

6.1. Executing OPT_EXPR pass (perform const folding).
Optimizing module /Users/yoyowang/Desktop/benchmark/mem_ctrl.aig.

6.2. Executing OPT_MERGE pass (detect identical cells).
Finding identical cells in module `\/Users/yoyowang/Desktop/benchmark/mem_ctrl.aig'.
Removed a total of 0 cells.

6.3. Executing OPT_MUXTREE pass (detect dead branches in mux trees).
Running muxtree optimizer on module \/Users/yoyowang/Desktop/benchmark/mem_ctrl.aig..
  Creating internal representation of mux trees.
  No muxes found in this module.
Removed 0 multiplexer ports.

6.4. Executing OPT_REDUCE pass (consolidate $*mux and $reduce_* inputs).
  Optimizing cells in module \/Users/yoyowang/Desktop/benchmark/mem_ctrl.aig.
Performed a total of 0 changes.

6.5. Executing OPT_MERGE pass (detect identical cells).
Finding identical cells in module `\/Users/yoyowang/Desktop/benchmark/mem_ctrl.aig'.
Removed a total of 0 cells.

6.6. Executing OPT_DFF pass (perform DFF optimizations).

6.7. Executing OPT_CLEAN pass (remove unused cells and wires).
Finding unused cells or wires in module \/Users/yoyowang/Desktop/benchmark/mem_ctrl.aig..

6.8. Executing OPT_EXPR pass (perform const folding).
Optimizing module /Users/yoyowang/Desktop/benchmark/mem_ctrl.aig.

6.9. Finished fast OPT passes. (There is nothing left to do.)

7. Executing ABC pass (technology mapping using ABC).

7.1. Extracting gate netlist of module `\/Users/yoyowang/Desktop/benchmark/mem_ctrl.aig' to `<abc-temp-dir>/input.blif'..

7.1.1. Executed ABC.
Extracted 83714 gates and 84742 wires to a netlist network with 1028 inputs and 996 outputs.
Running ABC script: <abc-temp-dir>/abc.script
ABC: 
ABC: ======== ABC command line "source <abc-temp-dir>/abc.script"
ABC: + read_blif <abc-temp-dir>/input.blif 
ABC: + read_lut /var/folders/6m/kyf8390j1xl9kqlndxdjdvfc0000gn/T/yosys-abc-YCWkQr/lutdefs.txt 
ABC: + strash 
ABC: + &get -n 
ABC: + &fraig -x 
ABC: + &put 
ABC: + scorr 
ABC: Warning: The network is combinational (run "fraig" or "fraig_sweep").
ABC: + dc2 
ABC: + dretime 
ABC: + strash 
ABC: + dch -f 
ABC: + if 
ABC: + mfs2 
ABC: + lutpack -S 1 
ABC: + write_blif <abc-temp-dir>/output.blif 

7.1.2. Re-integrating ABC results.
ABC RESULTS:              $lut cells:     9232
ABC RESULTS:        internal signals:    82718
ABC RESULTS:           input signals:     1028
ABC RESULTS:          output signals:      996
Removing temp directory.
Removing global temp directory.

8. Executing OPT pass (performing simple optimizations).

8.1. Executing OPT_EXPR pass (perform const folding).
Optimizing module /Users/yoyowang/Desktop/benchmark/mem_ctrl.aig.

8.2. Executing OPT_MERGE pass (detect identical cells).
Finding identical cells in module `\/Users/yoyowang/Desktop/benchmark/mem_ctrl.aig'.
<suppressed ~57 debug messages>
Removed a total of 19 cells.

8.3. Executing OPT_MUXTREE pass (detect dead branches in mux trees).
Running muxtree optimizer on module \/Users/yoyowang/Desktop/benchmark/mem_ctrl.aig..
  Creating internal representation of mux trees.
  No muxes found in this module.
Removed 0 multiplexer ports.

8.4. Executing OPT_REDUCE pass (consolidate $*mux and $reduce_* inputs).
  Optimizing cells in module \/Users/yoyowang/Desktop/benchmark/mem_ctrl.aig.
Performed a total of 0 changes.

8.5. Executing OPT_MERGE pass (detect identical cells).
Finding identical cells in module `\/Users/yoyowang/Desktop/benchmark/mem_ctrl.aig'.
Removed a total of 0 cells.

8.6. Executing OPT_DFF pass (perform DFF optimizations).

8.7. Executing OPT_CLEAN pass (remove unused cells and wires).
Finding unused cells or wires in module \/Users/yoyowang/Desktop/benchmark/mem_ctrl.aig..
Removed 0 unused cells and 84761 unused wires.
<suppressed ~1 debug messages>

8.8. Executing OPT_EXPR pass (perform const folding).
Optimizing module /Users/yoyowang/Desktop/benchmark/mem_ctrl.aig.

8.9. Rerunning OPT passes. (Maybe there is more to do..)

8.10. Executing OPT_MUXTREE pass (detect dead branches in mux trees).
Running muxtree optimizer on module \/Users/yoyowang/Desktop/benchmark/mem_ctrl.aig..
  Creating internal representation of mux trees.
  No muxes found in this module.
Removed 0 multiplexer ports.

8.11. Executing OPT_REDUCE pass (consolidate $*mux and $reduce_* inputs).
  Optimizing cells in module \/Users/yoyowang/Desktop/benchmark/mem_ctrl.aig.
Performed a total of 0 changes.

8.12. Executing OPT_MERGE pass (detect identical cells).
Finding identical cells in module `\/Users/yoyowang/Desktop/benchmark/mem_ctrl.aig'.
Removed a total of 0 cells.

8.13. Executing OPT_DFF pass (perform DFF optimizations).

8.14. Executing OPT_CLEAN pass (remove unused cells and wires).
Finding unused cells or wires in module \/Users/yoyowang/Desktop/benchmark/mem_ctrl.aig..

8.15. Executing OPT_EXPR pass (perform const folding).
Optimizing module /Users/yoyowang/Desktop/benchmark/mem_ctrl.aig.

8.16. Finished fast OPT passes. (There is nothing left to do.)

9. Start MapperPass

10. Continuing MapperPass pass.
Cleaning up global data structures...
Memory cleanup complete.
Runtime budget: gates=9213 cuts=144 pairs=32 disjoint=20 layer_cuts=3 i5=8 rounds=8 postpack1_win=640 postpack2_limit=6144 postpack2_win=256 postpack2_chunks=2 seed_mul=14
Initializing estimated reference counts (ABC-style)...
Phase 1: Generating cuts for all nodes...

Phase 2: Computing arrival and required times (ABC-style)...
  Computing arrival times (forward pass)...
  Computing required times (backward pass)...
    Global max arrival time (critical path): 21.00
    Found 0 nodes on or near critical path (slack < 0.5)

Phase 2.25: Recomputing ref-counts from best cuts...

Phase 2.5: Multi-round mapping optimization (ABC-style, 8 rounds)...
  Round 1: delay optimization...
  Computing arrival times (forward pass)...
    Round 1 result: estimated LUTs=9213, max_delay=20.0, changed=0
  Round 2: area optimization...
  Computing arrival times (forward pass)...
    Round 2 result: estimated LUTs=9213, max_delay=20.0, changed=0
    Early stop: best cuts converged at round 2

Phase 2.75: Exact area-recovery rounds (2 rounds)...
  Computing arrival times (forward pass)...
    Final area round 1: changed=0

Phase 3: Skipping non-decision bit-state simulation...

Pre-computing protected signals (all best cut leaves)...
  Total protected signals: 9262

=== Covering Mode 1: Standard dual-enabled ===

=== Layer-Based Covering Algorithm ===
  Dual-output pairing: enabled
  Layer 1: 979 signals to cover
Warning: Layer covering: no valid LUT6D mapping for $abc$77$auto$blifparse.cc:536:parse_blif$8164/$abc$77$auto$blifparse.cc:536:parse_blif$6976 (shared=1, total_inputs=6)
Warning:     shared inputs: \pi1134
Warning:     node cut leaves: \pi1134 $abc$77$new_n14712 $abc$77$new_n14710 $abc$77$new_n14723
Warning:     cand cut leaves: $abc$77$new_n12321 \pi0846 \pi1134
Warning:     merged cut leaves: \pi0846 $abc$77$new_n12321 \pi1134 $abc$77$new_n14712 $abc$77$new_n14710 $abc$77$new_n14723
Warning:     potential I5: \pi1134 \pi0846 $abc$77$new_n12321 $abc$77$new_n14723 $abc$77$new_n14710 $abc$77$new_n14712
Warning: Layer covering: no valid LUT6D mapping for $abc$77$auto$blifparse.cc:536:parse_blif$8164/$abc$77$auto$blifparse.cc:536:parse_blif$6976 (shared=1, total_inputs=6)
Warning:     shared inputs: \pi1134
Warning:     node cut leaves: \pi1134 $abc$77$new_n14712 $abc$77$new_n14710 $abc$77$new_n14723
Warning:     cand cut leaves: $abc$77$new_n12321 \pi0846 \pi1134
Warning:     merged cut leaves: \pi0846 $abc$77$new_n12321 \pi1134 $abc$77$new_n14712 $abc$77$new_n14710 $abc$77$new_n14723
Warning:     potential I5: \pi1134 \pi0846 $abc$77$new_n12321 $abc$77$new_n14723 $abc$77$new_n14710 $abc$77$new_n14712
Warning: Layer covering: no valid LUT6D mapping for $abc$77$auto$blifparse.cc:536:parse_blif$8164/$abc$77$auto$blifparse.cc:536:parse_blif$6976 (shared=1, total_inputs=6)
Warning:     shared inputs: \pi1134
Warning:     node cut leaves: \pi1134 $abc$77$new_n14712 $abc$77$new_n14710 $abc$77$new_n14723
Warning:     cand cut leaves: $abc$77$new_n12321 \pi0846 \pi1134
Warning:     merged cut leaves: \pi0846 $abc$77$new_n12321 \pi1134 $abc$77$new_n14712 $abc$77$new_n14710 $abc$77$new_n14723
Warning:     potential I5: \pi1134 \pi0846 $abc$77$new_n12321 $abc$77$new_n14723 $abc$77$new_n14710 $abc$77$new_n14712
Warning: Layer covering: no valid LUT6D mapping for $abc$77$auto$blifparse.cc:536:parse_blif$8164/$abc$77$auto$blifparse.cc:536:parse_blif$6976 (shared=1, total_inputs=6)
Warning:     shared inputs: \pi1134
Warning:     node cut leaves: \pi1134 $abc$77$new_n14712 $abc$77$new_n14710 $abc$77$new_n14723
Warning:     cand cut leaves: $abc$77$new_n12321 \pi0846 \pi1134
Warning:     merged cut leaves: \pi0846 $abc$77$new_n12321 \pi1134 $abc$77$new_n14712 $abc$77$new_n14710 $abc$77$new_n14723
Warning:     potential I5: \pi1134 \pi0846 $abc$77$new_n12321 $abc$77$new_n14723 $abc$77$new_n14710 $abc$77$new_n14712
Warning: Layer covering: no valid LUT6D mapping for $abc$77$auto$blifparse.cc:536:parse_blif$8164/$abc$77$auto$blifparse.cc:536:parse_blif$4987 (shared=1, total_inputs=6)
Warning:     shared inputs: \pi1134
Warning:     node cut leaves: \pi1134 $abc$77$new_n14712 $abc$77$new_n14710 $abc$77$new_n14723
Warning:     cand cut leaves: \pi1093 \pi1134 \pi0930
Warning:     merged cut leaves: \pi0930 \pi1093 \pi1134 $abc$77$new_n14712 $abc$77$new_n14710 $abc$77$new_n14723
Warning:     potential I5: \pi1134 \pi0930 \pi1093 $abc$77$new_n14723 $abc$77$new_n14710 $abc$77$new_n14712
Warning: Layer covering: no valid LUT6D mapping for $abc$77$auto$blifparse.cc:536:parse_blif$8164/$abc$77$auto$blifparse.cc:536:parse_blif$4987 (shared=1, total_inputs=6)
Warning:     shared inputs: \pi1134
Warning:     node cut leaves: \pi1134 $abc$77$new_n14712 $abc$77$new_n14710 $abc$77$new_n14723
Warning:     cand cut leaves: \pi1093 \pi1134 \pi0930
Warning:     merged cut leaves: \pi0930 \pi1093 \pi1134 $abc$77$new_n14712 $abc$77$new_n14710 $abc$77$new_n14723
Warning:     potential I5: \pi1134 \pi0930 \pi1093 $abc$77$new_n14723 $abc$77$new_n14710 $abc$77$new_n14712
Warning: Layer covering: no valid LUT6D mapping for $abc$77$auto$blifparse.cc:536:parse_blif$8164/$abc$77$auto$blifparse.cc:536:parse_blif$4987 (shared=1, total_inputs=6)
Warning:     shared inputs: \pi1134
Warning:     node cut leaves: \pi1134 $abc$77$new_n14712 $abc$77$new_n14710 $abc$77$new_n14723
Warning:     cand cut leaves: \pi1093 \pi1134 \pi0930
Warning:     merged cut leaves: \pi0930 \pi1093 \pi1134 $abc$77$new_n14712 $abc$77$new_n14710 $abc$77$new_n14723
Warning:     potential I5: \pi1134 \pi0930 \pi1093 $abc$77$new_n14723 $abc$77$new_n14710 $abc$77$new_n14712
Warning: Layer covering: no valid LUT6D mapping for $abc$77$auto$blifparse.cc:536:parse_blif$8164/$abc$77$auto$blifparse.cc:536:parse_blif$4987 (shared=1, total_inputs=6)
Warning:     shared inputs: \pi1134
Warning:     node cut leaves: \pi1134 $abc$77$new_n14712 $abc$77$new_n14710 $abc$77$new_n14723
Warning:     cand cut leaves: \pi1093 \pi1134 \pi0930
Warning:     merged cut leaves: \pi0930 \pi1093 \pi1134 $abc$77$new_n14712 $abc$77$new_n14710 $abc$77$new_n14723
Warning:     potential I5: \pi1134 \pi0930 \pi1093 $abc$77$new_n14723 $abc$77$new_n14710 $abc$77$new_n14712
Warning: Layer covering: no valid LUT6D mapping for $abc$77$auto$blifparse.cc:536:parse_blif$8164/$abc$77$auto$blifparse.cc:536:parse_blif$328 (shared=0, total_inputs=6)
Warning:     shared inputs:
Warning:     node cut leaves: \pi1134 $abc$77$new_n14712 $abc$77$new_n14710 $abc$77$new_n14723
Warning:     cand cut leaves: $abc$77$new_n2298 $abc$77$new_n2044
Warning:     merged cut leaves: $abc$77$new_n2044 $abc$77$new_n2298 \pi1134 $abc$77$new_n14712 $abc$77$new_n14710 $abc$77$new_n14723
Warning:     potential I5: $abc$77$new_n2044 $abc$77$new_n2298 $abc$77$new_n14723 $abc$77$new_n14710 $abc$77$new_n14712 \pi1134
Warning: Layer covering: no valid LUT6D mapping for $abc$77$auto$blifparse.cc:536:parse_blif$8164/$abc$77$auto$blifparse.cc:536:parse_blif$328 (shared=0, total_inputs=6)
Warning:     shared inputs:
Warning:     node cut leaves: \pi1134 $abc$77$new_n14712 $abc$77$new_n14710 $abc$77$new_n14723
Warning:     cand cut leaves: $abc$77$new_n2298 $abc$77$new_n2044
Warning:     merged cut leaves: $abc$77$new_n2044 $abc$77$new_n2298 \pi1134 $abc$77$new_n14712 $abc$77$new_n14710 $abc$77$new_n14723
Warning:     potential I5: $abc$77$new_n2044 $abc$77$new_n2298 $abc$77$new_n14723 $abc$77$new_n14710 $abc$77$new_n14712 \pi1134
Warning: Layer covering: no valid LUT6D mapping for $abc$77$auto$blifparse.cc:536:parse_blif$8164/$abc$77$auto$blifparse.cc:536:parse_blif$328 (shared=0, total_inputs=6)
Warning:     shared inputs:
Warning:     node cut leaves: \pi1134 $abc$77$new_n14712 $abc$77$new_n14710 $abc$77$new_n14723
Warning:     cand cut leaves: $abc$77$new_n2298 $abc$77$new_n2044
Warning:     merged cut leaves: $abc$77$new_n2044 $abc$77$new_n2298 \pi1134 $abc$77$new_n14712 $abc$77$new_n14710 $abc$77$new_n14723
Warning:     potential I5: $abc$77$new_n2044 $abc$77$new_n2298 $abc$77$new_n14723 $abc$77$new_n14710 $abc$77$new_n14712 \pi1134
Warning: Layer covering: no valid LUT6D mapping for $abc$77$auto$blifparse.cc:536:parse_blif$8164/$abc$77$auto$blifparse.cc:536:parse_blif$328 (shared=0, total_inputs=6)
Warning:     shared inputs:
Warning:     node cut leaves: \pi1134 $abc$77$new_n14712 $abc$77$new_n14710 $abc$77$new_n14723
Warning:     cand cut leaves: $abc$77$new_n2298 $abc$77$new_n2044
Warning:     merged cut leaves: $abc$77$new_n2044 $abc$77$new_n2298 \pi1134 $abc$77$new_n14712 $abc$77$new_n14710 $abc$77$new_n14723
Warning:     potential I5: $abc$77$new_n2044 $abc$77$new_n2298 $abc$77$new_n14723 $abc$77$new_n14710 $abc$77$new_n14712 \pi1134
Warning: Layer covering: no valid LUT6D mapping for $abc$77$auto$blifparse.cc:536:parse_blif$8164/$abc$77$auto$blifparse.cc:536:parse_blif$4740 (shared=0, total_inputs=6)
Warning:     shared inputs:
Warning:     node cut leaves: \pi1134 $abc$77$new_n14712 $abc$77$new_n14710 $abc$77$new_n14723
Warning:     cand cut leaves: \pi0071 $abc$77$new_n9193
Warning:     merged cut leaves: $abc$77$new_n9193 \pi0071 \pi1134 $abc$77$new_n14712 $abc$77$new_n14710 $abc$77$new_n14723
Warning:     potential I5: $abc$77$new_n9193 \pi0071 $abc$77$new_n14723 $abc$77$new_n14710 $abc$77$new_n14712 \pi1134
Warning: Layer covering: no valid LUT6D mapping for $abc$77$auto$blifparse.cc:536:parse_blif$8164/$abc$77$auto$blifparse.cc:536:parse_blif$4740 (shared=0, total_inputs=6)
Warning:     shared inputs:
Warning:     node cut leaves: \pi1134 $abc$77$new_n14712 $abc$77$new_n14710 $abc$77$new_n14723
Warning:     cand cut leaves: \pi0071 $abc$77$new_n9193
Warning:     merged cut leaves: $abc$77$new_n9193 \pi0071 \pi1134 $abc$77$new_n14712 $abc$77$new_n14710 $abc$77$new_n14723
Warning:     potential I5: $abc$77$new_n9193 \pi0071 $abc$77$new_n14723 $abc$77$new_n14710 $abc$77$new_n14712 \pi1134
Warning: Layer covering: no valid LUT6D mapping for $abc$77$auto$blifparse.cc:536:parse_blif$8164/$abc$77$auto$blifparse.cc:536:parse_blif$4740 (shared=0, total_inputs=6)
Warning:     shared inputs:
Warning:     node cut leaves: \pi1134 $abc$77$new_n14712 $abc$77$new_n14710 $abc$77$new_n14723
Warning:     cand cut leaves: \pi0071 $abc$77$new_n9193
Warning:     merged cut leaves: $abc$77$new_n9193 \pi0071 \pi1134 $abc$77$new_n14712 $abc$77$new_n14710 $abc$77$new_n14723
Warning:     potential I5: $abc$77$new_n9193 \pi0071 $abc$77$new_n14723 $abc$77$new_n14710 $abc$77$new_n14712 \pi1134
Warning: Layer covering: no valid LUT6D mapping for $abc$77$auto$blifparse.cc:536:parse_blif$8164/$abc$77$auto$blifparse.cc:536:parse_blif$4740 (shared=0, total_inputs=6)
Warning:     shared inputs:
Warning:     node cut leaves: \pi1134 $abc$77$new_n14712 $abc$77$new_n14710 $abc$77$new_n14723
Warning:     cand cut leaves: \pi0071 $abc$77$new_n9193
Warning:     merged cut leaves: $abc$77$new_n9193 \pi0071 \pi1134 $abc$77$new_n14712 $abc$77$new_n14710 $abc$77$new_n14723
Warning:     potential I5: $abc$77$new_n9193 \pi0071 $abc$77$new_n14723 $abc$77$new_n14710 $abc$77$new_n14712 \pi1134
Warning: Layer covering: no valid LUT6D mapping for $abc$77$auto$blifparse.cc:536:parse_blif$8164/$abc$77$auto$blifparse.cc:536:parse_blif$4855 (shared=0, total_inputs=6)
Warning:     shared inputs:
Warning:     node cut leaves: \pi1134 $abc$77$new_n14712 $abc$77$new_n14710 $abc$77$new_n14723
Warning:     cand cut leaves: \pi0274 $abc$77$new_n9567
Warning:     merged cut leaves: $abc$77$new_n9567 \pi0274 \pi1134 $abc$77$new_n14712 $abc$77$new_n14710 $abc$77$new_n14723
Warning:     potential I5: $abc$77$new_n9567 \pi0274 $abc$77$new_n14723 $abc$77$new_n14710 $abc$77$new_n14712 \pi1134
Warning: Layer covering: no valid LUT6D mapping for $abc$77$auto$blifparse.cc:536:parse_blif$8164/$abc$77$auto$blifparse.cc:536:parse_blif$4855 (shared=0, total_inputs=6)
Warning:     shared inputs:
Warning:     node cut leaves: \pi1134 $abc$77$new_n14712 $abc$77$new_n14710 $abc$77$new_n14723
Warning:     cand cut leaves: \pi0274 $abc$77$new_n9567
Warning:     merged cut leaves: $abc$77$new_n9567 \pi0274 \pi1134 $abc$77$new_n14712 $abc$77$new_n14710 $abc$77$new_n14723
Warning:     potential I5: $abc$77$new_n9567 \pi0274 $abc$77$new_n14723 $abc$77$new_n14710 $abc$77$new_n14712 \pi1134
Warning: Layer covering: no valid LUT6D mapping for $abc$77$auto$blifparse.cc:536:parse_blif$8164/$abc$77$auto$blifparse.cc:536:parse_blif$4855 (shared=0, total_inputs=6)
Warning:     shared inputs:
Warning:     node cut leaves: \pi1134 $abc$77$new_n14712 $abc$77$new_n14710 $abc$77$new_n14723
Warning:     cand cut leaves: \pi0274 $abc$77$new_n9567
Warning:     merged cut leaves: $abc$77$new_n9567 \pi0274 \pi1134 $abc$77$new_n14712 $abc$77$new_n14710 $abc$77$new_n14723
Warning:     potential I5: $abc$77$new_n9567 \pi0274 $abc$77$new_n14723 $abc$77$new_n14710 $abc$77$new_n14712 \pi1134
Warning: Layer covering: no valid LUT6D mapping for $abc$77$auto$blifparse.cc:536:parse_blif$8164/$abc$77$auto$blifparse.cc:536:parse_blif$4855 (shared=0, total_inputs=6)
Warning:     shared inputs:
Warning:     node cut leaves: \pi1134 $abc$77$new_n14712 $abc$77$new_n14710 $abc$77$new_n14723
Warning:     cand cut leaves: \pi0274 $abc$77$new_n9567
Warning:     merged cut leaves: $abc$77$new_n9567 \pi0274 \pi1134 $abc$77$new_n14712 $abc$77$new_n14710 $abc$77$new_n14723
Warning:     potential I5: $abc$77$new_n9567 \pi0274 $abc$77$new_n14723 $abc$77$new_n14710 $abc$77$new_n14712 \pi1134
    Generated 12627 candidates: 11648 dual, 979 single
    Selected: 280 dual-output, 482 single-output LUTs
  Layer 2: 984 signals to cover
    Generated 7870 candidates: 6979 dual, 891 single
    Selected: 201 dual-output, 563 single-output LUTs
  Layer 3: 1477 signals to cover
    Generated 10518 candidates: 9320 dual, 1198 single
    Selected: 288 dual-output, 735 single-output LUTs
  Layer 4: 1958 signals to cover
    Generated 11822 candidates: 10446 dual, 1376 single
    Selected: 332 dual-output, 833 single-output LUTs
  Layer 5: 2127 signals to cover
    Generated 8591 candidates: 7304 dual, 1287 single
    Selected: 232 dual-output, 900 single-output LUTs
  Layer 6: 1973 signals to cover
    Generated 5831 candidates: 4831 dual, 1000 single
    Selected: 153 dual-output, 739 single-output LUTs
  Layer 7: 1565 signals to cover
    Generated 4344 candidates: 3634 dual, 710 single
    Selected: 110 dual-output, 533 single-output LUTs
  Layer 8: 1239 signals to cover
    Generated 2542 candidates: 1970 dual, 572 single
    Selected: 84 dual-output, 425 single-output LUTs
  Layer 9: 864 signals to cover
    Generated 1432 candidates: 1075 dual, 357 single
    Selected: 48 dual-output, 275 single-output LUTs
  Layer 10: 568 signals to cover
    Generated 545 candidates: 371 dual, 174 single
    Selected: 25 dual-output, 133 single-output LUTs
  Layer 11: 287 signals to cover
    Generated 150 candidates: 80 dual, 70 single
    Selected: 7 dual-output, 58 single-output LUTs
  Layer 12: 146 signals to cover
    Generated 22 candidates: 6 dual, 16 single
    Selected: 3 dual-output, 10 single-output LUTs
  Layer 13: 32 signals to cover
    Generated 1 candidates: 0 dual, 1 single
    Selected: 0 dual-output, 1 single-output LUTs
  Layer 14: 5 signals to cover
    All signals covered or are PIs
  Total layers: 14
  Total LUTs: 1763 dual-output + 5687 single-output = 7450

=== Covering Mode 3: Best-cut single-output ===
  Post-packing: merged 38 single-LUT pairs into dual LUTs
  Post-packing: merged 1410 single-LUT pairs into dual LUTs
  Post-packing pass 2 chunk 1/2: merged 5 pairs
  Post-packing pass 2 (alt-cuts): merged 5 more pairs
  Covering mode decision: mode1=7412, mode2=skipped, mode3=7798, picked=standard-dual (7412 LUTs)

Total LUT6D cells to be added: 1801
Total single-output LUTs to be added: 5611
Removed 9213 original cells covered by LUT outputs

Final: 1801 LUT6D + 5611 single LUT = 7412 total LUTs
Cleaning up global data structures...
Memory cleanup complete.
<suppressed ~97138 debug messages>

. Printing statistics.

=== /Users/yoyowang/Desktop/benchmark/mem_ctrl.aig ===

        +----------Local Count, excluding submodules.
        | 
    10652 wires
    10652 wire bits
     2435 public wires
     2435 public wire bits
     2435 ports
     2435 port bits
     7412 cells
       60   GTP_LUT3
      546   GTP_LUT4
      178   GTP_LUT4D
     1733   GTP_LUT5
      397   GTP_LUT5D
     3272   GTP_LUT6
     1226   GTP_LUT6D

. Executing Verilog backend.

1. Executing BMUXMAP pass.

2. Executing DEMUXMAP pass.
Dumping module `\/Users/yoyowang/Desktop/benchmark/mem_ctrl.aig'.

Warnings: 23 unique messages, 120 total
End of script. Logfile hash: 2c5f9543a3, CPU: user 10.78s system 0.14s, MEM: 298.67 MB peak
Yosys 0.60+64 (git sha1 e3af261e1-dirty, clang++ 17.0.0 -fPIC -O3)
Time spent: 69% 1x abc (25 sec), 23% 1x lut6d_map (8 sec), ...
