
 /----------------------------------------------------------------------------\
 |  yosys -- Yosys Open SYnthesis Suite                                       |
 |  Copyright (C) 2012 - 2025  Claire Xenia Wolf <claire@yosyshq.com>         |
 |  Distributed under an ISC-like license, type "license" to see terms        |
 \----------------------------------------------------------------------------/
 Yosys 0.60+64 (git sha1 e3af261e1-dirty, clang++ 17.0.0 -fPIC -O3)

-- Running command `
        read_aiger /Users/yoyowang/Desktop/benchmark/router.aig
        hierarchy -check -auto-top
        proc; opt; techmap; opt;
        # 先用ABC生成K=6单输出LUT基线，再由lut6d_map执行双输出打包
        abc -lut 6
        opt
        lut6d_map
        clean
        stat
        write_verilog test_output_epfl/router_lut6d_mapped.v
    ' --

1. Executing AIGER frontend.
<suppressed ~1 debug messages>
Removed 0 unused cells and 64 unused wires.

2. Executing HIERARCHY pass (managing design hierarchy).

2.1. Finding top of design hierarchy..
root of   0 design levels: /Users/yoyowang/Desktop/benchmark/router.aig
Automatically selected /Users/yoyowang/Desktop/benchmark/router.aig as design top module.

2.2. Analyzing design hierarchy..
Top module:  \/Users/yoyowang/Desktop/benchmark/router.aig

2.3. Analyzing design hierarchy..
Top module:  \/Users/yoyowang/Desktop/benchmark/router.aig
Removed 0 unused modules.

3. Executing PROC pass (convert processes to netlists).

3.1. Executing PROC_CLEAN pass (remove empty switches from decision trees).
Cleaned up 0 empty switches.

3.2. Executing PROC_RMDEAD pass (remove dead branches from decision trees).
Removed a total of 0 dead cases.

3.3. Executing PROC_PRUNE pass (remove redundant assignments in processes).
Removed 0 redundant assignments.
Promoted 0 assignments to connections.

3.4. Executing PROC_INIT pass (extract init attributes).

3.5. Executing PROC_ARST pass (detect async resets in processes).

3.6. Executing PROC_ROM pass (convert switches to ROMs).
Converted 0 switches.

3.7. Executing PROC_MUX pass (convert decision trees to multiplexers).

3.8. Executing PROC_DLATCH pass (convert process syncs to latches).

3.9. Executing PROC_DFF pass (convert process syncs to FFs).

3.10. Executing PROC_MEMWR pass (convert process memory writes to cells).

3.11. Executing PROC_CLEAN pass (remove empty switches from decision trees).
Cleaned up 0 empty switches.

3.12. Executing OPT_EXPR pass (perform const folding).
Optimizing module /Users/yoyowang/Desktop/benchmark/router.aig.

4. Executing OPT pass (performing simple optimizations).

4.1. Executing OPT_EXPR pass (perform const folding).
Optimizing module /Users/yoyowang/Desktop/benchmark/router.aig.

4.2. Executing OPT_MERGE pass (detect identical cells).
Finding identical cells in module `\/Users/yoyowang/Desktop/benchmark/router.aig'.
Removed a total of 0 cells.

4.3. Executing OPT_MUXTREE pass (detect dead branches in mux trees).
Running muxtree optimizer on module \/Users/yoyowang/Desktop/benchmark/router.aig..
  Creating internal representation of mux trees.
  No muxes found in this module.
Removed 0 multiplexer ports.

4.4. Executing OPT_REDUCE pass (consolidate $*mux and $reduce_* inputs).
  Optimizing cells in module \/Users/yoyowang/Desktop/benchmark/router.aig.
Performed a total of 0 changes.

4.5. Executing OPT_MERGE pass (detect identical cells).
Finding identical cells in module `\/Users/yoyowang/Desktop/benchmark/router.aig'.
Removed a total of 0 cells.

4.6. Executing OPT_DFF pass (perform DFF optimizations).

4.7. Executing OPT_CLEAN pass (remove unused cells and wires).
Finding unused cells or wires in module \/Users/yoyowang/Desktop/benchmark/router.aig..

4.8. Executing OPT_EXPR pass (perform const folding).
Optimizing module /Users/yoyowang/Desktop/benchmark/router.aig.

4.9. Finished fast OPT passes. (There is nothing left to do.)

5. Executing TECHMAP pass (map to technology primitives).

5.1. Executing Verilog-2005 frontend: /Users/yoyowang/Desktop/yosysDualOutputLUT/share/techmap.v
Parsing Verilog input from `/Users/yoyowang/Desktop/yosysDualOutputLUT/share/techmap.v' to AST representation.
verilog frontend filename /Users/yoyowang/Desktop/yosysDualOutputLUT/share/techmap.v
Generating RTLIL representation for module `\_90_simplemap_bool_ops'.
Generating RTLIL representation for module `\_90_simplemap_reduce_ops'.
Generating RTLIL representation for module `\_90_simplemap_logic_ops'.
Generating RTLIL representation for module `\_90_simplemap_compare_ops'.
Generating RTLIL representation for module `\_90_simplemap_various'.
Generating RTLIL representation for module `\_90_simplemap_registers'.
Generating RTLIL representation for module `\_90_shift_ops_shr_shl_sshl_sshr'.
Generating RTLIL representation for module `\_90_shift_shiftx'.
Generating RTLIL representation for module `\_90_fa'.
Generating RTLIL representation for module `\_90_lcu_brent_kung'.
Generating RTLIL representation for module `\_90_alu'.
Generating RTLIL representation for module `\_90_macc'.
Generating RTLIL representation for module `\_90_alumacc'.
Generating RTLIL representation for module `\$__div_mod_u'.
Generating RTLIL representation for module `\$__div_mod_trunc'.
Generating RTLIL representation for module `\_90_div'.
Generating RTLIL representation for module `\_90_mod'.
Generating RTLIL representation for module `\$__div_mod_floor'.
Generating RTLIL representation for module `\_90_divfloor'.
Generating RTLIL representation for module `\_90_modfloor'.
Generating RTLIL representation for module `\_90_pow'.
Generating RTLIL representation for module `\_90_pmux'.
Generating RTLIL representation for module `\_90_demux'.
Generating RTLIL representation for module `\_90_lut'.
Generating RTLIL representation for module `\$connect'.
Generating RTLIL representation for module `\$input_port'.
Successfully finished Verilog frontend.

5.2. Continuing TECHMAP pass.
No more expansions possible.
<suppressed ~77 debug messages>

6. Executing OPT pass (performing simple optimizations).

6.1. Executing OPT_EXPR pass (perform const folding).
Optimizing module /Users/yoyowang/Desktop/benchmark/router.aig.

6.2. Executing OPT_MERGE pass (detect identical cells).
Finding identical cells in module `\/Users/yoyowang/Desktop/benchmark/router.aig'.
Removed a total of 0 cells.

6.3. Executing OPT_MUXTREE pass (detect dead branches in mux trees).
Running muxtree optimizer on module \/Users/yoyowang/Desktop/benchmark/router.aig..
  Creating internal representation of mux trees.
  No muxes found in this module.
Removed 0 multiplexer ports.

6.4. Executing OPT_REDUCE pass (consolidate $*mux and $reduce_* inputs).
  Optimizing cells in module \/Users/yoyowang/Desktop/benchmark/router.aig.
Performed a total of 0 changes.

6.5. Executing OPT_MERGE pass (detect identical cells).
Finding identical cells in module `\/Users/yoyowang/Desktop/benchmark/router.aig'.
Removed a total of 0 cells.

6.6. Executing OPT_DFF pass (perform DFF optimizations).

6.7. Executing OPT_CLEAN pass (remove unused cells and wires).
Finding unused cells or wires in module \/Users/yoyowang/Desktop/benchmark/router.aig..

6.8. Executing OPT_EXPR pass (perform const folding).
Optimizing module /Users/yoyowang/Desktop/benchmark/router.aig.

6.9. Finished fast OPT passes. (There is nothing left to do.)

7. Executing ABC pass (technology mapping using ABC).

7.1. Extracting gate netlist of module `\/Users/yoyowang/Desktop/benchmark/router.aig' to `<abc-temp-dir>/input.blif'..

7.1.1. Executed ABC.
Extracted 459 gates and 519 wires to a netlist network with 60 inputs and 3 outputs.
Running ABC script: <abc-temp-dir>/abc.script
ABC: 
ABC: ======== ABC command line "source <abc-temp-dir>/abc.script"
ABC: + read_blif <abc-temp-dir>/input.blif 
ABC: + read_lut /var/folders/6m/kyf8390j1xl9kqlndxdjdvfc0000gn/T/yosys-abc-N5dRWl/lutdefs.txt 
ABC: + strash 
ABC: + &get -n 
ABC: + &fraig -x 
ABC: + &put 
ABC: + scorr 
ABC: Warning: The network is combinational (run "fraig" or "fraig_sweep").
ABC: + dc2 
ABC: + dretime 
ABC: + strash 
ABC: + dch -f 
ABC: + if 
ABC: + mfs2 
ABC: + lutpack -S 1 
ABC: + write_blif <abc-temp-dir>/output.blif 

7.1.2. Re-integrating ABC results.
ABC RESULTS:              $lut cells:       42
ABC RESULTS:        internal signals:      456
ABC RESULTS:           input signals:       60
ABC RESULTS:          output signals:        3
Removing temp directory.
Removing global temp directory.

8. Executing OPT pass (performing simple optimizations).

8.1. Executing OPT_EXPR pass (perform const folding).
Optimizing module /Users/yoyowang/Desktop/benchmark/router.aig.

8.2. Executing OPT_MERGE pass (detect identical cells).
Finding identical cells in module `\/Users/yoyowang/Desktop/benchmark/router.aig'.
Removed a total of 0 cells.

8.3. Executing OPT_MUXTREE pass (detect dead branches in mux trees).
Running muxtree optimizer on module \/Users/yoyowang/Desktop/benchmark/router.aig..
  Creating internal representation of mux trees.
  No muxes found in this module.
Removed 0 multiplexer ports.

8.4. Executing OPT_REDUCE pass (consolidate $*mux and $reduce_* inputs).
  Optimizing cells in module \/Users/yoyowang/Desktop/benchmark/router.aig.
Performed a total of 0 changes.

8.5. Executing OPT_MERGE pass (detect identical cells).
Finding identical cells in module `\/Users/yoyowang/Desktop/benchmark/router.aig'.
Removed a total of 0 cells.

8.6. Executing OPT_DFF pass (perform DFF optimizations).

8.7. Executing OPT_CLEAN pass (remove unused cells and wires).
Finding unused cells or wires in module \/Users/yoyowang/Desktop/benchmark/router.aig..
Removed 0 unused cells and 519 unused wires.
<suppressed ~1 debug messages>

8.8. Executing OPT_EXPR pass (perform const folding).
Optimizing module /Users/yoyowang/Desktop/benchmark/router.aig.

8.9. Rerunning OPT passes. (Maybe there is more to do..)

8.10. Executing OPT_MUXTREE pass (detect dead branches in mux trees).
Running muxtree optimizer on module \/Users/yoyowang/Desktop/benchmark/router.aig..
  Creating internal representation of mux trees.
  No muxes found in this module.
Removed 0 multiplexer ports.

8.11. Executing OPT_REDUCE pass (consolidate $*mux and $reduce_* inputs).
  Optimizing cells in module \/Users/yoyowang/Desktop/benchmark/router.aig.
Performed a total of 0 changes.

8.12. Executing OPT_MERGE pass (detect identical cells).
Finding identical cells in module `\/Users/yoyowang/Desktop/benchmark/router.aig'.
Removed a total of 0 cells.

8.13. Executing OPT_DFF pass (perform DFF optimizations).

8.14. Executing OPT_CLEAN pass (remove unused cells and wires).
Finding unused cells or wires in module \/Users/yoyowang/Desktop/benchmark/router.aig..

8.15. Executing OPT_EXPR pass (perform const folding).
Optimizing module /Users/yoyowang/Desktop/benchmark/router.aig.

8.16. Finished fast OPT passes. (There is nothing left to do.)

9. Start MapperPass

10. Continuing MapperPass pass.
Cleaning up global data structures...
Memory cleanup complete.
Runtime budget: gates=42 cuts=64 pairs=32 disjoint=24 layer_cuts=4 i5=6 rounds=4 postpack1_win=0 postpack2_limit=512 postpack2_win=0 postpack2_chunks=1 seed_mul=10
Initializing estimated reference counts (ABC-style)...
Phase 1: Generating cuts for all nodes...

Phase 2: Computing arrival and required times (ABC-style)...
  Computing arrival times (forward pass)...
  Computing required times (backward pass)...
    Global max arrival time (critical path): 6.00
    Found 0 nodes on or near critical path (slack < 0.5)

Phase 2.25: Recomputing ref-counts from best cuts...

Phase 2.5: Multi-round mapping optimization (ABC-style, 4 rounds)...
  Round 1: delay optimization...
  Computing arrival times (forward pass)...
    Round 1 result: estimated LUTs=42, max_delay=5.0, changed=0
  Round 2: area optimization...
  Computing arrival times (forward pass)...
    Round 2 result: estimated LUTs=42, max_delay=5.0, changed=0
    Early stop: best cuts converged at round 2

Phase 2.75: Exact area-recovery rounds (2 rounds)...
  Computing arrival times (forward pass)...
    Final area round 1: changed=0

Phase 3: Skipping non-decision bit-state simulation...

Pre-computing protected signals (all best cut leaves)...
  Total protected signals: 99

=== Covering Mode 1: Standard dual-enabled ===

=== Layer-Based Covering Algorithm ===
  Dual-output pairing: enabled
  Layer 1: 3 signals to cover
Warning: Layer covering: no valid LUT6D mapping for $abc$77$auto$blifparse.cc:536:parse_blif$114/$abc$77$auto$blifparse.cc:536:parse_blif$109 (shared=2, total_inputs=6)
Warning:     shared inputs: $abc$77$new_n66 $abc$77$new_n132
Warning:     node cut leaves: $abc$77$new_n93 $abc$77$new_n132 $abc$77$new_n66 \dest_y[14] $abc$77$new_n126
Warning:     cand cut leaves: $abc$77$new_n123 $abc$77$new_n132 $abc$77$new_n66
Warning:     merged cut leaves: $abc$77$new_n123 $abc$77$new_n93 $abc$77$new_n132 $abc$77$new_n66 \dest_y[14] $abc$77$new_n126
Warning:     potential I5: $abc$77$new_n132 $abc$77$new_n66 $abc$77$new_n123 $abc$77$new_n126 \dest_y[14] $abc$77$new_n93
Warning: Layer covering: no valid LUT6D mapping for $abc$77$auto$blifparse.cc:536:parse_blif$114/$abc$77$auto$blifparse.cc:536:parse_blif$109 (shared=2, total_inputs=6)
Warning:     shared inputs: $abc$77$new_n66 $abc$77$new_n132
Warning:     node cut leaves: $abc$77$new_n93 $abc$77$new_n132 $abc$77$new_n66 \dest_y[14] $abc$77$new_n126
Warning:     cand cut leaves: $abc$77$new_n123 $abc$77$new_n132 $abc$77$new_n66
Warning:     merged cut leaves: $abc$77$new_n123 $abc$77$new_n93 $abc$77$new_n132 $abc$77$new_n66 \dest_y[14] $abc$77$new_n126
Warning:     potential I5: $abc$77$new_n132 $abc$77$new_n66 $abc$77$new_n123 $abc$77$new_n126 \dest_y[14] $abc$77$new_n93
Warning: Layer covering: no valid LUT6D mapping for $abc$77$auto$blifparse.cc:536:parse_blif$114/$abc$77$auto$blifparse.cc:536:parse_blif$109 (shared=2, total_inputs=6)
Warning:     shared inputs: $abc$77$new_n66 $abc$77$new_n132
Warning:     node cut leaves: $abc$77$new_n93 $abc$77$new_n132 $abc$77$new_n66 \dest_y[14] $abc$77$new_n126
Warning:     cand cut leaves: $abc$77$new_n123 $abc$77$new_n132 $abc$77$new_n66
Warning:     merged cut leaves: $abc$77$new_n123 $abc$77$new_n93 $abc$77$new_n132 $abc$77$new_n66 \dest_y[14] $abc$77$new_n126
Warning:     potential I5: $abc$77$new_n132 $abc$77$new_n66 $abc$77$new_n123 $abc$77$new_n126 \dest_y[14] $abc$77$new_n93
Warning: Layer covering: no valid LUT6D mapping for $abc$77$auto$blifparse.cc:536:parse_blif$114/$abc$77$auto$blifparse.cc:536:parse_blif$109 (shared=2, total_inputs=6)
Warning:     shared inputs: $abc$77$new_n66 $abc$77$new_n132
Warning:     node cut leaves: $abc$77$new_n93 $abc$77$new_n132 $abc$77$new_n66 \dest_y[14] $abc$77$new_n126
Warning:     cand cut leaves: $abc$77$new_n123 $abc$77$new_n132 $abc$77$new_n66
Warning:     merged cut leaves: $abc$77$new_n123 $abc$77$new_n93 $abc$77$new_n132 $abc$77$new_n66 \dest_y[14] $abc$77$new_n126
Warning:     potential I5: $abc$77$new_n132 $abc$77$new_n66 $abc$77$new_n123 $abc$77$new_n126 \dest_y[14] $abc$77$new_n93
Warning: Layer covering: no valid LUT6D mapping for $abc$77$auto$blifparse.cc:536:parse_blif$109/$abc$77$auto$blifparse.cc:536:parse_blif$114 (shared=2, total_inputs=6)
Warning:     shared inputs: $abc$77$new_n66 $abc$77$new_n132
Warning:     node cut leaves: $abc$77$new_n123 $abc$77$new_n132 $abc$77$new_n66
Warning:     cand cut leaves: $abc$77$new_n93 $abc$77$new_n132 $abc$77$new_n66 \dest_y[14] $abc$77$new_n126
Warning:     merged cut leaves: $abc$77$new_n126 \dest_y[14] $abc$77$new_n93 $abc$77$new_n123 $abc$77$new_n132 $abc$77$new_n66
Warning:     potential I5: $abc$77$new_n132 $abc$77$new_n66 $abc$77$new_n126 \dest_y[14] $abc$77$new_n93 $abc$77$new_n123
Warning: Layer covering: no valid LUT6D mapping for $abc$77$auto$blifparse.cc:536:parse_blif$109/$abc$77$auto$blifparse.cc:536:parse_blif$114 (shared=2, total_inputs=6)
Warning:     shared inputs: $abc$77$new_n66 $abc$77$new_n132
Warning:     node cut leaves: $abc$77$new_n123 $abc$77$new_n132 $abc$77$new_n66
Warning:     cand cut leaves: $abc$77$new_n93 $abc$77$new_n132 $abc$77$new_n66 \dest_y[14] $abc$77$new_n126
Warning:     merged cut leaves: $abc$77$new_n126 \dest_y[14] $abc$77$new_n93 $abc$77$new_n123 $abc$77$new_n132 $abc$77$new_n66
Warning:     potential I5: $abc$77$new_n132 $abc$77$new_n66 $abc$77$new_n126 \dest_y[14] $abc$77$new_n93 $abc$77$new_n123
Warning: Layer covering: no valid LUT6D mapping for $abc$77$auto$blifparse.cc:536:parse_blif$109/$abc$77$auto$blifparse.cc:536:parse_blif$114 (shared=2, total_inputs=6)
Warning:     shared inputs: $abc$77$new_n66 $abc$77$new_n132
Warning:     node cut leaves: $abc$77$new_n123 $abc$77$new_n132 $abc$77$new_n66
Warning:     cand cut leaves: $abc$77$new_n93 $abc$77$new_n132 $abc$77$new_n66 \dest_y[14] $abc$77$new_n126
Warning:     merged cut leaves: $abc$77$new_n126 \dest_y[14] $abc$77$new_n93 $abc$77$new_n123 $abc$77$new_n132 $abc$77$new_n66
Warning:     potential I5: $abc$77$new_n132 $abc$77$new_n66 $abc$77$new_n126 \dest_y[14] $abc$77$new_n93 $abc$77$new_n123
Warning: Layer covering: no valid LUT6D mapping for $abc$77$auto$blifparse.cc:536:parse_blif$109/$abc$77$auto$blifparse.cc:536:parse_blif$114 (shared=2, total_inputs=6)
Warning:     shared inputs: $abc$77$new_n66 $abc$77$new_n132
Warning:     node cut leaves: $abc$77$new_n123 $abc$77$new_n132 $abc$77$new_n66
Warning:     cand cut leaves: $abc$77$new_n93 $abc$77$new_n132 $abc$77$new_n66 \dest_y[14] $abc$77$new_n126
Warning:     merged cut leaves: $abc$77$new_n126 \dest_y[14] $abc$77$new_n93 $abc$77$new_n123 $abc$77$new_n132 $abc$77$new_n66
Warning:     potential I5: $abc$77$new_n132 $abc$77$new_n66 $abc$77$new_n126 \dest_y[14] $abc$77$new_n93 $abc$77$new_n123
    Generated 7 candidates: 4 dual, 3 single
    Selected: 1 dual-output, 1 single-output LUTs
  Layer 2: 5 signals to cover
Warning: Layer covering: no valid LUT6D mapping for $abc$77$auto$blifparse.cc:536:parse_blif$93/$abc$77$auto$blifparse.cc:536:parse_blif$110 (shared=6, total_inputs=6)
Warning:     shared inputs: \dest_y[0] \dest_x[0] $abc$77$new_n99 \dest_y[28] \dest_y[29] $abc$77$new_n94
Warning:     node cut leaves: $abc$77$new_n94 \dest_y[29] \dest_y[28] $abc$77$new_n99 \dest_x[0] \dest_y[0]
Warning:     cand cut leaves: $abc$77$new_n94 \dest_y[29] \dest_y[28] $abc$77$new_n99 \dest_y[0] \dest_x[0]
Warning:     merged cut leaves: $abc$77$new_n94 \dest_y[29] \dest_y[28] $abc$77$new_n99 \dest_x[0] \dest_y[0]
Warning:     potential I5: $abc$77$new_n94 \dest_y[29] \dest_y[28] $abc$77$new_n99 \dest_x[0] \dest_y[0]
Warning: Layer covering: no valid LUT6D mapping for $abc$77$auto$blifparse.cc:536:parse_blif$93/$abc$77$auto$blifparse.cc:536:parse_blif$110 (shared=6, total_inputs=6)
Warning:     shared inputs: \dest_y[0] \dest_x[0] $abc$77$new_n99 \dest_y[28] \dest_y[29] $abc$77$new_n94
Warning:     node cut leaves: $abc$77$new_n94 \dest_y[29] \dest_y[28] $abc$77$new_n99 \dest_x[0] \dest_y[0]
Warning:     cand cut leaves: $abc$77$new_n94 \dest_y[29] \dest_y[28] $abc$77$new_n99 \dest_y[0] \dest_x[0]
Warning:     merged cut leaves: $abc$77$new_n94 \dest_y[29] \dest_y[28] $abc$77$new_n99 \dest_x[0] \dest_y[0]
Warning:     potential I5: $abc$77$new_n94 \dest_y[29] \dest_y[28] $abc$77$new_n99 \dest_x[0] \dest_y[0]
Warning: Layer covering: no valid LUT6D mapping for $abc$77$auto$blifparse.cc:536:parse_blif$93/$abc$77$auto$blifparse.cc:536:parse_blif$110 (shared=6, total_inputs=6)
Warning:     shared inputs: \dest_y[0] \dest_x[0] $abc$77$new_n99 \dest_y[28] \dest_y[29] $abc$77$new_n94
Warning:     node cut leaves: $abc$77$new_n94 \dest_y[29] \dest_y[28] $abc$77$new_n99 \dest_x[0] \dest_y[0]
Warning:     cand cut leaves: $abc$77$new_n94 \dest_y[29] \dest_y[28] $abc$77$new_n99 \dest_y[0] \dest_x[0]
Warning:     merged cut leaves: $abc$77$new_n94 \dest_y[29] \dest_y[28] $abc$77$new_n99 \dest_x[0] \dest_y[0]
Warning:     potential I5: $abc$77$new_n94 \dest_y[29] \dest_y[28] $abc$77$new_n99 \dest_x[0] \dest_y[0]
Warning: Layer covering: no valid LUT6D mapping for $abc$77$auto$blifparse.cc:536:parse_blif$93/$abc$77$auto$blifparse.cc:536:parse_blif$110 (shared=6, total_inputs=6)
Warning:     shared inputs: \dest_y[0] \dest_x[0] $abc$77$new_n99 \dest_y[28] \dest_y[29] $abc$77$new_n94
Warning:     node cut leaves: $abc$77$new_n94 \dest_y[29] \dest_y[28] $abc$77$new_n99 \dest_x[0] \dest_y[0]
Warning:     cand cut leaves: $abc$77$new_n94 \dest_y[29] \dest_y[28] $abc$77$new_n99 \dest_y[0] \dest_x[0]
Warning:     merged cut leaves: $abc$77$new_n94 \dest_y[29] \dest_y[28] $abc$77$new_n99 \dest_x[0] \dest_y[0]
Warning:     potential I5: $abc$77$new_n94 \dest_y[29] \dest_y[28] $abc$77$new_n99 \dest_x[0] \dest_y[0]
Warning: Layer covering: no valid LUT6D mapping for $abc$77$auto$blifparse.cc:536:parse_blif$110/$abc$77$auto$blifparse.cc:536:parse_blif$93 (shared=6, total_inputs=6)
Warning:     shared inputs: \dest_x[0] \dest_y[0] $abc$77$new_n99 \dest_y[28] \dest_y[29] $abc$77$new_n94
Warning:     node cut leaves: $abc$77$new_n94 \dest_y[29] \dest_y[28] $abc$77$new_n99 \dest_y[0] \dest_x[0]
Warning:     cand cut leaves: $abc$77$new_n94 \dest_y[29] \dest_y[28] $abc$77$new_n99 \dest_x[0] \dest_y[0]
Warning:     merged cut leaves: $abc$77$new_n94 \dest_y[29] \dest_y[28] $abc$77$new_n99 \dest_y[0] \dest_x[0]
Warning:     potential I5: $abc$77$new_n94 \dest_y[29] \dest_y[28] $abc$77$new_n99 \dest_y[0] \dest_x[0]
Warning: Layer covering: no valid LUT6D mapping for $abc$77$auto$blifparse.cc:536:parse_blif$110/$abc$77$auto$blifparse.cc:536:parse_blif$93 (shared=6, total_inputs=6)
Warning:     shared inputs: \dest_x[0] \dest_y[0] $abc$77$new_n99 \dest_y[28] \dest_y[29] $abc$77$new_n94
Warning:     node cut leaves: $abc$77$new_n94 \dest_y[29] \dest_y[28] $abc$77$new_n99 \dest_y[0] \dest_x[0]
Warning:     cand cut leaves: $abc$77$new_n94 \dest_y[29] \dest_y[28] $abc$77$new_n99 \dest_x[0] \dest_y[0]
Warning:     merged cut leaves: $abc$77$new_n94 \dest_y[29] \dest_y[28] $abc$77$new_n99 \dest_y[0] \dest_x[0]
Warning:     potential I5: $abc$77$new_n94 \dest_y[29] \dest_y[28] $abc$77$new_n99 \dest_y[0] \dest_x[0]
Warning: Layer covering: no valid LUT6D mapping for $abc$77$auto$blifparse.cc:536:parse_blif$110/$abc$77$auto$blifparse.cc:536:parse_blif$93 (shared=6, total_inputs=6)
Warning:     shared inputs: \dest_x[0] \dest_y[0] $abc$77$new_n99 \dest_y[28] \dest_y[29] $abc$77$new_n94
Warning:     node cut leaves: $abc$77$new_n94 \dest_y[29] \dest_y[28] $abc$77$new_n99 \dest_y[0] \dest_x[0]
Warning:     cand cut leaves: $abc$77$new_n94 \dest_y[29] \dest_y[28] $abc$77$new_n99 \dest_x[0] \dest_y[0]
Warning:     merged cut leaves: $abc$77$new_n94 \dest_y[29] \dest_y[28] $abc$77$new_n99 \dest_y[0] \dest_x[0]
Warning:     potential I5: $abc$77$new_n94 \dest_y[29] \dest_y[28] $abc$77$new_n99 \dest_y[0] \dest_x[0]
Warning: Layer covering: no valid LUT6D mapping for $abc$77$auto$blifparse.cc:536:parse_blif$110/$abc$77$auto$blifparse.cc:536:parse_blif$93 (shared=6, total_inputs=6)
Warning:     shared inputs: \dest_x[0] \dest_y[0] $abc$77$new_n99 \dest_y[28] \dest_y[29] $abc$77$new_n94
Warning:     node cut leaves: $abc$77$new_n94 \dest_y[29] \dest_y[28] $abc$77$new_n99 \dest_y[0] \dest_x[0]
Warning:     cand cut leaves: $abc$77$new_n94 \dest_y[29] \dest_y[28] $abc$77$new_n99 \dest_x[0] \dest_y[0]
Warning:     merged cut leaves: $abc$77$new_n94 \dest_y[29] \dest_y[28] $abc$77$new_n99 \dest_y[0] \dest_x[0]
Warning:     potential I5: $abc$77$new_n94 \dest_y[29] \dest_y[28] $abc$77$new_n99 \dest_y[0] \dest_x[0]
    Generated 5 candidates: 0 dual, 5 single
    Selected: 0 dual-output, 5 single-output LUTs
  Layer 3: 16 signals to cover
Warning: Layer covering: no valid LUT6D mapping for $abc$77$auto$blifparse.cc:536:parse_blif$86/$abc$77$auto$blifparse.cc:536:parse_blif$107 (shared=0, total_inputs=6)
Warning:     shared inputs:
Warning:     node cut leaves: \dest_x[29] \dest_x[28]
Warning:     cand cut leaves: \dest_y[2] \dest_y[4] \dest_y[7] $abc$77$new_n117
Warning:     merged cut leaves: $abc$77$new_n117 \dest_y[7] \dest_y[4] \dest_y[2] \dest_x[29] \dest_x[28]
Warning:     potential I5: $abc$77$new_n117 \dest_y[7] \dest_y[4] \dest_y[2] \dest_x[28] \dest_x[29]
Warning: Layer covering: no valid LUT6D mapping for $abc$77$auto$blifparse.cc:536:parse_blif$86/$abc$77$auto$blifparse.cc:536:parse_blif$107 (shared=0, total_inputs=6)
Warning:     shared inputs:
Warning:     node cut leaves: \dest_x[29] \dest_x[28]
Warning:     cand cut leaves: \dest_y[2] \dest_y[4] \dest_y[7] $abc$77$new_n117
Warning:     merged cut leaves: $abc$77$new_n117 \dest_y[7] \dest_y[4] \dest_y[2] \dest_x[29] \dest_x[28]
Warning:     potential I5: $abc$77$new_n117 \dest_y[7] \dest_y[4] \dest_y[2] \dest_x[28] \dest_x[29]
Warning: Layer covering: no valid LUT6D mapping for $abc$77$auto$blifparse.cc:536:parse_blif$86/$abc$77$auto$blifparse.cc:536:parse_blif$107 (shared=0, total_inputs=6)
Warning:     shared inputs:
Warning:     node cut leaves: \dest_x[29] \dest_x[28]
Warning:     cand cut leaves: \dest_y[2] \dest_y[4] \dest_y[7] $abc$77$new_n117
Warning:     merged cut leaves: $abc$77$new_n117 \dest_y[7] \dest_y[4] \dest_y[2] \dest_x[29] \dest_x[28]
Warning:     potential I5: $abc$77$new_n117 \dest_y[7] \dest_y[4] \dest_y[2] \dest_x[28] \dest_x[29]
Warning: Layer covering: no valid LUT6D mapping for $abc$77$auto$blifparse.cc:536:parse_blif$86/$abc$77$auto$blifparse.cc:536:parse_blif$107 (shared=0, total_inputs=6)
Warning:     shared inputs:
Warning:     node cut leaves: \dest_x[29] \dest_x[28]
Warning:     cand cut leaves: \dest_y[2] \dest_y[4] \dest_y[7] $abc$77$new_n117
Warning:     merged cut leaves: $abc$77$new_n117 \dest_y[7] \dest_y[4] \dest_y[2] \dest_x[29] \dest_x[28]
Warning:     potential I5: $abc$77$new_n117 \dest_y[7] \dest_y[4] \dest_y[2] \dest_x[28] \dest_x[29]
    Generated 11 candidates: 1 dual, 10 single
    Selected: 1 dual-output, 9 single-output LUTs
  Layer 4: 26 signals to cover
    Generated 28 candidates: 15 dual, 13 single
    Selected: 3 dual-output, 8 single-output LUTs
  Layer 5: 32 signals to cover
    Generated 9 candidates: 0 dual, 9 single
    Selected: 0 dual-output, 9 single-output LUTs
  Layer 6: 18 signals to cover
    All signals covered or are PIs
  Total layers: 6
  Total LUTs: 5 dual-output + 32 single-output = 37

=== Covering Mode 2: Disjoint-aggressive ===

=== Layer-Based Covering Algorithm ===
  Dual-output pairing: enabled
  Layer 1: 3 signals to cover
Warning: Layer covering: no valid LUT6D mapping for $abc$77$auto$blifparse.cc:536:parse_blif$114/$abc$77$auto$blifparse.cc:536:parse_blif$109 (shared=2, total_inputs=6)
Warning:     shared inputs: $abc$77$new_n66 $abc$77$new_n132
Warning:     node cut leaves: $abc$77$new_n93 $abc$77$new_n132 $abc$77$new_n66 \dest_y[14] $abc$77$new_n126
Warning:     cand cut leaves: $abc$77$new_n123 $abc$77$new_n132 $abc$77$new_n66
Warning:     merged cut leaves: $abc$77$new_n123 $abc$77$new_n93 $abc$77$new_n132 $abc$77$new_n66 \dest_y[14] $abc$77$new_n126
Warning:     potential I5: $abc$77$new_n132 $abc$77$new_n66 $abc$77$new_n123 $abc$77$new_n126 \dest_y[14] $abc$77$new_n93
Warning: Layer covering: no valid LUT6D mapping for $abc$77$auto$blifparse.cc:536:parse_blif$114/$abc$77$auto$blifparse.cc:536:parse_blif$109 (shared=2, total_inputs=6)
Warning:     shared inputs: $abc$77$new_n66 $abc$77$new_n132
Warning:     node cut leaves: $abc$77$new_n93 $abc$77$new_n132 $abc$77$new_n66 \dest_y[14] $abc$77$new_n126
Warning:     cand cut leaves: $abc$77$new_n123 $abc$77$new_n132 $abc$77$new_n66
Warning:     merged cut leaves: $abc$77$new_n123 $abc$77$new_n93 $abc$77$new_n132 $abc$77$new_n66 \dest_y[14] $abc$77$new_n126
Warning:     potential I5: $abc$77$new_n132 $abc$77$new_n66 $abc$77$new_n123 $abc$77$new_n126 \dest_y[14] $abc$77$new_n93
Warning: Layer covering: no valid LUT6D mapping for $abc$77$auto$blifparse.cc:536:parse_blif$114/$abc$77$auto$blifparse.cc:536:parse_blif$109 (shared=2, total_inputs=6)
Warning:     shared inputs: $abc$77$new_n66 $abc$77$new_n132
Warning:     node cut leaves: $abc$77$new_n93 $abc$77$new_n132 $abc$77$new_n66 \dest_y[14] $abc$77$new_n126
Warning:     cand cut leaves: $abc$77$new_n123 $abc$77$new_n132 $abc$77$new_n66
Warning:     merged cut leaves: $abc$77$new_n123 $abc$77$new_n93 $abc$77$new_n132 $abc$77$new_n66 \dest_y[14] $abc$77$new_n126
Warning:     potential I5: $abc$77$new_n132 $abc$77$new_n66 $abc$77$new_n123 $abc$77$new_n126 \dest_y[14] $abc$77$new_n93
Warning: Layer covering: no valid LUT6D mapping for $abc$77$auto$blifparse.cc:536:parse_blif$114/$abc$77$auto$blifparse.cc:536:parse_blif$109 (shared=2, total_inputs=6)
Warning:     shared inputs: $abc$77$new_n66 $abc$77$new_n132
Warning:     node cut leaves: $abc$77$new_n93 $abc$77$new_n132 $abc$77$new_n66 \dest_y[14] $abc$77$new_n126
Warning:     cand cut leaves: $abc$77$new_n123 $abc$77$new_n132 $abc$77$new_n66
Warning:     merged cut leaves: $abc$77$new_n123 $abc$77$new_n93 $abc$77$new_n132 $abc$77$new_n66 \dest_y[14] $abc$77$new_n126
Warning:     potential I5: $abc$77$new_n132 $abc$77$new_n66 $abc$77$new_n123 $abc$77$new_n126 \dest_y[14] $abc$77$new_n93
Warning: Layer covering: no valid LUT6D mapping for $abc$77$auto$blifparse.cc:536:parse_blif$109/$abc$77$auto$blifparse.cc:536:parse_blif$114 (shared=2, total_inputs=6)
Warning:     shared inputs: $abc$77$new_n66 $abc$77$new_n132
Warning:     node cut leaves: $abc$77$new_n123 $abc$77$new_n132 $abc$77$new_n66
Warning:     cand cut leaves: $abc$77$new_n93 $abc$77$new_n132 $abc$77$new_n66 \dest_y[14] $abc$77$new_n126
Warning:     merged cut leaves: $abc$77$new_n126 \dest_y[14] $abc$77$new_n93 $abc$77$new_n123 $abc$77$new_n132 $abc$77$new_n66
Warning:     potential I5: $abc$77$new_n132 $abc$77$new_n66 $abc$77$new_n126 \dest_y[14] $abc$77$new_n93 $abc$77$new_n123
Warning: Layer covering: no valid LUT6D mapping for $abc$77$auto$blifparse.cc:536:parse_blif$109/$abc$77$auto$blifparse.cc:536:parse_blif$114 (shared=2, total_inputs=6)
Warning:     shared inputs: $abc$77$new_n66 $abc$77$new_n132
Warning:     node cut leaves: $abc$77$new_n123 $abc$77$new_n132 $abc$77$new_n66
Warning:     cand cut leaves: $abc$77$new_n93 $abc$77$new_n132 $abc$77$new_n66 \dest_y[14] $abc$77$new_n126
Warning:     merged cut leaves: $abc$77$new_n126 \dest_y[14] $abc$77$new_n93 $abc$77$new_n123 $abc$77$new_n132 $abc$77$new_n66
Warning:     potential I5: $abc$77$new_n132 $abc$77$new_n66 $abc$77$new_n126 \dest_y[14] $abc$77$new_n93 $abc$77$new_n123
Warning: Layer covering: no valid LUT6D mapping for $abc$77$auto$blifparse.cc:536:parse_blif$109/$abc$77$auto$blifparse.cc:536:parse_blif$114 (shared=2, total_inputs=6)
Warning:     shared inputs: $abc$77$new_n66 $abc$77$new_n132
Warning:     node cut leaves: $abc$77$new_n123 $abc$77$new_n132 $abc$77$new_n66
Warning:     cand cut leaves: $abc$77$new_n93 $abc$77$new_n132 $abc$77$new_n66 \dest_y[14] $abc$77$new_n126
Warning:     merged cut leaves: $abc$77$new_n126 \dest_y[14] $abc$77$new_n93 $abc$77$new_n123 $abc$77$new_n132 $abc$77$new_n66
Warning:     potential I5: $abc$77$new_n132 $abc$77$new_n66 $abc$77$new_n126 \dest_y[14] $abc$77$new_n93 $abc$77$new_n123
Warning: Layer covering: no valid LUT6D mapping for $abc$77$auto$blifparse.cc:536:parse_blif$109/$abc$77$auto$blifparse.cc:536:parse_blif$114 (shared=2, total_inputs=6)
Warning:     shared inputs: $abc$77$new_n66 $abc$77$new_n132
Warning:     node cut leaves: $abc$77$new_n123 $abc$77$new_n132 $abc$77$new_n66
Warning:     cand cut leaves: $abc$77$new_n93 $abc$77$new_n132 $abc$77$new_n66 \dest_y[14] $abc$77$new_n126
Warning:     merged cut leaves: $abc$77$new_n126 \dest_y[14] $abc$77$new_n93 $abc$77$new_n123 $abc$77$new_n132 $abc$77$new_n66
Warning:     potential I5: $abc$77$new_n132 $abc$77$new_n66 $abc$77$new_n126 \dest_y[14] $abc$77$new_n93 $abc$77$new_n123
    Generated 7 candidates: 4 dual, 3 single
    Selected: 1 dual-output, 1 single-output LUTs
  Layer 2: 5 signals to cover
Warning: Layer covering: no valid LUT6D mapping for $abc$77$auto$blifparse.cc:536:parse_blif$93/$abc$77$auto$blifparse.cc:536:parse_blif$110 (shared=6, total_inputs=6)
Warning:     shared inputs: \dest_y[0] \dest_x[0] $abc$77$new_n99 \dest_y[28] \dest_y[29] $abc$77$new_n94
Warning:     node cut leaves: $abc$77$new_n94 \dest_y[29] \dest_y[28] $abc$77$new_n99 \dest_x[0] \dest_y[0]
Warning:     cand cut leaves: $abc$77$new_n94 \dest_y[29] \dest_y[28] $abc$77$new_n99 \dest_y[0] \dest_x[0]
Warning:     merged cut leaves: $abc$77$new_n94 \dest_y[29] \dest_y[28] $abc$77$new_n99 \dest_x[0] \dest_y[0]
Warning:     potential I5: $abc$77$new_n94 \dest_y[29] \dest_y[28] $abc$77$new_n99 \dest_x[0] \dest_y[0]
Warning: Layer covering: no valid LUT6D mapping for $abc$77$auto$blifparse.cc:536:parse_blif$93/$abc$77$auto$blifparse.cc:536:parse_blif$110 (shared=6, total_inputs=6)
Warning:     shared inputs: \dest_y[0] \dest_x[0] $abc$77$new_n99 \dest_y[28] \dest_y[29] $abc$77$new_n94
Warning:     node cut leaves: $abc$77$new_n94 \dest_y[29] \dest_y[28] $abc$77$new_n99 \dest_x[0] \dest_y[0]
Warning:     cand cut leaves: $abc$77$new_n94 \dest_y[29] \dest_y[28] $abc$77$new_n99 \dest_y[0] \dest_x[0]
Warning:     merged cut leaves: $abc$77$new_n94 \dest_y[29] \dest_y[28] $abc$77$new_n99 \dest_x[0] \dest_y[0]
Warning:     potential I5: $abc$77$new_n94 \dest_y[29] \dest_y[28] $abc$77$new_n99 \dest_x[0] \dest_y[0]
Warning: Layer covering: no valid LUT6D mapping for $abc$77$auto$blifparse.cc:536:parse_blif$93/$abc$77$auto$blifparse.cc:536:parse_blif$110 (shared=6, total_inputs=6)
Warning:     shared inputs: \dest_y[0] \dest_x[0] $abc$77$new_n99 \dest_y[28] \dest_y[29] $abc$77$new_n94
Warning:     node cut leaves: $abc$77$new_n94 \dest_y[29] \dest_y[28] $abc$77$new_n99 \dest_x[0] \dest_y[0]
Warning:     cand cut leaves: $abc$77$new_n94 \dest_y[29] \dest_y[28] $abc$77$new_n99 \dest_y[0] \dest_x[0]
Warning:     merged cut leaves: $abc$77$new_n94 \dest_y[29] \dest_y[28] $abc$77$new_n99 \dest_x[0] \dest_y[0]
Warning:     potential I5: $abc$77$new_n94 \dest_y[29] \dest_y[28] $abc$77$new_n99 \dest_x[0] \dest_y[0]
Warning: Layer covering: no valid LUT6D mapping for $abc$77$auto$blifparse.cc:536:parse_blif$93/$abc$77$auto$blifparse.cc:536:parse_blif$110 (shared=6, total_inputs=6)
Warning:     shared inputs: \dest_y[0] \dest_x[0] $abc$77$new_n99 \dest_y[28] \dest_y[29] $abc$77$new_n94
Warning:     node cut leaves: $abc$77$new_n94 \dest_y[29] \dest_y[28] $abc$77$new_n99 \dest_x[0] \dest_y[0]
Warning:     cand cut leaves: $abc$77$new_n94 \dest_y[29] \dest_y[28] $abc$77$new_n99 \dest_y[0] \dest_x[0]
Warning:     merged cut leaves: $abc$77$new_n94 \dest_y[29] \dest_y[28] $abc$77$new_n99 \dest_x[0] \dest_y[0]
Warning:     potential I5: $abc$77$new_n94 \dest_y[29] \dest_y[28] $abc$77$new_n99 \dest_x[0] \dest_y[0]
Warning: Layer covering: no valid LUT6D mapping for $abc$77$auto$blifparse.cc:536:parse_blif$110/$abc$77$auto$blifparse.cc:536:parse_blif$93 (shared=6, total_inputs=6)
Warning:     shared inputs: \dest_x[0] \dest_y[0] $abc$77$new_n99 \dest_y[28] \dest_y[29] $abc$77$new_n94
Warning:     node cut leaves: $abc$77$new_n94 \dest_y[29] \dest_y[28] $abc$77$new_n99 \dest_y[0] \dest_x[0]
Warning:     cand cut leaves: $abc$77$new_n94 \dest_y[29] \dest_y[28] $abc$77$new_n99 \dest_x[0] \dest_y[0]
Warning:     merged cut leaves: $abc$77$new_n94 \dest_y[29] \dest_y[28] $abc$77$new_n99 \dest_y[0] \dest_x[0]
Warning:     potential I5: $abc$77$new_n94 \dest_y[29] \dest_y[28] $abc$77$new_n99 \dest_y[0] \dest_x[0]
Warning: Layer covering: no valid LUT6D mapping for $abc$77$auto$blifparse.cc:536:parse_blif$110/$abc$77$auto$blifparse.cc:536:parse_blif$93 (shared=6, total_inputs=6)
Warning:     shared inputs: \dest_x[0] \dest_y[0] $abc$77$new_n99 \dest_y[28] \dest_y[29] $abc$77$new_n94
Warning:     node cut leaves: $abc$77$new_n94 \dest_y[29] \dest_y[28] $abc$77$new_n99 \dest_y[0] \dest_x[0]
Warning:     cand cut leaves: $abc$77$new_n94 \dest_y[29] \dest_y[28] $abc$77$new_n99 \dest_x[0] \dest_y[0]
Warning:     merged cut leaves: $abc$77$new_n94 \dest_y[29] \dest_y[28] $abc$77$new_n99 \dest_y[0] \dest_x[0]
Warning:     potential I5: $abc$77$new_n94 \dest_y[29] \dest_y[28] $abc$77$new_n99 \dest_y[0] \dest_x[0]
Warning: Layer covering: no valid LUT6D mapping for $abc$77$auto$blifparse.cc:536:parse_blif$110/$abc$77$auto$blifparse.cc:536:parse_blif$93 (shared=6, total_inputs=6)
Warning:     shared inputs: \dest_x[0] \dest_y[0] $abc$77$new_n99 \dest_y[28] \dest_y[29] $abc$77$new_n94
Warning:     node cut leaves: $abc$77$new_n94 \dest_y[29] \dest_y[28] $abc$77$new_n99 \dest_y[0] \dest_x[0]
Warning:     cand cut leaves: $abc$77$new_n94 \dest_y[29] \dest_y[28] $abc$77$new_n99 \dest_x[0] \dest_y[0]
Warning:     merged cut leaves: $abc$77$new_n94 \dest_y[29] \dest_y[28] $abc$77$new_n99 \dest_y[0] \dest_x[0]
Warning:     potential I5: $abc$77$new_n94 \dest_y[29] \dest_y[28] $abc$77$new_n99 \dest_y[0] \dest_x[0]
Warning: Layer covering: no valid LUT6D mapping for $abc$77$auto$blifparse.cc:536:parse_blif$110/$abc$77$auto$blifparse.cc:536:parse_blif$93 (shared=6, total_inputs=6)
Warning:     shared inputs: \dest_x[0] \dest_y[0] $abc$77$new_n99 \dest_y[28] \dest_y[29] $abc$77$new_n94
Warning:     node cut leaves: $abc$77$new_n94 \dest_y[29] \dest_y[28] $abc$77$new_n99 \dest_y[0] \dest_x[0]
Warning:     cand cut leaves: $abc$77$new_n94 \dest_y[29] \dest_y[28] $abc$77$new_n99 \dest_x[0] \dest_y[0]
Warning:     merged cut leaves: $abc$77$new_n94 \dest_y[29] \dest_y[28] $abc$77$new_n99 \dest_y[0] \dest_x[0]
Warning:     potential I5: $abc$77$new_n94 \dest_y[29] \dest_y[28] $abc$77$new_n99 \dest_y[0] \dest_x[0]
    Generated 5 candidates: 0 dual, 5 single
    Selected: 0 dual-output, 5 single-output LUTs
  Layer 3: 16 signals to cover
Warning: Layer covering: no valid LUT6D mapping for $abc$77$auto$blifparse.cc:536:parse_blif$86/$abc$77$auto$blifparse.cc:536:parse_blif$107 (shared=0, total_inputs=6)
Warning:     shared inputs:
Warning:     node cut leaves: \dest_x[29] \dest_x[28]
Warning:     cand cut leaves: \dest_y[2] \dest_y[4] \dest_y[7] $abc$77$new_n117
Warning:     merged cut leaves: $abc$77$new_n117 \dest_y[7] \dest_y[4] \dest_y[2] \dest_x[29] \dest_x[28]
Warning:     potential I5: $abc$77$new_n117 \dest_y[7] \dest_y[4] \dest_y[2] \dest_x[28] \dest_x[29]
Warning: Layer covering: no valid LUT6D mapping for $abc$77$auto$blifparse.cc:536:parse_blif$86/$abc$77$auto$blifparse.cc:536:parse_blif$107 (shared=0, total_inputs=6)
Warning:     shared inputs:
Warning:     node cut leaves: \dest_x[29] \dest_x[28]
Warning:     cand cut leaves: \dest_y[2] \dest_y[4] \dest_y[7] $abc$77$new_n117
Warning:     merged cut leaves: $abc$77$new_n117 \dest_y[7] \dest_y[4] \dest_y[2] \dest_x[29] \dest_x[28]
Warning:     potential I5: $abc$77$new_n117 \dest_y[7] \dest_y[4] \dest_y[2] \dest_x[28] \dest_x[29]
Warning: Layer covering: no valid LUT6D mapping for $abc$77$auto$blifparse.cc:536:parse_blif$86/$abc$77$auto$blifparse.cc:536:parse_blif$107 (shared=0, total_inputs=6)
Warning:     shared inputs:
Warning:     node cut leaves: \dest_x[29] \dest_x[28]
Warning:     cand cut leaves: \dest_y[2] \dest_y[4] \dest_y[7] $abc$77$new_n117
Warning:     merged cut leaves: $abc$77$new_n117 \dest_y[7] \dest_y[4] \dest_y[2] \dest_x[29] \dest_x[28]
Warning:     potential I5: $abc$77$new_n117 \dest_y[7] \dest_y[4] \dest_y[2] \dest_x[28] \dest_x[29]
Warning: Layer covering: no valid LUT6D mapping for $abc$77$auto$blifparse.cc:536:parse_blif$86/$abc$77$auto$blifparse.cc:536:parse_blif$107 (shared=0, total_inputs=6)
Warning:     shared inputs:
Warning:     node cut leaves: \dest_x[29] \dest_x[28]
Warning:     cand cut leaves: \dest_y[2] \dest_y[4] \dest_y[7] $abc$77$new_n117
Warning:     merged cut leaves: $abc$77$new_n117 \dest_y[7] \dest_y[4] \dest_y[2] \dest_x[29] \dest_x[28]
Warning:     potential I5: $abc$77$new_n117 \dest_y[7] \dest_y[4] \dest_y[2] \dest_x[28] \dest_x[29]
    Generated 11 candidates: 1 dual, 10 single
    Selected: 1 dual-output, 9 single-output LUTs
  Layer 4: 26 signals to cover
    Generated 28 candidates: 15 dual, 13 single
    Selected: 3 dual-output, 8 single-output LUTs
  Layer 5: 32 signals to cover
    Generated 9 candidates: 0 dual, 9 single
    Selected: 0 dual-output, 9 single-output LUTs
  Layer 6: 18 signals to cover
    All signals covered or are PIs
  Total layers: 6
  Total LUTs: 5 dual-output + 32 single-output = 37

=== Covering Mode 3: Best-cut single-output ===
  Post-packing: merged 4 single-LUT pairs into dual LUTs
  Covering mode decision: mode1=37, mode2=37, mode3=38, picked=standard-dual (37 LUTs)

Total LUT6D cells to be added: 5
Total single-output LUTs to be added: 32
Removed 42 original cells covered by LUT outputs

Final: 5 LUT6D + 32 single LUT = 37 total LUTs
Cleaning up global data structures...
Memory cleanup complete.
<suppressed ~444 debug messages>

. Printing statistics.

=== /Users/yoyowang/Desktop/benchmark/router.aig ===

        +----------Local Count, excluding submodules.
        | 
      129 wires
      129 wire bits
       90 public wires
       90 public wire bits
       90 ports
       90 port bits
       37 cells
        1   GTP_LUT2
       10   GTP_LUT4
        1   GTP_LUT4D
        4   GTP_LUT5
        3   GTP_LUT5D
       17   GTP_LUT6
        1   GTP_LUT6D

. Executing Verilog backend.

1. Executing BMUXMAP pass.

2. Executing DEMUXMAP pass.
Dumping module `\/Users/yoyowang/Desktop/benchmark/router.aig'.

Warnings: 29 unique messages, 240 total
End of script. Logfile hash: 429a90184f, CPU: user 0.04s system 0.00s, MEM: 17.73 MB peak
Yosys 0.60+64 (git sha1 e3af261e1-dirty, clang++ 17.0.0 -fPIC -O3)
Time spent: 78% 1x abc (0 sec), 9% 1x lut6d_map (0 sec), ...
