
 /----------------------------------------------------------------------------\
 |  yosys -- Yosys Open SYnthesis Suite                                       |
 |  Copyright (C) 2012 - 2025  Claire Xenia Wolf <claire@yosyshq.com>         |
 |  Distributed under an ISC-like license, type "license" to see terms        |
 \----------------------------------------------------------------------------/
 Yosys 0.60+64 (git sha1 e3af261e1-dirty, clang++ 17.0.0 -fPIC -O3)

-- Running command `
        read_verilog -icells techlibs/yoyo/cells_sim.v
        read_verilog test_output_epfl/router_lut6d_mapped.v
        hierarchy -check -auto-top
        flatten
        techmap
        opt
        aigmap
        write_aiger test_output_epfl/router_lut6d_gate_cec.aig
    ' --

1. Executing Verilog-2005 frontend: techlibs/yoyo/cells_sim.v
Parsing Verilog input from `techlibs/yoyo/cells_sim.v' to AST representation.
verilog frontend filename techlibs/yoyo/cells_sim.v
Generating RTLIL representation for module `\GTP_LUT1'.
Generating RTLIL representation for module `\GTP_LUT2'.
Generating RTLIL representation for module `\GTP_LUT3'.
Generating RTLIL representation for module `\GTP_LUT4'.
Generating RTLIL representation for module `\GTP_LUT5'.
Generating RTLIL representation for module `\GTP_LUT6'.
Generating RTLIL representation for module `\GTP_LUT6D'.
Generating RTLIL representation for module `\GTP_LUT5D'.
Generating RTLIL representation for module `\GTP_LUT4D'.
Successfully finished Verilog frontend.

2. Executing Verilog-2005 frontend: test_output_epfl/router_lut6d_mapped.v
Parsing Verilog input from `test_output_epfl/router_lut6d_mapped.v' to AST representation.
verilog frontend filename test_output_epfl/router_lut6d_mapped.v
Generating RTLIL representation for module `\/Users/yoyowang/Desktop/benchmark/router.aig'.
Successfully finished Verilog frontend.

3. Executing HIERARCHY pass (managing design hierarchy).
Attribute `top' found on module `/Users/yoyowang/Desktop/benchmark/router.aig'. Setting top module to /Users/yoyowang/Desktop/benchmark/router.aig.

3.1. Analyzing design hierarchy..
Top module:  \/Users/yoyowang/Desktop/benchmark/router.aig
Used module:     \GTP_LUT6
Used module:     \GTP_LUT4
Used module:     \GTP_LUT2
Used module:     \GTP_LUT5
Used module:     \GTP_LUT5D
Used module:     \GTP_LUT6D
Used module:     \GTP_LUT4D
Parameter \INIT = 64'1111111111111111111111111110000000000000000000000000000000000000

3.2. Executing AST frontend in derive mode using pre-parsed AST for module `\GTP_LUT6'.
Parameter \INIT = 64'1111111111111111111111111110000000000000000000000000000000000000
Generating RTLIL representation for module `$paramod$873fc33f401480d9ab41fa1fb19af9b8c90fffde\GTP_LUT6'.
Parameter \INIT = 64'1111111111111111111111111110000000000000000000000000000000000000
Found cached RTLIL representation for module `$paramod$873fc33f401480d9ab41fa1fb19af9b8c90fffde\GTP_LUT6'.
Parameter \INIT = 64'0000000000000000000000000000000000001000000000000000000000000000

3.3. Executing AST frontend in derive mode using pre-parsed AST for module `\GTP_LUT6'.
Parameter \INIT = 64'0000000000000000000000000000000000001000000000000000000000000000
Generating RTLIL representation for module `$paramod$76f2e48a26891be2b565457cc26f07208d01a59c\GTP_LUT6'.
Parameter \INIT = 16'1000000000000000

3.4. Executing AST frontend in derive mode using pre-parsed AST for module `\GTP_LUT4'.
Parameter \INIT = 16'1000000000000000
Generating RTLIL representation for module `$paramod\GTP_LUT4\INIT=16'1000000000000000'.
Parameter \INIT = 16'1000000000000000
Found cached RTLIL representation for module `$paramod\GTP_LUT4\INIT=16'1000000000000000'.
Parameter \INIT = 16'0000000000000001

3.5. Executing AST frontend in derive mode using pre-parsed AST for module `\GTP_LUT4'.
Parameter \INIT = 16'0000000000000001
Generating RTLIL representation for module `$paramod\GTP_LUT4\INIT=16'0000000000000001'.
Parameter \INIT = 16'0000000000000001
Found cached RTLIL representation for module `$paramod\GTP_LUT4\INIT=16'0000000000000001'.
Parameter \INIT = 16'0000000100000000

3.6. Executing AST frontend in derive mode using pre-parsed AST for module `\GTP_LUT4'.
Parameter \INIT = 16'0000000100000000
Generating RTLIL representation for module `$paramod\GTP_LUT4\INIT=16'0000000100000000'.
Parameter \INIT = 4'0100

3.7. Executing AST frontend in derive mode using pre-parsed AST for module `\GTP_LUT2'.
Parameter \INIT = 4'0100
Generating RTLIL representation for module `$paramod\GTP_LUT2\INIT=4'0100'.
Parameter \INIT = 64'1000000000000000000000000000000000000000000000000000000000000000

3.8. Executing AST frontend in derive mode using pre-parsed AST for module `\GTP_LUT6'.
Parameter \INIT = 64'1000000000000000000000000000000000000000000000000000000000000000
Generating RTLIL representation for module `$paramod$492504319aaaedd247a3255e8ac4e753d3714520\GTP_LUT6'.
Parameter \INIT = 64'1100110011001100110011001100110011001100100000000000000000000000

3.9. Executing AST frontend in derive mode using pre-parsed AST for module `\GTP_LUT6'.
Parameter \INIT = 64'1100110011001100110011001100110011001100100000000000000000000000
Generating RTLIL representation for module `$paramod$065dcacf0615c741f3beff87f801e36c91bd9b05\GTP_LUT6'.
Parameter \INIT = 64'1111111111111111111110000000000000000000000000000000000000000000

3.10. Executing AST frontend in derive mode using pre-parsed AST for module `\GTP_LUT6'.
Parameter \INIT = 64'1111111111111111111110000000000000000000000000000000000000000000
Generating RTLIL representation for module `$paramod$6524017bd97316831c3dfb872e5bf74e3747efb5\GTP_LUT6'.
Parameter \INIT = 64'0000000100000000000000000000000000000000000000000000000000000000

3.11. Executing AST frontend in derive mode using pre-parsed AST for module `\GTP_LUT6'.
Parameter \INIT = 64'0000000100000000000000000000000000000000000000000000000000000000
Generating RTLIL representation for module `$paramod$010b82988e5bf8fb52ec08472f949189ff9f72eb\GTP_LUT6'.
Parameter \INIT = 128

3.12. Executing AST frontend in derive mode using pre-parsed AST for module `\GTP_LUT5'.
Parameter \INIT = 128
Generating RTLIL representation for module `$paramod\GTP_LUT5\INIT=32'00000000000000000000000010000000'.
Parameter \INIT = 16'0000000000000001
Found cached RTLIL representation for module `$paramod\GTP_LUT4\INIT=16'0000000000000001'.
Parameter \INIT = 16'0000000000000001
Found cached RTLIL representation for module `$paramod\GTP_LUT4\INIT=16'0000000000000001'.
Parameter \INIT = 16'1000000000000000
Found cached RTLIL representation for module `$paramod\GTP_LUT4\INIT=16'1000000000000000'.
Parameter \INIT = 64'0000000000000000000000000000000000000000000000000000001010101010

3.13. Executing AST frontend in derive mode using pre-parsed AST for module `\GTP_LUT6'.
Parameter \INIT = 64'0000000000000000000000000000000000000000000000000000001010101010
Generating RTLIL representation for module `$paramod$93beceabf553ef9fb622f09c3e297dd1a1da6b00\GTP_LUT6'.
Parameter \INIT = 64'0000000000000000000000000000000000000000000000001000000000000000

3.14. Executing AST frontend in derive mode using pre-parsed AST for module `\GTP_LUT6'.
Parameter \INIT = 64'0000000000000000000000000000000000000000000000001000000000000000
Generating RTLIL representation for module `$paramod$15b020ac927ddb1879e5c2605abe35d430e43019\GTP_LUT6'.
Parameter \INIT = 64'1111111111111111110011001100100000000000000000000000000000000000

3.15. Executing AST frontend in derive mode using pre-parsed AST for module `\GTP_LUT6'.
Parameter \INIT = 64'1111111111111111110011001100100000000000000000000000000000000000
Generating RTLIL representation for module `$paramod$af5c01a1f374decbbe698383e679acb1327dc71f\GTP_LUT6'.
Parameter \INIT = 64'1100110011001100110011001000000000000000000000000000000000000000

3.16. Executing AST frontend in derive mode using pre-parsed AST for module `\GTP_LUT6'.
Parameter \INIT = 64'1100110011001100110011001000000000000000000000000000000000000000
Generating RTLIL representation for module `$paramod$20508d1ea7aa35579cc232ce3d602b631cd37dad\GTP_LUT6'.
Parameter \INIT = 64'0000000000000010000000000000000000000000000000000000000000000000

3.17. Executing AST frontend in derive mode using pre-parsed AST for module `\GTP_LUT6'.
Parameter \INIT = 64'0000000000000010000000000000000000000000000000000000000000000000
Generating RTLIL representation for module `$paramod$e3c9bf59f1a17d56d228fcbeac53d03688fe942e\GTP_LUT6'.
Parameter \INIT = 538976256

3.18. Executing AST frontend in derive mode using pre-parsed AST for module `\GTP_LUT5'.
Parameter \INIT = 538976256
Generating RTLIL representation for module `$paramod\GTP_LUT5\INIT=32'00100000001000000010000000000000'.
Parameter \INIT = 8

3.19. Executing AST frontend in derive mode using pre-parsed AST for module `\GTP_LUT5'.
Parameter \INIT = 8
Generating RTLIL representation for module `$paramod\GTP_LUT5\INIT=32'00000000000000000000000000001000'.
Parameter \INIT = 16'0000000000000010

3.20. Executing AST frontend in derive mode using pre-parsed AST for module `\GTP_LUT4'.
Parameter \INIT = 16'0000000000000010
Generating RTLIL representation for module `$paramod\GTP_LUT4\INIT=16'0000000000000010'.
Parameter \INIT = 16'1000000000000000
Found cached RTLIL representation for module `$paramod\GTP_LUT4\INIT=16'1000000000000000'.
Parameter \INIT = 64'0000111100001111000111111101111111111111111111111111111111111111

3.21. Executing AST frontend in derive mode using pre-parsed AST for module `\GTP_LUT6'.
Parameter \INIT = 64'0000111100001111000111111101111111111111111111111111111111111111
Generating RTLIL representation for module `$paramod$4cdda5dcc92e838485f4ba5e35a3653b51c02967\GTP_LUT6'.
Parameter \INIT = 64'1100110011000100000000000000000000000000000000000000000000000000

3.22. Executing AST frontend in derive mode using pre-parsed AST for module `\GTP_LUT6'.
Parameter \INIT = 64'1100110011000100000000000000000000000000000000000000000000000000
Generating RTLIL representation for module `$paramod$1c2d877a2d43fe62ad480f4e02dc2dcc53033401\GTP_LUT6'.
Parameter \INIT = 64'0011101110111011111111111111111111111111111111111111111111111111

3.23. Executing AST frontend in derive mode using pre-parsed AST for module `\GTP_LUT6'.
Parameter \INIT = 64'0011101110111011111111111111111111111111111111111111111111111111
Generating RTLIL representation for module `$paramod$74f246a2f5901769886b7bb2f3ec3179a1d912ff\GTP_LUT6'.
Parameter \INIT = 64'1111111111111111111111111111111110100010101010101010101010101010

3.24. Executing AST frontend in derive mode using pre-parsed AST for module `\GTP_LUT6'.
Parameter \INIT = 64'1111111111111111111111111111111110100010101010101010101010101010
Generating RTLIL representation for module `$paramod$c7e3662f0a157e163f6761adae1cfbaec1dfea5c\GTP_LUT6'.
Parameter \INIT = 64'1000000000000000000000000000000000000000000000000000000000000000
Found cached RTLIL representation for module `$paramod$492504319aaaedd247a3255e8ac4e753d3714520\GTP_LUT6'.
Parameter \INIT = 32'10101010101010111010101110101011

3.25. Executing AST frontend in derive mode using pre-parsed AST for module `\GTP_LUT5'.
Parameter \INIT = 32'10101010101010111010101110101011
Generating RTLIL representation for module `$paramod\GTP_LUT5\INIT=32'10101010101010111010101110101011'.
Parameter \INIT = 32'11000000110000000000000001000000

3.26. Executing AST frontend in derive mode using pre-parsed AST for module `\GTP_LUT5D'.
Parameter \INIT = 32'11000000110000000000000001000000
Generating RTLIL representation for module `$paramod\GTP_LUT5D\INIT=32'11000000110000000000000001000000'.
Parameter \INIT = 32'11110000000000000100010001000100

3.27. Executing AST frontend in derive mode using pre-parsed AST for module `\GTP_LUT5D'.
Parameter \INIT = 32'11110000000000000100010001000100
Generating RTLIL representation for module `$paramod\GTP_LUT5D\INIT=32'11110000000000000100010001000100'.
Parameter \INIT = 64'0101000000000000000000000000000011000000000000001100000000000000

3.28. Executing AST frontend in derive mode using pre-parsed AST for module `\GTP_LUT6D'.
Parameter \INIT = 64'0101000000000000000000000000000011000000000000001100000000000000
Generating RTLIL representation for module `$paramod$0ac74bf20fcfb7aad94e2be87fada777e5514038\GTP_LUT6D'.
Parameter \INIT = 32'11110000000000001000000000000000

3.29. Executing AST frontend in derive mode using pre-parsed AST for module `\GTP_LUT5D'.
Parameter \INIT = 32'11110000000000001000000000000000
Generating RTLIL representation for module `$paramod\GTP_LUT5D\INIT=32'11110000000000001000000000000000'.
Parameter \INIT = 16'1110111000000001

3.30. Executing AST frontend in derive mode using pre-parsed AST for module `\GTP_LUT4D'.
Parameter \INIT = 16'1110111000000001
Generating RTLIL representation for module `$paramod\GTP_LUT4D\INIT=16'1110111000000001'.

3.31. Analyzing design hierarchy..
Top module:  \/Users/yoyowang/Desktop/benchmark/router.aig
Used module:     $paramod$873fc33f401480d9ab41fa1fb19af9b8c90fffde\GTP_LUT6
Used module:     $paramod$76f2e48a26891be2b565457cc26f07208d01a59c\GTP_LUT6
Used module:     $paramod\GTP_LUT4\INIT=16'1000000000000000
Used module:     $paramod\GTP_LUT4\INIT=16'0000000000000001
Used module:     $paramod\GTP_LUT4\INIT=16'0000000100000000
Used module:     $paramod\GTP_LUT2\INIT=4'0100
Used module:     $paramod$492504319aaaedd247a3255e8ac4e753d3714520\GTP_LUT6
Used module:     $paramod$065dcacf0615c741f3beff87f801e36c91bd9b05\GTP_LUT6
Used module:     $paramod$6524017bd97316831c3dfb872e5bf74e3747efb5\GTP_LUT6
Used module:     $paramod$010b82988e5bf8fb52ec08472f949189ff9f72eb\GTP_LUT6
Used module:     $paramod\GTP_LUT5\INIT=32'00000000000000000000000010000000
Used module:     $paramod$93beceabf553ef9fb622f09c3e297dd1a1da6b00\GTP_LUT6
Used module:     $paramod$15b020ac927ddb1879e5c2605abe35d430e43019\GTP_LUT6
Used module:     $paramod$af5c01a1f374decbbe698383e679acb1327dc71f\GTP_LUT6
Used module:     $paramod$20508d1ea7aa35579cc232ce3d602b631cd37dad\GTP_LUT6
Used module:     $paramod$e3c9bf59f1a17d56d228fcbeac53d03688fe942e\GTP_LUT6
Used module:     $paramod\GTP_LUT5\INIT=32'00100000001000000010000000000000
Used module:     $paramod\GTP_LUT5\INIT=32'00000000000000000000000000001000
Used module:     $paramod\GTP_LUT4\INIT=16'0000000000000010
Used module:     $paramod$4cdda5dcc92e838485f4ba5e35a3653b51c02967\GTP_LUT6
Used module:     $paramod$1c2d877a2d43fe62ad480f4e02dc2dcc53033401\GTP_LUT6
Used module:     $paramod$74f246a2f5901769886b7bb2f3ec3179a1d912ff\GTP_LUT6
Used module:     $paramod$c7e3662f0a157e163f6761adae1cfbaec1dfea5c\GTP_LUT6
Used module:     $paramod\GTP_LUT5\INIT=32'10101010101010111010101110101011
Used module:     $paramod\GTP_LUT5D\INIT=32'11000000110000000000000001000000
Used module:     $paramod\GTP_LUT5D\INIT=32'11110000000000000100010001000100
Used module:     $paramod$0ac74bf20fcfb7aad94e2be87fada777e5514038\GTP_LUT6D
Used module:     $paramod\GTP_LUT5D\INIT=32'11110000000000001000000000000000
Used module:     $paramod\GTP_LUT4D\INIT=16'1110111000000001

3.32. Analyzing design hierarchy..
Top module:  \/Users/yoyowang/Desktop/benchmark/router.aig
Used module:     $paramod$873fc33f401480d9ab41fa1fb19af9b8c90fffde\GTP_LUT6
Used module:     $paramod$76f2e48a26891be2b565457cc26f07208d01a59c\GTP_LUT6
Used module:     $paramod\GTP_LUT4\INIT=16'1000000000000000
Used module:     $paramod\GTP_LUT4\INIT=16'0000000000000001
Used module:     $paramod\GTP_LUT4\INIT=16'0000000100000000
Used module:     $paramod\GTP_LUT2\INIT=4'0100
Used module:     $paramod$492504319aaaedd247a3255e8ac4e753d3714520\GTP_LUT6
Used module:     $paramod$065dcacf0615c741f3beff87f801e36c91bd9b05\GTP_LUT6
Used module:     $paramod$6524017bd97316831c3dfb872e5bf74e3747efb5\GTP_LUT6
Used module:     $paramod$010b82988e5bf8fb52ec08472f949189ff9f72eb\GTP_LUT6
Used module:     $paramod\GTP_LUT5\INIT=32'00000000000000000000000010000000
Used module:     $paramod$93beceabf553ef9fb622f09c3e297dd1a1da6b00\GTP_LUT6
Used module:     $paramod$15b020ac927ddb1879e5c2605abe35d430e43019\GTP_LUT6
Used module:     $paramod$af5c01a1f374decbbe698383e679acb1327dc71f\GTP_LUT6
Used module:     $paramod$20508d1ea7aa35579cc232ce3d602b631cd37dad\GTP_LUT6
Used module:     $paramod$e3c9bf59f1a17d56d228fcbeac53d03688fe942e\GTP_LUT6
Used module:     $paramod\GTP_LUT5\INIT=32'00100000001000000010000000000000
Used module:     $paramod\GTP_LUT5\INIT=32'00000000000000000000000000001000
Used module:     $paramod\GTP_LUT4\INIT=16'0000000000000010
Used module:     $paramod$4cdda5dcc92e838485f4ba5e35a3653b51c02967\GTP_LUT6
Used module:     $paramod$1c2d877a2d43fe62ad480f4e02dc2dcc53033401\GTP_LUT6
Used module:     $paramod$74f246a2f5901769886b7bb2f3ec3179a1d912ff\GTP_LUT6
Used module:     $paramod$c7e3662f0a157e163f6761adae1cfbaec1dfea5c\GTP_LUT6
Used module:     $paramod\GTP_LUT5\INIT=32'10101010101010111010101110101011
Used module:     $paramod\GTP_LUT5D\INIT=32'11000000110000000000000001000000
Used module:     $paramod\GTP_LUT5D\INIT=32'11110000000000000100010001000100
Used module:     $paramod$0ac74bf20fcfb7aad94e2be87fada777e5514038\GTP_LUT6D
Used module:     $paramod\GTP_LUT5D\INIT=32'11110000000000001000000000000000
Used module:     $paramod\GTP_LUT4D\INIT=16'1110111000000001
Removing unused module `\GTP_LUT4D'.
Removing unused module `\GTP_LUT5D'.
Removing unused module `\GTP_LUT6D'.
Removing unused module `\GTP_LUT6'.
Removing unused module `\GTP_LUT5'.
Removing unused module `\GTP_LUT4'.
Removing unused module `\GTP_LUT3'.
Removing unused module `\GTP_LUT2'.
Removing unused module `\GTP_LUT1'.
Removed 9 unused modules.

4. Executing FLATTEN pass (flatten design).
Deleting now unused module $paramod$4cdda5dcc92e838485f4ba5e35a3653b51c02967\GTP_LUT6.
Deleting now unused module $paramod\GTP_LUT4\INIT=16'0000000000000010.
Deleting now unused module $paramod\GTP_LUT5\INIT=32'00000000000000000000000000001000.
Deleting now unused module $paramod\GTP_LUT5\INIT=32'00100000001000000010000000000000.
Deleting now unused module $paramod$e3c9bf59f1a17d56d228fcbeac53d03688fe942e\GTP_LUT6.
Deleting now unused module $paramod$20508d1ea7aa35579cc232ce3d602b631cd37dad\GTP_LUT6.
Deleting now unused module $paramod$af5c01a1f374decbbe698383e679acb1327dc71f\GTP_LUT6.
Deleting now unused module $paramod$15b020ac927ddb1879e5c2605abe35d430e43019\GTP_LUT6.
Deleting now unused module $paramod$93beceabf553ef9fb622f09c3e297dd1a1da6b00\GTP_LUT6.
Deleting now unused module $paramod\GTP_LUT5\INIT=32'00000000000000000000000010000000.
Deleting now unused module $paramod$010b82988e5bf8fb52ec08472f949189ff9f72eb\GTP_LUT6.
Deleting now unused module $paramod$6524017bd97316831c3dfb872e5bf74e3747efb5\GTP_LUT6.
Deleting now unused module $paramod$065dcacf0615c741f3beff87f801e36c91bd9b05\GTP_LUT6.
Deleting now unused module $paramod$492504319aaaedd247a3255e8ac4e753d3714520\GTP_LUT6.
Deleting now unused module $paramod\GTP_LUT2\INIT=4'0100.
Deleting now unused module $paramod\GTP_LUT4\INIT=16'0000000100000000.
Deleting now unused module $paramod\GTP_LUT4\INIT=16'0000000000000001.
Deleting now unused module $paramod\GTP_LUT4\INIT=16'1000000000000000.
Deleting now unused module $paramod$76f2e48a26891be2b565457cc26f07208d01a59c\GTP_LUT6.
Deleting now unused module $paramod$873fc33f401480d9ab41fa1fb19af9b8c90fffde\GTP_LUT6.
Deleting now unused module $paramod\GTP_LUT4D\INIT=16'1110111000000001.
Deleting now unused module $paramod\GTP_LUT5D\INIT=32'11110000000000001000000000000000.
Deleting now unused module $paramod$0ac74bf20fcfb7aad94e2be87fada777e5514038\GTP_LUT6D.
Deleting now unused module $paramod\GTP_LUT5D\INIT=32'11110000000000000100010001000100.
Deleting now unused module $paramod\GTP_LUT5D\INIT=32'11000000110000000000000001000000.
Deleting now unused module $paramod\GTP_LUT5\INIT=32'10101010101010111010101110101011.
Deleting now unused module $paramod$c7e3662f0a157e163f6761adae1cfbaec1dfea5c\GTP_LUT6.
Deleting now unused module $paramod$74f246a2f5901769886b7bb2f3ec3179a1d912ff\GTP_LUT6.
Deleting now unused module $paramod$1c2d877a2d43fe62ad480f4e02dc2dcc53033401\GTP_LUT6.
<suppressed ~37 debug messages>

5. Executing TECHMAP pass (map to technology primitives).

5.1. Executing Verilog-2005 frontend: /Users/yoyowang/Desktop/yosysDualOutputLUT/share/techmap.v
Parsing Verilog input from `/Users/yoyowang/Desktop/yosysDualOutputLUT/share/techmap.v' to AST representation.
verilog frontend filename /Users/yoyowang/Desktop/yosysDualOutputLUT/share/techmap.v
Generating RTLIL representation for module `\_90_simplemap_bool_ops'.
Generating RTLIL representation for module `\_90_simplemap_reduce_ops'.
Generating RTLIL representation for module `\_90_simplemap_logic_ops'.
Generating RTLIL representation for module `\_90_simplemap_compare_ops'.
Generating RTLIL representation for module `\_90_simplemap_various'.
Generating RTLIL representation for module `\_90_simplemap_registers'.
Generating RTLIL representation for module `\_90_shift_ops_shr_shl_sshl_sshr'.
Generating RTLIL representation for module `\_90_shift_shiftx'.
Generating RTLIL representation for module `\_90_fa'.
Generating RTLIL representation for module `\_90_lcu_brent_kung'.
Generating RTLIL representation for module `\_90_alu'.
Generating RTLIL representation for module `\_90_macc'.
Generating RTLIL representation for module `\_90_alumacc'.
Generating RTLIL representation for module `\$__div_mod_u'.
Generating RTLIL representation for module `\$__div_mod_trunc'.
Generating RTLIL representation for module `\_90_div'.
Generating RTLIL representation for module `\_90_mod'.
Generating RTLIL representation for module `\$__div_mod_floor'.
Generating RTLIL representation for module `\_90_divfloor'.
Generating RTLIL representation for module `\_90_modfloor'.
Generating RTLIL representation for module `\_90_pow'.
Generating RTLIL representation for module `\_90_pmux'.
Generating RTLIL representation for module `\_90_demux'.
Generating RTLIL representation for module `\_90_lut'.
Generating RTLIL representation for module `\$connect'.
Generating RTLIL representation for module `\$input_port'.
Successfully finished Verilog frontend.

5.2. Continuing TECHMAP pass.
Using extmapper simplemap for cells of type $mux.
Using extmapper simplemap for cells of type $lut.
No more expansions possible.
<suppressed ~154 debug messages>

6. Executing OPT pass (performing simple optimizations).

6.1. Executing OPT_EXPR pass (perform const folding).
Optimizing module /Users/yoyowang/Desktop/benchmark/router.aig.
<suppressed ~1401 debug messages>

6.2. Executing OPT_MERGE pass (detect identical cells).
Finding identical cells in module `\/Users/yoyowang/Desktop/benchmark/router.aig'.
<suppressed ~78 debug messages>
Removed a total of 26 cells.

6.3. Executing OPT_MUXTREE pass (detect dead branches in mux trees).
Running muxtree optimizer on module \/Users/yoyowang/Desktop/benchmark/router.aig..
  Creating internal representation of mux trees.
  No muxes found in this module.
Removed 0 multiplexer ports.

6.4. Executing OPT_REDUCE pass (consolidate $*mux and $reduce_* inputs).
  Optimizing cells in module \/Users/yoyowang/Desktop/benchmark/router.aig.
Performed a total of 0 changes.

6.5. Executing OPT_MERGE pass (detect identical cells).
Finding identical cells in module `\/Users/yoyowang/Desktop/benchmark/router.aig'.
Removed a total of 0 cells.

6.6. Executing OPT_DFF pass (perform DFF optimizations).

6.7. Executing OPT_CLEAN pass (remove unused cells and wires).
Finding unused cells or wires in module \/Users/yoyowang/Desktop/benchmark/router.aig..
Removed 0 unused cells and 124 unused wires.
<suppressed ~1 debug messages>

6.8. Executing OPT_EXPR pass (perform const folding).
Optimizing module /Users/yoyowang/Desktop/benchmark/router.aig.
<suppressed ~11 debug messages>

6.9. Rerunning OPT passes. (Maybe there is more to do..)

6.10. Executing OPT_MUXTREE pass (detect dead branches in mux trees).
Running muxtree optimizer on module \/Users/yoyowang/Desktop/benchmark/router.aig..
  Creating internal representation of mux trees.
  No muxes found in this module.
Removed 0 multiplexer ports.

6.11. Executing OPT_REDUCE pass (consolidate $*mux and $reduce_* inputs).
  Optimizing cells in module \/Users/yoyowang/Desktop/benchmark/router.aig.
Performed a total of 0 changes.

6.12. Executing OPT_MERGE pass (detect identical cells).
Finding identical cells in module `\/Users/yoyowang/Desktop/benchmark/router.aig'.
Removed a total of 0 cells.

6.13. Executing OPT_DFF pass (perform DFF optimizations).

6.14. Executing OPT_CLEAN pass (remove unused cells and wires).
Finding unused cells or wires in module \/Users/yoyowang/Desktop/benchmark/router.aig..

6.15. Executing OPT_EXPR pass (perform const folding).
Optimizing module /Users/yoyowang/Desktop/benchmark/router.aig.

6.16. Finished fast OPT passes. (There is nothing left to do.)

7. Executing AIGMAP pass (map logic to AIG).
Module /Users/yoyowang/Desktop/benchmark/router.aig: replaced 151 cells with 1057 new cells, skipped 50 cells.
  replaced 1 cell types:
     151 $_MUX_
  not replaced 2 cell types:
      13 $_NOT_
      37 $scopeinfo

8. Executing AIGER backend.
Warning: Treating undriven bit /Users/yoyowang/Desktop/benchmark/router.aig.\dest_x[0] like $anyseq.
Warning: Treating undriven bit /Users/yoyowang/Desktop/benchmark/router.aig.\dest_x[1] like $anyseq.
Warning: Treating undriven bit /Users/yoyowang/Desktop/benchmark/router.aig.\dest_x[2] like $anyseq.
Warning: Treating undriven bit /Users/yoyowang/Desktop/benchmark/router.aig.\dest_x[3] like $anyseq.
Warning: Treating undriven bit /Users/yoyowang/Desktop/benchmark/router.aig.\dest_x[4] like $anyseq.
Warning: Treating undriven bit /Users/yoyowang/Desktop/benchmark/router.aig.\dest_x[5] like $anyseq.
Warning: Treating undriven bit /Users/yoyowang/Desktop/benchmark/router.aig.\dest_x[6] like $anyseq.
Warning: Treating undriven bit /Users/yoyowang/Desktop/benchmark/router.aig.\dest_x[7] like $anyseq.
Warning: Treating undriven bit /Users/yoyowang/Desktop/benchmark/router.aig.\dest_x[8] like $anyseq.
Warning: Treating undriven bit /Users/yoyowang/Desktop/benchmark/router.aig.\dest_x[9] like $anyseq.
Warning: Treating undriven bit /Users/yoyowang/Desktop/benchmark/router.aig.\dest_x[10] like $anyseq.
Warning: Treating undriven bit /Users/yoyowang/Desktop/benchmark/router.aig.\dest_x[11] like $anyseq.
Warning: Treating undriven bit /Users/yoyowang/Desktop/benchmark/router.aig.\dest_x[12] like $anyseq.
Warning: Treating undriven bit /Users/yoyowang/Desktop/benchmark/router.aig.\dest_x[13] like $anyseq.
Warning: Treating undriven bit /Users/yoyowang/Desktop/benchmark/router.aig.\dest_x[14] like $anyseq.
Warning: Treating undriven bit /Users/yoyowang/Desktop/benchmark/router.aig.\dest_x[15] like $anyseq.
Warning: Treating undriven bit /Users/yoyowang/Desktop/benchmark/router.aig.\dest_x[16] like $anyseq.
Warning: Treating undriven bit /Users/yoyowang/Desktop/benchmark/router.aig.\dest_x[17] like $anyseq.
Warning: Treating undriven bit /Users/yoyowang/Desktop/benchmark/router.aig.\dest_x[18] like $anyseq.
Warning: Treating undriven bit /Users/yoyowang/Desktop/benchmark/router.aig.\dest_x[19] like $anyseq.
Warning: Treating undriven bit /Users/yoyowang/Desktop/benchmark/router.aig.\dest_x[20] like $anyseq.
Warning: Treating undriven bit /Users/yoyowang/Desktop/benchmark/router.aig.\dest_x[21] like $anyseq.
Warning: Treating undriven bit /Users/yoyowang/Desktop/benchmark/router.aig.\dest_x[22] like $anyseq.
Warning: Treating undriven bit /Users/yoyowang/Desktop/benchmark/router.aig.\dest_x[23] like $anyseq.
Warning: Treating undriven bit /Users/yoyowang/Desktop/benchmark/router.aig.\dest_x[24] like $anyseq.
Warning: Treating undriven bit /Users/yoyowang/Desktop/benchmark/router.aig.\dest_x[25] like $anyseq.
Warning: Treating undriven bit /Users/yoyowang/Desktop/benchmark/router.aig.\dest_x[26] like $anyseq.
Warning: Treating undriven bit /Users/yoyowang/Desktop/benchmark/router.aig.\dest_x[27] like $anyseq.
Warning: Treating undriven bit /Users/yoyowang/Desktop/benchmark/router.aig.\dest_x[28] like $anyseq.
Warning: Treating undriven bit /Users/yoyowang/Desktop/benchmark/router.aig.\dest_x[29] like $anyseq.
Warning: Treating undriven bit /Users/yoyowang/Desktop/benchmark/router.aig.\dest_y[0] like $anyseq.
Warning: Treating undriven bit /Users/yoyowang/Desktop/benchmark/router.aig.\dest_y[1] like $anyseq.
Warning: Treating undriven bit /Users/yoyowang/Desktop/benchmark/router.aig.\dest_y[2] like $anyseq.
Warning: Treating undriven bit /Users/yoyowang/Desktop/benchmark/router.aig.\dest_y[3] like $anyseq.
Warning: Treating undriven bit /Users/yoyowang/Desktop/benchmark/router.aig.\dest_y[4] like $anyseq.
Warning: Treating undriven bit /Users/yoyowang/Desktop/benchmark/router.aig.\dest_y[5] like $anyseq.
Warning: Treating undriven bit /Users/yoyowang/Desktop/benchmark/router.aig.\dest_y[6] like $anyseq.
Warning: Treating undriven bit /Users/yoyowang/Desktop/benchmark/router.aig.\dest_y[7] like $anyseq.
Warning: Treating undriven bit /Users/yoyowang/Desktop/benchmark/router.aig.\dest_y[8] like $anyseq.
Warning: Treating undriven bit /Users/yoyowang/Desktop/benchmark/router.aig.\dest_y[9] like $anyseq.
Warning: Treating undriven bit /Users/yoyowang/Desktop/benchmark/router.aig.\dest_y[10] like $anyseq.
Warning: Treating undriven bit /Users/yoyowang/Desktop/benchmark/router.aig.\dest_y[11] like $anyseq.
Warning: Treating undriven bit /Users/yoyowang/Desktop/benchmark/router.aig.\dest_y[12] like $anyseq.
Warning: Treating undriven bit /Users/yoyowang/Desktop/benchmark/router.aig.\dest_y[13] like $anyseq.
Warning: Treating undriven bit /Users/yoyowang/Desktop/benchmark/router.aig.\dest_y[14] like $anyseq.
Warning: Treating undriven bit /Users/yoyowang/Desktop/benchmark/router.aig.\dest_y[15] like $anyseq.
Warning: Treating undriven bit /Users/yoyowang/Desktop/benchmark/router.aig.\dest_y[16] like $anyseq.
Warning: Treating undriven bit /Users/yoyowang/Desktop/benchmark/router.aig.\dest_y[17] like $anyseq.
Warning: Treating undriven bit /Users/yoyowang/Desktop/benchmark/router.aig.\dest_y[18] like $anyseq.
Warning: Treating undriven bit /Users/yoyowang/Desktop/benchmark/router.aig.\dest_y[19] like $anyseq.
Warning: Treating undriven bit /Users/yoyowang/Desktop/benchmark/router.aig.\dest_y[20] like $anyseq.
Warning: Treating undriven bit /Users/yoyowang/Desktop/benchmark/router.aig.\dest_y[21] like $anyseq.
Warning: Treating undriven bit /Users/yoyowang/Desktop/benchmark/router.aig.\dest_y[22] like $anyseq.
Warning: Treating undriven bit /Users/yoyowang/Desktop/benchmark/router.aig.\dest_y[23] like $anyseq.
Warning: Treating undriven bit /Users/yoyowang/Desktop/benchmark/router.aig.\dest_y[24] like $anyseq.
Warning: Treating undriven bit /Users/yoyowang/Desktop/benchmark/router.aig.\dest_y[25] like $anyseq.
Warning: Treating undriven bit /Users/yoyowang/Desktop/benchmark/router.aig.\dest_y[26] like $anyseq.
Warning: Treating undriven bit /Users/yoyowang/Desktop/benchmark/router.aig.\dest_y[27] like $anyseq.
Warning: Treating undriven bit /Users/yoyowang/Desktop/benchmark/router.aig.\dest_y[28] like $anyseq.
Warning: Treating undriven bit /Users/yoyowang/Desktop/benchmark/router.aig.\dest_y[29] like $anyseq.
Warning: Treating a total of 60 undriven bits in /Users/yoyowang/Desktop/benchmark/router.aig like $anyseq.

Warnings: 61 unique messages, 61 total
End of script. Logfile hash: 11193987aa, CPU: user 0.02s system 0.00s, MEM: 17.55 MB peak
Yosys 0.60+64 (git sha1 e3af261e1-dirty, clang++ 17.0.0 -fPIC -O3)
Time spent: 37% 5x read_verilog (0 sec), 20% 3x opt_expr (0 sec), ...
