
 /----------------------------------------------------------------------------\
 |  yosys -- Yosys Open SYnthesis Suite                                       |
 |  Copyright (C) 2012 - 2025  Claire Xenia Wolf <claire@yosyshq.com>         |
 |  Distributed under an ISC-like license, type "license" to see terms        |
 \----------------------------------------------------------------------------/
 Yosys 0.60+64 (git sha1 e3af261e1-dirty, clang++ 17.0.0 -fPIC -O3)

-- Running command `
        read_aiger /Users/yoyowang/Desktop/benchmark/square.aig
        hierarchy -check -auto-top
        flatten
        aigmap
        write_aiger test_output_epfl/square_lut6d_gold_cec.aig
    ' --

1. Executing AIGER frontend.
<suppressed ~1 debug messages>
Removed 0 unused cells and 191 unused wires.

2. Executing HIERARCHY pass (managing design hierarchy).

2.1. Finding top of design hierarchy..
root of   0 design levels: /Users/yoyowang/Desktop/benchmark/square.aig
Automatically selected /Users/yoyowang/Desktop/benchmark/square.aig as design top module.

2.2. Analyzing design hierarchy..
Top module:  \/Users/yoyowang/Desktop/benchmark/square.aig

2.3. Analyzing design hierarchy..
Top module:  \/Users/yoyowang/Desktop/benchmark/square.aig
Removed 0 unused modules.

3. Executing FLATTEN pass (flatten design).

4. Executing AIGMAP pass (map logic to AIG).
Module /Users/yoyowang/Desktop/benchmark/square.aig: replaced 0 cells with 0 new cells, skipped 35564 cells.
  not replaced 2 cell types:
   18484 $_AND_
   17080 $_NOT_

5. Executing AIGER backend.

End of script. Logfile hash: 0d5f8b2908, CPU: user 0.13s system 0.01s, MEM: 68.14 MB peak
Yosys 0.60+64 (git sha1 e3af261e1-dirty, clang++ 17.0.0 -fPIC -O3)
Time spent: 55% 1x clean (0 sec), 16% 2x read_aiger (0 sec), ...
