
 /----------------------------------------------------------------------------\
 |  yosys -- Yosys Open SYnthesis Suite                                       |
 |  Copyright (C) 2012 - 2025  Claire Xenia Wolf <claire@yosyshq.com>         |
 |  Distributed under an ISC-like license, type "license" to see terms        |
 \----------------------------------------------------------------------------/
 Yosys 0.60+64 (git sha1 e3af261e1-dirty, clang++ 17.0.0 -fPIC -O3)

-- Running command `
        read_aiger /Users/yoyowang/Desktop/benchmark/square.aig
        hierarchy -check -auto-top
        proc; opt; techmap; opt;
        # 先用ABC生成K=6单输出LUT基线，再由lut6d_map执行双输出打包
        abc -lut 6
        opt
        lut6d_map
        clean
        stat
        write_verilog test_output_epfl/square_lut6d_mapped.v
    ' --

1. Executing AIGER frontend.
<suppressed ~1 debug messages>
Removed 0 unused cells and 191 unused wires.

2. Executing HIERARCHY pass (managing design hierarchy).

2.1. Finding top of design hierarchy..
root of   0 design levels: /Users/yoyowang/Desktop/benchmark/square.aig
Automatically selected /Users/yoyowang/Desktop/benchmark/square.aig as design top module.

2.2. Analyzing design hierarchy..
Top module:  \/Users/yoyowang/Desktop/benchmark/square.aig

2.3. Analyzing design hierarchy..
Top module:  \/Users/yoyowang/Desktop/benchmark/square.aig
Removed 0 unused modules.

3. Executing PROC pass (convert processes to netlists).

3.1. Executing PROC_CLEAN pass (remove empty switches from decision trees).
Cleaned up 0 empty switches.

3.2. Executing PROC_RMDEAD pass (remove dead branches from decision trees).
Removed a total of 0 dead cases.

3.3. Executing PROC_PRUNE pass (remove redundant assignments in processes).
Removed 0 redundant assignments.
Promoted 0 assignments to connections.

3.4. Executing PROC_INIT pass (extract init attributes).

3.5. Executing PROC_ARST pass (detect async resets in processes).

3.6. Executing PROC_ROM pass (convert switches to ROMs).
Converted 0 switches.

3.7. Executing PROC_MUX pass (convert decision trees to multiplexers).

3.8. Executing PROC_DLATCH pass (convert process syncs to latches).

3.9. Executing PROC_DFF pass (convert process syncs to FFs).

3.10. Executing PROC_MEMWR pass (convert process memory writes to cells).

3.11. Executing PROC_CLEAN pass (remove empty switches from decision trees).
Cleaned up 0 empty switches.

3.12. Executing OPT_EXPR pass (perform const folding).
Optimizing module /Users/yoyowang/Desktop/benchmark/square.aig.

4. Executing OPT pass (performing simple optimizations).

4.1. Executing OPT_EXPR pass (perform const folding).
Optimizing module /Users/yoyowang/Desktop/benchmark/square.aig.

4.2. Executing OPT_MERGE pass (detect identical cells).
Finding identical cells in module `\/Users/yoyowang/Desktop/benchmark/square.aig'.
Removed a total of 0 cells.

4.3. Executing OPT_MUXTREE pass (detect dead branches in mux trees).
Running muxtree optimizer on module \/Users/yoyowang/Desktop/benchmark/square.aig..
  Creating internal representation of mux trees.
  No muxes found in this module.
Removed 0 multiplexer ports.

4.4. Executing OPT_REDUCE pass (consolidate $*mux and $reduce_* inputs).
  Optimizing cells in module \/Users/yoyowang/Desktop/benchmark/square.aig.
Performed a total of 0 changes.

4.5. Executing OPT_MERGE pass (detect identical cells).
Finding identical cells in module `\/Users/yoyowang/Desktop/benchmark/square.aig'.
Removed a total of 0 cells.

4.6. Executing OPT_DFF pass (perform DFF optimizations).

4.7. Executing OPT_CLEAN pass (remove unused cells and wires).
Finding unused cells or wires in module \/Users/yoyowang/Desktop/benchmark/square.aig..

4.8. Executing OPT_EXPR pass (perform const folding).
Optimizing module /Users/yoyowang/Desktop/benchmark/square.aig.

4.9. Finished fast OPT passes. (There is nothing left to do.)

5. Executing TECHMAP pass (map to technology primitives).

5.1. Executing Verilog-2005 frontend: /Users/yoyowang/Desktop/yosysDualOutputLUT/share/techmap.v
Parsing Verilog input from `/Users/yoyowang/Desktop/yosysDualOutputLUT/share/techmap.v' to AST representation.
verilog frontend filename /Users/yoyowang/Desktop/yosysDualOutputLUT/share/techmap.v
Generating RTLIL representation for module `\_90_simplemap_bool_ops'.
Generating RTLIL representation for module `\_90_simplemap_reduce_ops'.
Generating RTLIL representation for module `\_90_simplemap_logic_ops'.
Generating RTLIL representation for module `\_90_simplemap_compare_ops'.
Generating RTLIL representation for module `\_90_simplemap_various'.
Generating RTLIL representation for module `\_90_simplemap_registers'.
Generating RTLIL representation for module `\_90_shift_ops_shr_shl_sshl_sshr'.
Generating RTLIL representation for module `\_90_shift_shiftx'.
Generating RTLIL representation for module `\_90_fa'.
Generating RTLIL representation for module `\_90_lcu_brent_kung'.
Generating RTLIL representation for module `\_90_alu'.
Generating RTLIL representation for module `\_90_macc'.
Generating RTLIL representation for module `\_90_alumacc'.
Generating RTLIL representation for module `\$__div_mod_u'.
Generating RTLIL representation for module `\$__div_mod_trunc'.
Generating RTLIL representation for module `\_90_div'.
Generating RTLIL representation for module `\_90_mod'.
Generating RTLIL representation for module `\$__div_mod_floor'.
Generating RTLIL representation for module `\_90_divfloor'.
Generating RTLIL representation for module `\_90_modfloor'.
Generating RTLIL representation for module `\_90_pow'.
Generating RTLIL representation for module `\_90_pmux'.
Generating RTLIL representation for module `\_90_demux'.
Generating RTLIL representation for module `\_90_lut'.
Generating RTLIL representation for module `\$connect'.
Generating RTLIL representation for module `\$input_port'.
Successfully finished Verilog frontend.

5.2. Continuing TECHMAP pass.
No more expansions possible.
<suppressed ~77 debug messages>

6. Executing OPT pass (performing simple optimizations).

6.1. Executing OPT_EXPR pass (perform const folding).
Optimizing module /Users/yoyowang/Desktop/benchmark/square.aig.

6.2. Executing OPT_MERGE pass (detect identical cells).
Finding identical cells in module `\/Users/yoyowang/Desktop/benchmark/square.aig'.
Removed a total of 0 cells.

6.3. Executing OPT_MUXTREE pass (detect dead branches in mux trees).
Running muxtree optimizer on module \/Users/yoyowang/Desktop/benchmark/square.aig..
  Creating internal representation of mux trees.
  No muxes found in this module.
Removed 0 multiplexer ports.

6.4. Executing OPT_REDUCE pass (consolidate $*mux and $reduce_* inputs).
  Optimizing cells in module \/Users/yoyowang/Desktop/benchmark/square.aig.
Performed a total of 0 changes.

6.5. Executing OPT_MERGE pass (detect identical cells).
Finding identical cells in module `\/Users/yoyowang/Desktop/benchmark/square.aig'.
Removed a total of 0 cells.

6.6. Executing OPT_DFF pass (perform DFF optimizations).

6.7. Executing OPT_CLEAN pass (remove unused cells and wires).
Finding unused cells or wires in module \/Users/yoyowang/Desktop/benchmark/square.aig..

6.8. Executing OPT_EXPR pass (perform const folding).
Optimizing module /Users/yoyowang/Desktop/benchmark/square.aig.

6.9. Finished fast OPT passes. (There is nothing left to do.)

7. Executing ABC pass (technology mapping using ABC).

7.1. Extracting gate netlist of module `\/Users/yoyowang/Desktop/benchmark/square.aig' to `<abc-temp-dir>/input.blif'..

7.1.1. Executed ABC.
Extracted 35564 gates and 35628 wires to a netlist network with 64 inputs and 126 outputs.
Running ABC script: <abc-temp-dir>/abc.script
ABC: 
ABC: ======== ABC command line "source <abc-temp-dir>/abc.script"
ABC: + read_blif <abc-temp-dir>/input.blif 
ABC: + read_lut /var/folders/6m/kyf8390j1xl9kqlndxdjdvfc0000gn/T/yosys-abc-5xu4NA/lutdefs.txt 
ABC: + strash 
ABC: + &get -n 
ABC: + &fraig -x 
ABC: + &put 
ABC: + scorr 
ABC: Warning: The network is combinational (run "fraig" or "fraig_sweep").
ABC: + dc2 
ABC: + dretime 
ABC: + strash 
ABC: + dch -f 
ABC: + if 
ABC: + mfs2 
ABC: + lutpack -S 1 
ABC: + write_blif <abc-temp-dir>/output.blif 

7.1.2. Re-integrating ABC results.
ABC RESULTS:              $lut cells:     4061
ABC RESULTS:        internal signals:    35438
ABC RESULTS:           input signals:       64
ABC RESULTS:          output signals:      126
Removing temp directory.
Removing global temp directory.

8. Executing OPT pass (performing simple optimizations).

8.1. Executing OPT_EXPR pass (perform const folding).
Optimizing module /Users/yoyowang/Desktop/benchmark/square.aig.

8.2. Executing OPT_MERGE pass (detect identical cells).
Finding identical cells in module `\/Users/yoyowang/Desktop/benchmark/square.aig'.
Removed a total of 0 cells.

8.3. Executing OPT_MUXTREE pass (detect dead branches in mux trees).
Running muxtree optimizer on module \/Users/yoyowang/Desktop/benchmark/square.aig..
  Creating internal representation of mux trees.
  No muxes found in this module.
Removed 0 multiplexer ports.

8.4. Executing OPT_REDUCE pass (consolidate $*mux and $reduce_* inputs).
  Optimizing cells in module \/Users/yoyowang/Desktop/benchmark/square.aig.
Performed a total of 0 changes.

8.5. Executing OPT_MERGE pass (detect identical cells).
Finding identical cells in module `\/Users/yoyowang/Desktop/benchmark/square.aig'.
Removed a total of 0 cells.

8.6. Executing OPT_DFF pass (perform DFF optimizations).

8.7. Executing OPT_CLEAN pass (remove unused cells and wires).
Finding unused cells or wires in module \/Users/yoyowang/Desktop/benchmark/square.aig..
Removed 0 unused cells and 35628 unused wires.
<suppressed ~1 debug messages>

8.8. Executing OPT_EXPR pass (perform const folding).
Optimizing module /Users/yoyowang/Desktop/benchmark/square.aig.

8.9. Rerunning OPT passes. (Maybe there is more to do..)

8.10. Executing OPT_MUXTREE pass (detect dead branches in mux trees).
Running muxtree optimizer on module \/Users/yoyowang/Desktop/benchmark/square.aig..
  Creating internal representation of mux trees.
  No muxes found in this module.
Removed 0 multiplexer ports.

8.11. Executing OPT_REDUCE pass (consolidate $*mux and $reduce_* inputs).
  Optimizing cells in module \/Users/yoyowang/Desktop/benchmark/square.aig.
Performed a total of 0 changes.

8.12. Executing OPT_MERGE pass (detect identical cells).
Finding identical cells in module `\/Users/yoyowang/Desktop/benchmark/square.aig'.
Removed a total of 0 cells.

8.13. Executing OPT_DFF pass (perform DFF optimizations).

8.14. Executing OPT_CLEAN pass (remove unused cells and wires).
Finding unused cells or wires in module \/Users/yoyowang/Desktop/benchmark/square.aig..

8.15. Executing OPT_EXPR pass (perform const folding).
Optimizing module /Users/yoyowang/Desktop/benchmark/square.aig.

8.16. Finished fast OPT passes. (There is nothing left to do.)

9. Start MapperPass

10. Continuing MapperPass pass.
Cleaning up global data structures...
Memory cleanup complete.
Runtime budget: gates=4061 cuts=144 pairs=32 disjoint=20 layer_cuts=3 i5=8 rounds=8 postpack1_win=640 postpack2_limit=6144 postpack2_win=256 postpack2_chunks=2 seed_mul=14
Initializing estimated reference counts (ABC-style)...
Phase 1: Generating cuts for all nodes...

Phase 2: Computing arrival and required times (ABC-style)...
  Computing arrival times (forward pass)...
  Computing required times (backward pass)...
    Global max arrival time (critical path): 51.00
    Found 0 nodes on or near critical path (slack < 0.5)

Phase 2.25: Recomputing ref-counts from best cuts...

Phase 2.5: Multi-round mapping optimization (ABC-style, 8 rounds)...
  Round 1: delay optimization...
  Computing arrival times (forward pass)...
    Round 1 result: estimated LUTs=4061, max_delay=50.0, changed=0
  Round 2: area optimization...
  Computing arrival times (forward pass)...
    Round 2 result: estimated LUTs=4061, max_delay=50.0, changed=0
    Early stop: best cuts converged at round 2

Phase 2.75: Exact area-recovery rounds (2 rounds)...
  Computing arrival times (forward pass)...
    Final area round 1: changed=0

Phase 3: Skipping non-decision bit-state simulation...

Pre-computing protected signals (all best cut leaves)...
  Total protected signals: 3999

=== Covering Mode 1: Standard dual-enabled ===

=== Layer-Based Covering Algorithm ===
  Dual-output pairing: enabled
  Layer 1: 126 signals to cover
Warning: Layer covering: no valid LUT6D mapping for $abc$77$auto$blifparse.cc:536:parse_blif$4087/$abc$77$auto$blifparse.cc:536:parse_blif$2322 (shared=2, total_inputs=6)
Warning:     shared inputs: \a[0] \a[1]
Warning:     node cut leaves: \a[1] \a[0]
Warning:     cand cut leaves: \a[0] \a[3] \a[5] \a[1] \a[4] \a[2]
Warning:     merged cut leaves: \a[2] \a[4] \a[5] \a[3] \a[1] \a[0]
Warning:     potential I5: \a[1] \a[0] \a[2] \a[4] \a[5] \a[3]
Warning: Layer covering: no valid LUT6D mapping for $abc$77$auto$blifparse.cc:536:parse_blif$4087/$abc$77$auto$blifparse.cc:536:parse_blif$2322 (shared=2, total_inputs=6)
Warning:     shared inputs: \a[0] \a[1]
Warning:     node cut leaves: \a[1] \a[0]
Warning:     cand cut leaves: \a[0] \a[3] \a[5] \a[1] \a[4] \a[2]
Warning:     merged cut leaves: \a[2] \a[4] \a[5] \a[3] \a[1] \a[0]
Warning:     potential I5: \a[1] \a[0] \a[2] \a[4] \a[5] \a[3]
Warning: Layer covering: no valid LUT6D mapping for $abc$77$auto$blifparse.cc:536:parse_blif$4087/$abc$77$auto$blifparse.cc:536:parse_blif$2322 (shared=2, total_inputs=6)
Warning:     shared inputs: \a[0] \a[1]
Warning:     node cut leaves: \a[1] \a[0]
Warning:     cand cut leaves: \a[0] \a[3] \a[5] \a[1] \a[4] \a[2]
Warning:     merged cut leaves: \a[2] \a[4] \a[5] \a[3] \a[1] \a[0]
Warning:     potential I5: \a[1] \a[0] \a[2] \a[4] \a[5] \a[3]
Warning: Layer covering: no valid LUT6D mapping for $abc$77$auto$blifparse.cc:536:parse_blif$4087/$abc$77$auto$blifparse.cc:536:parse_blif$2322 (shared=2, total_inputs=6)
Warning:     shared inputs: \a[0] \a[1]
Warning:     node cut leaves: \a[1] \a[0]
Warning:     cand cut leaves: \a[0] \a[3] \a[5] \a[1] \a[4] \a[2]
Warning:     merged cut leaves: \a[2] \a[4] \a[5] \a[3] \a[1] \a[0]
Warning:     potential I5: \a[1] \a[0] \a[2] \a[4] \a[5] \a[3]
Warning: Layer covering: no valid LUT6D mapping for $abc$77$auto$blifparse.cc:536:parse_blif$4091/$abc$77$auto$blifparse.cc:536:parse_blif$2322 (shared=3, total_inputs=6)
Warning:     shared inputs: \a[2] \a[1] \a[0]
Warning:     node cut leaves: \a[0] \a[1] \a[2]
Warning:     cand cut leaves: \a[0] \a[3] \a[5] \a[1] \a[4] \a[2]
Warning:     merged cut leaves: \a[4] \a[5] \a[3] \a[0] \a[1] \a[2]
Warning:     potential I5: \a[0] \a[1] \a[2] \a[4] \a[5] \a[3]
Warning: Layer covering: no valid LUT6D mapping for $abc$77$auto$blifparse.cc:536:parse_blif$4091/$abc$77$auto$blifparse.cc:536:parse_blif$2322 (shared=3, total_inputs=6)
Warning:     shared inputs: \a[2] \a[1] \a[0]
Warning:     node cut leaves: \a[0] \a[1] \a[2]
Warning:     cand cut leaves: \a[0] \a[3] \a[5] \a[1] \a[4] \a[2]
Warning:     merged cut leaves: \a[4] \a[5] \a[3] \a[0] \a[1] \a[2]
Warning:     potential I5: \a[0] \a[1] \a[2] \a[4] \a[5] \a[3]
Warning: Layer covering: no valid LUT6D mapping for $abc$77$auto$blifparse.cc:536:parse_blif$4091/$abc$77$auto$blifparse.cc:536:parse_blif$2322 (shared=3, total_inputs=6)
Warning:     shared inputs: \a[2] \a[1] \a[0]
Warning:     node cut leaves: \a[0] \a[1] \a[2]
Warning:     cand cut leaves: \a[0] \a[3] \a[5] \a[1] \a[4] \a[2]
Warning:     merged cut leaves: \a[4] \a[5] \a[3] \a[0] \a[1] \a[2]
Warning:     potential I5: \a[0] \a[1] \a[2] \a[4] \a[5] \a[3]
Warning: Layer covering: no valid LUT6D mapping for $abc$77$auto$blifparse.cc:536:parse_blif$4091/$abc$77$auto$blifparse.cc:536:parse_blif$2322 (shared=3, total_inputs=6)
Warning:     shared inputs: \a[2] \a[1] \a[0]
Warning:     node cut leaves: \a[0] \a[1] \a[2]
Warning:     cand cut leaves: \a[0] \a[3] \a[5] \a[1] \a[4] \a[2]
Warning:     merged cut leaves: \a[4] \a[5] \a[3] \a[0] \a[1] \a[2]
Warning:     potential I5: \a[0] \a[1] \a[2] \a[4] \a[5] \a[3]
Warning: Layer covering: no valid LUT6D mapping for $abc$77$auto$blifparse.cc:536:parse_blif$4091/$abc$77$auto$blifparse.cc:536:parse_blif$3624 (shared=0, total_inputs=6)
Warning:     shared inputs:
Warning:     node cut leaves: \a[0] \a[1] \a[2]
Warning:     cand cut leaves: $abc$77$new_n323 $abc$77$new_n320 $abc$77$new_n319
Warning:     merged cut leaves: $abc$77$new_n319 $abc$77$new_n320 $abc$77$new_n323 \a[0] \a[1] \a[2]
Warning:     potential I5: $abc$77$new_n319 $abc$77$new_n320 $abc$77$new_n323 \a[2] \a[1] \a[0]
Warning: Layer covering: no valid LUT6D mapping for $abc$77$auto$blifparse.cc:536:parse_blif$4091/$abc$77$auto$blifparse.cc:536:parse_blif$3624 (shared=0, total_inputs=6)
Warning:     shared inputs:
Warning:     node cut leaves: \a[0] \a[1] \a[2]
Warning:     cand cut leaves: $abc$77$new_n323 $abc$77$new_n320 $abc$77$new_n319
Warning:     merged cut leaves: $abc$77$new_n319 $abc$77$new_n320 $abc$77$new_n323 \a[0] \a[1] \a[2]
Warning:     potential I5: $abc$77$new_n319 $abc$77$new_n320 $abc$77$new_n323 \a[2] \a[1] \a[0]
Warning: Layer covering: no valid LUT6D mapping for $abc$77$auto$blifparse.cc:536:parse_blif$4091/$abc$77$auto$blifparse.cc:536:parse_blif$3624 (shared=0, total_inputs=6)
Warning:     shared inputs:
Warning:     node cut leaves: \a[0] \a[1] \a[2]
Warning:     cand cut leaves: $abc$77$new_n323 $abc$77$new_n320 $abc$77$new_n319
Warning:     merged cut leaves: $abc$77$new_n319 $abc$77$new_n320 $abc$77$new_n323 \a[0] \a[1] \a[2]
Warning:     potential I5: $abc$77$new_n319 $abc$77$new_n320 $abc$77$new_n323 \a[2] \a[1] \a[0]
Warning: Layer covering: no valid LUT6D mapping for $abc$77$auto$blifparse.cc:536:parse_blif$4091/$abc$77$auto$blifparse.cc:536:parse_blif$3624 (shared=0, total_inputs=6)
Warning:     shared inputs:
Warning:     node cut leaves: \a[0] \a[1] \a[2]
Warning:     cand cut leaves: $abc$77$new_n323 $abc$77$new_n320 $abc$77$new_n319
Warning:     merged cut leaves: $abc$77$new_n319 $abc$77$new_n320 $abc$77$new_n323 \a[0] \a[1] \a[2]
Warning:     potential I5: $abc$77$new_n319 $abc$77$new_n320 $abc$77$new_n323 \a[2] \a[1] \a[0]
Warning: Layer covering: no valid LUT6D mapping for $abc$77$auto$blifparse.cc:536:parse_blif$4091/$abc$77$auto$blifparse.cc:536:parse_blif$4041 (shared=0, total_inputs=6)
Warning:     shared inputs:
Warning:     node cut leaves: \a[0] \a[1] \a[2]
Warning:     cand cut leaves: $abc$77$new_n312 $abc$77$new_n311 $abc$77$new_n306
Warning:     merged cut leaves: $abc$77$new_n306 $abc$77$new_n311 $abc$77$new_n312 \a[0] \a[1] \a[2]
Warning:     potential I5: $abc$77$new_n306 $abc$77$new_n311 $abc$77$new_n312 \a[2] \a[1] \a[0]
Warning: Layer covering: no valid LUT6D mapping for $abc$77$auto$blifparse.cc:536:parse_blif$4091/$abc$77$auto$blifparse.cc:536:parse_blif$4041 (shared=0, total_inputs=6)
Warning:     shared inputs:
Warning:     node cut leaves: \a[0] \a[1] \a[2]
Warning:     cand cut leaves: $abc$77$new_n312 $abc$77$new_n311 $abc$77$new_n306
Warning:     merged cut leaves: $abc$77$new_n306 $abc$77$new_n311 $abc$77$new_n312 \a[0] \a[1] \a[2]
Warning:     potential I5: $abc$77$new_n306 $abc$77$new_n311 $abc$77$new_n312 \a[2] \a[1] \a[0]
Warning: Layer covering: no valid LUT6D mapping for $abc$77$auto$blifparse.cc:536:parse_blif$4091/$abc$77$auto$blifparse.cc:536:parse_blif$4041 (shared=0, total_inputs=6)
Warning:     shared inputs:
Warning:     node cut leaves: \a[0] \a[1] \a[2]
Warning:     cand cut leaves: $abc$77$new_n312 $abc$77$new_n311 $abc$77$new_n306
Warning:     merged cut leaves: $abc$77$new_n306 $abc$77$new_n311 $abc$77$new_n312 \a[0] \a[1] \a[2]
Warning:     potential I5: $abc$77$new_n306 $abc$77$new_n311 $abc$77$new_n312 \a[2] \a[1] \a[0]
Warning: Layer covering: no valid LUT6D mapping for $abc$77$auto$blifparse.cc:536:parse_blif$4091/$abc$77$auto$blifparse.cc:536:parse_blif$4041 (shared=0, total_inputs=6)
Warning:     shared inputs:
Warning:     node cut leaves: \a[0] \a[1] \a[2]
Warning:     cand cut leaves: $abc$77$new_n312 $abc$77$new_n311 $abc$77$new_n306
Warning:     merged cut leaves: $abc$77$new_n306 $abc$77$new_n311 $abc$77$new_n312 \a[0] \a[1] \a[2]
Warning:     potential I5: $abc$77$new_n306 $abc$77$new_n311 $abc$77$new_n312 \a[2] \a[1] \a[0]
Warning: Layer covering: no valid LUT6D mapping for $abc$77$auto$blifparse.cc:536:parse_blif$4091/$abc$77$auto$blifparse.cc:536:parse_blif$4046 (shared=0, total_inputs=6)
Warning:     shared inputs:
Warning:     node cut leaves: \a[0] \a[1] \a[2]
Warning:     cand cut leaves: $abc$77$new_n4168 $abc$77$new_n305 $abc$77$new_n299
Warning:     merged cut leaves: $abc$77$new_n299 $abc$77$new_n305 $abc$77$new_n4168 \a[0] \a[1] \a[2]
Warning:     potential I5: $abc$77$new_n299 $abc$77$new_n305 $abc$77$new_n4168 \a[2] \a[1] \a[0]
Warning: Layer covering: no valid LUT6D mapping for $abc$77$auto$blifparse.cc:536:parse_blif$4091/$abc$77$auto$blifparse.cc:536:parse_blif$4046 (shared=0, total_inputs=6)
Warning:     shared inputs:
Warning:     node cut leaves: \a[0] \a[1] \a[2]
Warning:     cand cut leaves: $abc$77$new_n4168 $abc$77$new_n305 $abc$77$new_n299
Warning:     merged cut leaves: $abc$77$new_n299 $abc$77$new_n305 $abc$77$new_n4168 \a[0] \a[1] \a[2]
Warning:     potential I5: $abc$77$new_n299 $abc$77$new_n305 $abc$77$new_n4168 \a[2] \a[1] \a[0]
Warning: Layer covering: no valid LUT6D mapping for $abc$77$auto$blifparse.cc:536:parse_blif$4091/$abc$77$auto$blifparse.cc:536:parse_blif$4046 (shared=0, total_inputs=6)
Warning:     shared inputs:
Warning:     node cut leaves: \a[0] \a[1] \a[2]
Warning:     cand cut leaves: $abc$77$new_n4168 $abc$77$new_n305 $abc$77$new_n299
Warning:     merged cut leaves: $abc$77$new_n299 $abc$77$new_n305 $abc$77$new_n4168 \a[0] \a[1] \a[2]
Warning:     potential I5: $abc$77$new_n299 $abc$77$new_n305 $abc$77$new_n4168 \a[2] \a[1] \a[0]
Warning: Layer covering: no valid LUT6D mapping for $abc$77$auto$blifparse.cc:536:parse_blif$4091/$abc$77$auto$blifparse.cc:536:parse_blif$4046 (shared=0, total_inputs=6)
Warning:     shared inputs:
Warning:     node cut leaves: \a[0] \a[1] \a[2]
Warning:     cand cut leaves: $abc$77$new_n4168 $abc$77$new_n305 $abc$77$new_n299
Warning:     merged cut leaves: $abc$77$new_n299 $abc$77$new_n305 $abc$77$new_n4168 \a[0] \a[1] \a[2]
Warning:     potential I5: $abc$77$new_n299 $abc$77$new_n305 $abc$77$new_n4168 \a[2] \a[1] \a[0]
    Generated 312 candidates: 186 dual, 126 single
    Selected: 72 dual-output, 7 single-output LUTs
  Layer 2: 321 signals to cover
    Generated 5996 candidates: 5700 dual, 296 single
    Selected: 143 dual-output, 41 single-output LUTs
  Layer 3: 472 signals to cover
    Generated 1455 candidates: 1148 dual, 307 single
    Selected: 156 dual-output, 60 single-output LUTs
  Layer 4: 671 signals to cover
    Generated 2610 candidates: 2136 dual, 474 single
    Selected: 242 dual-output, 84 single-output LUTs
  Layer 5: 790 signals to cover
    Generated 1666 candidates: 1001 dual, 665 single
    Selected: 295 dual-output, 190 single-output LUTs
  Layer 6: 1118 signals to cover
    Generated 2996 candidates: 2076 dual, 920 single
    Selected: 230 dual-output, 518 single-output LUTs
  Layer 7: 992 signals to cover
    Generated 4245 candidates: 3500 dual, 745 single
    Selected: 114 dual-output, 527 single-output LUTs
  Layer 8: 293 signals to cover
    Generated 368 candidates: 238 dual, 130 single
    Selected: 9 dual-output, 112 single-output LUTs
  Layer 9: 19 signals to cover
    All signals covered or are PIs
  Total layers: 9
  Total LUTs: 1261 dual-output + 1539 single-output = 2800

=== Covering Mode 3: Best-cut single-output ===
  Post-packing: merged 5 single-LUT pairs into dual LUTs
  Post-packing: merged 1228 single-LUT pairs into dual LUTs
  Post-packing pass 2 chunk 1/1: merged 1 pairs
  Post-packing pass 2 (alt-cuts): merged 1 more pairs
  Covering mode decision: mode1=2795, mode2=skipped, mode3=2832, picked=standard-dual (2795 LUTs)

Total LUT6D cells to be added: 1266
Total single-output LUTs to be added: 1529
Removed 4061 original cells covered by LUT outputs

Final: 1266 LUT6D + 1529 single LUT = 2795 total LUTs
Cleaning up global data structures...
Memory cleanup complete.
<suppressed ~41253 debug messages>

. Printing statistics.

=== /Users/yoyowang/Desktop/benchmark/square.aig ===

        +----------Local Count, excluding submodules.
        | 
     4127 wires
     4127 wire bits
      192 public wires
      192 public wire bits
      192 ports
      192 port bits
     2795 cells
       46   GTP_LUT3
        6   GTP_LUT4
      926   GTP_LUT4D
       18   GTP_LUT5
       84   GTP_LUT5D
     1459   GTP_LUT6
      256   GTP_LUT6D

. Executing Verilog backend.

1. Executing BMUXMAP pass.

2. Executing DEMUXMAP pass.
Dumping module `\/Users/yoyowang/Desktop/benchmark/square.aig'.

Warnings: 24 unique messages, 120 total
End of script. Logfile hash: 34bb690289, CPU: user 3.48s system 0.06s, MEM: 160.30 MB peak
Yosys 0.60+64 (git sha1 e3af261e1-dirty, clang++ 17.0.0 -fPIC -O3)
Time spent: 45% 1x lut6d_map (2 sec), 38% 1x abc (2 sec), ...
